YEAR 2021 | zoom 12 (~19 m cells) | BINARY point classification (matches v1 30 m)
Earth Engine: computing CONUS farmland share ...
  farmland 1,929,244 km^2 of 8,080,060 km^2 land  => 23.88% of CONUS
GBIF x NLCD overlay: 390 chunks @ zoom 12  (resumable in ~/.csotf_pointmethod_ckpt)
  chunk 1/390 (1 done): 0 obs, 0 on-ag
  chunk 2/390 (2 done): 0 obs, 0 on-ag
  chunk 3/390 (3 done): 0 obs, 0 on-ag
  chunk 4/390 (4 done): 34 obs, 0 on-ag
  chunk 5/390 (5 done): 74 obs, 0 on-ag
  chunk 6/390 (6 done): 26 obs, 0 on-ag
  chunk 7/390 (7 done): 210,305 obs, 179 on-ag
  chunk 8/390 (8 done): 184,221 obs, 10,813 on-ag
  chunk 9/390 (9 done): 401,138 obs, 26,187 on-ag
  chunk 10/390 (10 done): 675,007 obs, 118,480 on-ag
  chunk 11/390 (11 done): 1,049,651 obs, 137,593 on-ag
  chunk 12/390 (12 done): 462,575 obs, 54,826 on-ag
  chunk 13/390 (13 done): 76,149 obs, 12,886 on-ag
  chunk 14/390 (14 done): 0 obs, 0 on-ag
  chunk 15/390 (15 done): 0 obs, 0 on-ag
  chunk 16/390 (16 done): 0 obs, 0 on-ag
  chunk 17/390 (17 done): 129 obs, 0 on-ag
  chunk 18/390 (18 done): 1,989 obs, 0 on-ag
  chunk 19/390 (19 done): 172,580 obs, 553 on-ag
  chunk 20/390 (20 done): 4,802,756 obs, 226,795 on-ag
  chunk 21/390 (21 done): 1,228,286 obs, 195,301 on-ag
  chunk 22/390 (22 done): 379,755 obs, 22,623 on-ag
  chunk 23/390 (23 done): 413,277 obs, 25,404 on-ag
  chunk 24/390 (24 done): 1,281,363 obs, 166,688 on-ag
  chunk 25/390 (25 done): 2,482,912 obs, 130,851 on-ag
  chunk 26/390 (26 done): 295,683 obs, 30,854 on-ag
  chunk 27/390 (27 done): 0 obs, 0 on-ag
  chunk 28/390 (28 done): 0 obs, 0 on-ag
  chunk 29/390 (29 done): 0 obs, 0 on-ag
  chunk 30/390 (30 done): 942 obs, 0 on-ag
  chunk 31/390 (31 done): 574,483 obs, 4,313 on-ag
  chunk 32/390 (32 done): 658,244 obs, 20,315 on-ag
  chunk 33/390 (33 done): 451,927 obs, 17,593 on-ag
  chunk 34/390 (34 done): 400,282 obs, 12,323 on-ag
  chunk 35/390 (35 done): 33,253 obs, 1,494 on-ag
  chunk 36/390 (36 done): 102,807 obs, 5,791 on-ag
  chunk 37/390 (37 done): 204,661 obs, 19,600 on-ag
  chunk 38/390 (38 done): 299,933 obs, 18,846 on-ag
  chunk 39/390 (39 done): 42,815 obs, 1,010 on-ag
  chunk 40/390 (40 done): 0 obs, 0 on-ag
  chunk 41/390 (41 done): 0 obs, 0 on-ag
  chunk 42/390 (42 done): 0 obs, 0 on-ag
  chunk 43/390 (43 done): 7,583 obs, 20 on-ag
  chunk 44/390 (44 done): 3,721,380 obs, 21,467 on-ag
  chunk 45/390 (45 done): 266,372 obs, 10,385 on-ag
  chunk 46/390 (46 done): 130,277 obs, 7,743 on-ag
  chunk 47/390 (47 done): 18,766 obs, 282 on-ag
  chunk 48/390 (48 done): 15,752 obs, 5,119 on-ag
  chunk 49/390 (49 done): 131,274 obs, 1,584 on-ag
  chunk 50/390 (50 done): 239,983 obs, 24,914 on-ag
  chunk 51/390 (51 done): 222,535 obs, 10,610 on-ag
  chunk 52/390 (52 done): 21,237 obs, 654 on-ag
  chunk 53/390 (53 done): 0 obs, 0 on-ag
  chunk 54/390 (54 done): 0 obs, 0 on-ag
  chunk 55/390 (55 done): 0 obs, 0 on-ag
  chunk 56/390 (56 done): 324 obs, 5 on-ag
  chunk 57/390 (57 done): 807,547 obs, 25,600 on-ag
  chunk 58/390 (58 done): 269,630 obs, 860 on-ag
  chunk 59/390 (59 done): 27,064 obs, 29 on-ag
  chunk 60/390 (60 done): 7,491 obs, 39 on-ag
  chunk 61/390 (61 done): 22,985 obs, 375 on-ag
  chunk 62/390 (62 done): 415,054 obs, 51,731 on-ag
  chunk 63/390 (63 done): 58,147 obs, 2,713 on-ag
  chunk 64/390 (64 done): 130,588 obs, 6,239 on-ag
  chunk 65/390 (65 done): 26,883 obs, 2,204 on-ag
  chunk 66/390 (66 done): 0 obs, 0 on-ag
  chunk 67/390 (67 done): 0 obs, 0 on-ag
  chunk 68/390 (68 done): 0 obs, 0 on-ag
  chunk 69/390 (69 done): 3,162 obs, 113 on-ag
  chunk 70/390 (70 done): 70,697 obs, 8,084 on-ag
  chunk 71/390 (71 done): 172,780 obs, 22 on-ag
  chunk 72/390 (72 done): 111,010 obs, 1,049 on-ag
  chunk 73/390 (73 done): 13,143 obs, 163 on-ag
  chunk 74/390 (74 done): 60,728 obs, 5,154 on-ag
  chunk 75/390 (75 done): 87,948 obs, 9,123 on-ag
  chunk 76/390 (76 done): 67,509 obs, 3,706 on-ag
  chunk 77/390 (77 done): 296,774 obs, 31,445 on-ag
  chunk 78/390 (78 done): 31,466 obs, 8 on-ag
  chunk 79/390 (79 done): 0 obs, 0 on-ag
  chunk 80/390 (80 done): 0 obs, 0 on-ag
  chunk 81/390 (81 done): 0 obs, 0 on-ag
  chunk 82/390 (82 done): 861,675 obs, 8,310 on-ag
  chunk 83/390 (83 done): 859,024 obs, 67,452 on-ag
  chunk 84/390 (84 done): 330,462 obs, 3,281 on-ag
  chunk 85/390 (85 done): 75,291 obs, 3,299 on-ag
  chunk 86/390 (86 done): 182,663 obs, 40,143 on-ag
  chunk 87/390 (87 done): 583,562 obs, 21,457 on-ag
  chunk 88/390 (88 done): 106,296 obs, 6,992 on-ag
  chunk 89/390 (89 done): 237,645 obs, 11,102 on-ag
  chunk 90/390 (90 done): 127,637 obs, 2,174 on-ag
  chunk 91/390 (91 done): 4,043 obs, 103 on-ag
  chunk 92/390 (92 done): 0 obs, 0 on-ag
  chunk 93/390 (93 done): 0 obs, 0 on-ag
  chunk 94/390 (94 done): 0 obs, 0 on-ag
  chunk 95/390 (95 done): 1,716,488 obs, 1,665 on-ag
  chunk 96/390 (96 done): 130,175 obs, 3,758 on-ag
  chunk 97/390 (97 done): 28,924 obs, 621 on-ag
  chunk 98/390 (98 done): 26,272 obs, 3,139 on-ag
  chunk 99/390 (99 done): 64,774 obs, 9,588 on-ag
  chunk 100/390 (100 done): 30,868 obs, 1,018 on-ag
  chunk 101/390 (101 done): 85,564 obs, 638 on-ag
  chunk 102/390 (102 done): 115,502 obs, 4,522 on-ag
  chunk 103/390 (103 done): 20,550 obs, 479 on-ag
  chunk 104/390 (104 done): 3,927 obs, 109 on-ag
  chunk 105/390 (105 done): 0 obs, 0 on-ag
  chunk 106/390 (106 done): 0 obs, 0 on-ag
  chunk 107/390 (107 done): 0 obs, 0 on-ag
  chunk 108/390 (108 done): 47,719 obs, 44 on-ag
  chunk 109/390 (109 done): 99,100 obs, 582 on-ag
  chunk 110/390 (110 done): 20,384 obs, 218 on-ag
  chunk 111/390 (111 done): 233,054 obs, 13,410 on-ag
  chunk 112/390 (112 done): 193,708 obs, 20,422 on-ag
  chunk 113/390 (113 done): 25,372 obs, 4,101 on-ag
  chunk 114/390 (114 done): 55,025 obs, 2,018 on-ag
  chunk 115/390 (115 done): 67,726 obs, 6,068 on-ag
  chunk 116/390 (116 done): 33,207 obs, 162 on-ag
  chunk 117/390 (117 done): 3,345 obs, 83 on-ag
  chunk 118/390 (118 done): 0 obs, 0 on-ag
  chunk 119/390 (119 done): 0 obs, 0 on-ag
  chunk 120/390 (120 done): 0 obs, 0 on-ag
  chunk 121/390 (121 done): 141,143 obs, 9,072 on-ag
  chunk 122/390 (122 done): 178,496 obs, 3,263 on-ag
  chunk 123/390 (123 done): 678,208 obs, 79,947 on-ag
  chunk 124/390 (124 done): 125,183 obs, 2,866 on-ag
  chunk 125/390 (125 done): 1,432,399 obs, 12,688 on-ag
  chunk 126/390 (126 done): 292,803 obs, 2,729 on-ag
  chunk 127/390 (127 done): 31,977 obs, 2,963 on-ag
  chunk 128/390 (128 done): 15,684 obs, 1,633 on-ag
  chunk 129/390 (129 done): 11,793 obs, 64 on-ag
  chunk 130/390 (130 done): 4,217 obs, 705 on-ag
  chunk 131/390 (131 done): 0 obs, 0 on-ag
  chunk 132/390 (132 done): 0 obs, 0 on-ag
  chunk 133/390 (133 done): 101,985 obs, 6 on-ag
  chunk 134/390 (134 done): 130,513 obs, 21,898 on-ag
  chunk 135/390 (135 done): 72,969 obs, 841 on-ag
  chunk 136/390 (136 done): 29,857 obs, 224 on-ag
  chunk 137/390 (137 done): 194,724 obs, 442 on-ag
  chunk 138/390 (138 done): 898,552 obs, 6,497 on-ag
  chunk 139/390 (139 done): 188,844 obs, 3,577 on-ag
  chunk 140/390 (140 done): 75,865 obs, 139 on-ag
  chunk 141/390 (141 done): 28,079 obs, 280 on-ag
  chunk 142/390 (142 done): 49,316 obs, 768 on-ag
  chunk 143/390 (143 done): 15,242 obs, 171 on-ag
  chunk 144/390 (144 done): 0 obs, 0 on-ag
  chunk 145/390 (145 done): 0 obs, 0 on-ag
  chunk 146/390 (146 done): 33,110 obs, 0 on-ag
  chunk 147/390 (147 done): 42,877 obs, 175 on-ag
  chunk 148/390 (148 done): 122,251 obs, 4,906 on-ag
  chunk 149/390 (149 done): 49,261 obs, 856 on-ag
  chunk 150/390 (150 done): 87,525 obs, 7,702 on-ag
  chunk 151/390 (151 done): 39,341 obs, 3,599 on-ag
  chunk 152/390 (152 done): 49,587 obs, 1,904 on-ag
  chunk 153/390 (153 done): 19,909 obs, 133 on-ag
  chunk 154/390 (154 done): 7,003 obs, 109 on-ag
  chunk 155/390 (155 done): 54,942 obs, 1,057 on-ag
  chunk 156/390 (156 done): 21,340 obs, 4,367 on-ag
  chunk 157/390 (157 done): 3,435 obs, 4 on-ag
  chunk 158/390 (158 done): 89,436 obs, 45 on-ag
  chunk 159/390 (159 done): 224,894 obs, 1,977 on-ag
  chunk 160/390 (160 done): 114,937 obs, 424 on-ag
  chunk 161/390 (161 done): 44,101 obs, 1,202 on-ag
  chunk 162/390 (162 done): 24,297 obs, 536 on-ag
  chunk 163/390 (163 done): 54,055 obs, 1,943 on-ag
  chunk 164/390 (164 done): 41,277 obs, 1,516 on-ag
  chunk 165/390 (165 done): 34,295 obs, 715 on-ag
  chunk 166/390 (166 done): 30,446 obs, 215 on-ag
  chunk 167/390 (167 done): 20,728 obs, 725 on-ag
  chunk 168/390 (168 done): 121,275 obs, 3,220 on-ag
  chunk 169/390 (169 done): 13,496 obs, 611 on-ag
  chunk 170/390 (170 done): 996,936 obs, 68,852 on-ag
  chunk 171/390 (171 done): 535,888 obs, 64,382 on-ag
  chunk 172/390 (172 done): 1,345,906 obs, 86,773 on-ag
  chunk 173/390 (173 done): 564,413 obs, 11,066 on-ag
  chunk 174/390 (174 done): 495,053 obs, 3,914 on-ag
  chunk 175/390 (175 done): 277,720 obs, 9,496 on-ag
  chunk 176/390 (176 done): 243,512 obs, 7,794 on-ag
  chunk 177/390 (177 done): 56,503 obs, 2,095 on-ag
  chunk 178/390 (178 done): 81,439 obs, 4,314 on-ag
  chunk 179/390 (179 done): 65,100 obs, 10,076 on-ag
  chunk 180/390 (180 done): 43,805 obs, 7,192 on-ag
  chunk 181/390 (181 done): 122,048 obs, 17,226 on-ag
  chunk 182/390 (182 done): 6,452 obs, 1,023 on-ag
  chunk 183/390 (183 done): 13,611 obs, 0 on-ag
  chunk 184/390 (184 done): 98,797 obs, 3,396 on-ag
  chunk 185/390 (185 done): 1,301,032 obs, 132,410 on-ag
  chunk 186/390 (186 done): 270,179 obs, 46,028 on-ag
  chunk 187/390 (187 done): 529,734 obs, 22,806 on-ag
  chunk 188/390 (188 done): 128,204 obs, 8,575 on-ag
  chunk 189/390 (189 done): 85,713 obs, 10,429 on-ag
  chunk 190/390 (190 done): 391,589 obs, 65,186 on-ag
  chunk 191/390 (191 done): 301,265 obs, 18,160 on-ag
  chunk 192/390 (192 done): 128,869 obs, 23,134 on-ag
  chunk 193/390 (193 done): 130,723 obs, 19,585 on-ag
  chunk 194/390 (194 done): 163,538 obs, 29,229 on-ag
  chunk 195/390 (195 done): 8,614 obs, 715 on-ag
  chunk 196/390 (196 done): 6,593 obs, 0 on-ag
  chunk 197/390 (197 done): 18,460 obs, 0 on-ag
  chunk 198/390 (198 done): 826,241 obs, 52,679 on-ag
  chunk 199/390 (199 done): 172,907 obs, 21,222 on-ag
  chunk 200/390 (200 done): 103,893 obs, 6,822 on-ag
  chunk 201/390 (201 done): 234,213 obs, 32,590 on-ag
  chunk 202/390 (202 done): 206,522 obs, 47,969 on-ag
  chunk 203/390 (203 done): 414,370 obs, 57,100 on-ag
  chunk 204/390 (204 done): 237,531 obs, 41,056 on-ag
  chunk 205/390 (205 done): 157,939 obs, 28,939 on-ag
  chunk 206/390 (206 done): 1,193,007 obs, 120,230 on-ag
  chunk 207/390 (207 done): 99,732 obs, 1,491 on-ag
  chunk 208/390 (208 done): 6,357 obs, 80 on-ag
  chunk 209/390 (209 done): 0 obs, 0 on-ag
  chunk 210/390 (210 done): 635 obs, 0 on-ag
  chunk 211/390 (211 done): 276,012 obs, 25,706 on-ag
  chunk 212/390 (212 done): 132,942 obs, 17,737 on-ag
  chunk 213/390 (213 done): 89,292 obs, 13,713 on-ag
  chunk 214/390 (214 done): 252,768 obs, 41,168 on-ag
  chunk 215/390 (215 done): 108,285 obs, 37,253 on-ag
  chunk 216/390 (216 done): 260,809 obs, 35,791 on-ag
  chunk 217/390 (217 done): 244,629 obs, 43,363 on-ag
  chunk 218/390 (218 done): 314,532 obs, 48,770 on-ag
  chunk 219/390 (219 done): 545,039 obs, 75,925 on-ag
  chunk 220/390 (220 done): 326,811 obs, 6,356 on-ag
  chunk 221/390 (221 done): 651 obs, 0 on-ag
  chunk 222/390 (222 done): 2 obs, 0 on-ag
  chunk 223/390 (223 done): 16,921 obs, 0 on-ag
  chunk 224/390 (224 done): 408,433 obs, 3,978 on-ag
  chunk 225/390 (225 done): 124,954 obs, 10,230 on-ag
  chunk 226/390 (226 done): 89,560 obs, 17,750 on-ag
  chunk 227/390 (227 done): 280,526 obs, 74,312 on-ag
  chunk 228/390 (228 done): 373,359 obs, 60,766 on-ag
  chunk 229/390 (229 done): 727,418 obs, 68,655 on-ag
  chunk 230/390 (230 done): 489,510 obs, 83,764 on-ag
  chunk 231/390 (231 done): 1,076,609 obs, 200,318 on-ag
  chunk 232/390 (232 done): 270,379 obs, 27,275 on-ag
  chunk 233/390 (233 done): 88,363 obs, 2,012 on-ag
  chunk 234/390 (234 done): 0 obs, 0 on-ag
  chunk 235/390 (235 done): 6,426 obs, 0 on-ag
  chunk 236/390 (236 done): 21 obs, 0 on-ag
  chunk 237/390 (237 done): 366,409 obs, 2,704 on-ag
  chunk 238/390 (238 done): 166,969 obs, 6,876 on-ag
  chunk 239/390 (239 done): 153,110 obs, 21,969 on-ag
  chunk 240/390 (240 done): 345,761 obs, 89,593 on-ag
  chunk 241/390 (241 done): 416,285 obs, 66,628 on-ag
  chunk 242/390 (242 done): 501,322 obs, 72,856 on-ag
  chunk 243/390 (243 done): 2,547,132 obs, 145,294 on-ag
  chunk 244/390 (244 done): 1,153,522 obs, 108,310 on-ag
  chunk 245/390 (245 done): 329,843 obs, 13,278 on-ag
  chunk 246/390 (246 done): 94,086 obs, 364 on-ag
  chunk 247/390 (247 done): 0 obs, 0 on-ag
  chunk 248/390 (248 done): 10,207 obs, 0 on-ag
  chunk 249/390 (249 done): 6,505 obs, 0 on-ag
  chunk 250/390 (250 done): 134,459 obs, 535 on-ag
  chunk 251/390 (251 done): 151,065 obs, 25,386 on-ag
  chunk 252/390 (252 done): 312,568 obs, 33,059 on-ag
  chunk 253/390 (253 done): 799,515 obs, 112,751 on-ag
  chunk 254/390 (254 done): 425,906 obs, 107,301 on-ag
  chunk 255/390 (255 done): 947,523 obs, 97,574 on-ag
  chunk 256/390 (256 done): 860,356 obs, 92,062 on-ag
  chunk 257/390 (257 done): 744,037 obs, 47,020 on-ag
  chunk 258/390 (258 done): 286,663 obs, 9,011 on-ag
  chunk 259/390 (259 done): 19,185 obs, 33 on-ag
  chunk 260/390 (260 done): 0 obs, 0 on-ag
  chunk 261/390 (261 done): 21,269 obs, 0 on-ag
  chunk 262/390 (262 done): 20,742 obs, 0 on-ag
  chunk 263/390 (263 done): 379,655 obs, 32,353 on-ag
  chunk 264/390 (264 done): 322,172 obs, 55,522 on-ag
  chunk 265/390 (265 done): 1,198,180 obs, 104,284 on-ag
  chunk 266/390 (266 done): 788,938 obs, 159,819 on-ag
  chunk 267/390 (267 done): 275,137 obs, 65,454 on-ag
  chunk 268/390 (268 done): 1,236,258 obs, 224,918 on-ag
  chunk 269/390 (269 done): 1,906,501 obs, 160,715 on-ag
  chunk 270/390 (270 done): 1,025,792 obs, 50,076 on-ag
  chunk 271/390 (271 done): 222,393 obs, 9,378 on-ag
  chunk 272/390 (272 done): 50,800 obs, 0 on-ag
  chunk 273/390 (273 done): 0 obs, 0 on-ag
  chunk 274/390 (274 done): 534,680 obs, 2,233 on-ag
  chunk 275/390 (275 done): 2,139,049 obs, 72,233 on-ag
  chunk 276/390 (276 done): 1,740,745 obs, 147,473 on-ag
  chunk 277/390 (277 done): 527,119 obs, 10,756 on-ag
  chunk 278/390 (278 done): 334,632 obs, 21,014 on-ag
  chunk 279/390 (279 done): 1,190,239 obs, 143,588 on-ag
  chunk 280/390 (280 done): 238,491 obs, 19,252 on-ag
  chunk 281/390 (281 done): 840,723 obs, 94,792 on-ag
  chunk 282/390 (282 done): 1,635,644 obs, 134,672 on-ag
  chunk 283/390 (283 done): 162,904 obs, 9,996 on-ag
  chunk 284/390 (284 done): 2 obs, 0 on-ag
  chunk 285/390 (285 done): 0 obs, 0 on-ag
  chunk 286/390 (286 done): 0 obs, 0 on-ag
  chunk 287/390 (287 done): 719,857 obs, 37,611 on-ag
  chunk 288/390 (288 done): 681,718 obs, 61,560 on-ag
  chunk 289/390 (289 done): 255,473 obs, 28,509 on-ag
  chunk 290/390 (290 done): 321,120 obs, 219 on-ag
  chunk 291/390 (291 done): 852,676 obs, 58,586 on-ag
  chunk 292/390 (292 done): 1,272,945 obs, 89,338 on-ag
  chunk 293/390 (293 done): 674,675 obs, 103,665 on-ag
  chunk 294/390 (294 done): 715,459 obs, 62,806 on-ag
  chunk 295/390 (295 done): 1,000,846 obs, 97,485 on-ag
  chunk 296/390 (296 done): 73,573 obs, 1,422 on-ag
  chunk 297/390 (297 done): 0 obs, 0 on-ag
  chunk 298/390 (298 done): 0 obs, 0 on-ag
  chunk 299/390 (299 done): 0 obs, 0 on-ag
  chunk 300/390 (300 done): 0 obs, 0 on-ag
  chunk 301/390 (301 done): 9,234 obs, 0 on-ag
  chunk 302/390 (302 done): 28,959 obs, 0 on-ag
  chunk 303/390 (303 done): 21,423 obs, 0 on-ag
  chunk 304/390 (304 done): 241,076 obs, 1,278 on-ag
  chunk 305/390 (305 done): 996,824 obs, 70,430 on-ag
  chunk 306/390 (306 done): 965,605 obs, 125,598 on-ag
  chunk 307/390 (307 done): 3,098,967 obs, 350,481 on-ag
  chunk 308/390 (308 done): 639,666 obs, 83,158 on-ag
  chunk 309/390 (309 done): 1,055,569 obs, 135,060 on-ag
  chunk 310/390 (310 done): 0 obs, 0 on-ag
  chunk 311/390 (311 done): 0 obs, 0 on-ag
  chunk 312/390 (312 done): 0 obs, 0 on-ag
  chunk 313/390 (313 done): 0 obs, 0 on-ag
  chunk 314/390 (314 done): 0 obs, 0 on-ag
  chunk 315/390 (315 done): 10,558 obs, 0 on-ag
  chunk 316/390 (316 done): 23 obs, 0 on-ag
  chunk 317/390 (317 done): 229 obs, 0 on-ag
  chunk 318/390 (318 done): 541,257 obs, 11,963 on-ag
  chunk 319/390 (319 done): 1,300,556 obs, 68,667 on-ag
  chunk 320/390 (320 done): 5,577,363 obs, 565,582 on-ag
  chunk 321/390 (321 done): 1,642,981 obs, 221,919 on-ag
  chunk 322/390 (322 done): 865,517 obs, 130,109 on-ag
  chunk 323/390 (323 done): 33,868 obs, 3,358 on-ag
  chunk 324/390 (324 done): 0 obs, 0 on-ag
  chunk 325/390 (325 done): 0 obs, 0 on-ag
  chunk 326/390 (326 done): 0 obs, 0 on-ag
  chunk 327/390 (327 done): 0 obs, 0 on-ag
  chunk 328/390 (328 done): 0 obs, 0 on-ag
  chunk 329/390 (329 done): 46 obs, 0 on-ag
  chunk 330/390 (330 done): 56 obs, 0 on-ag
  chunk 331/390 (331 done): 219 obs, 0 on-ag
  chunk 332/390 (332 done): 7,830 obs, 0 on-ag
  chunk 333/390 (333 done): 2,369,830 obs, 110,519 on-ag
  chunk 334/390 (334 done): 5,156,472 obs, 253,939 on-ag
  chunk 335/390 (335 done): 1,236,722 obs, 161,576 on-ag
  chunk 336/390 (336 done): 252,903 obs, 24,365 on-ag
  chunk 337/390 (337 done): 0 obs, 0 on-ag
  chunk 338/390 (338 done): 0 obs, 0 on-ag
  chunk 339/390 (339 done): 0 obs, 0 on-ag
  chunk 340/390 (340 done): 0 obs, 0 on-ag
  chunk 341/390 (341 done): 0 obs, 0 on-ag
  chunk 342/390 (342 done): 0 obs, 0 on-ag
  chunk 343/390 (343 done): 10 obs, 0 on-ag
  chunk 344/390 (344 done): 55 obs, 0 on-ag
  chunk 345/390 (345 done): 191 obs, 0 on-ag
  chunk 346/390 (346 done): 1,268 obs, 0 on-ag
  chunk 347/390 (347 done): 3,718,539 obs, 276,155 on-ag
  chunk 348/390 (348 done): 1,757,233 obs, 175,888 on-ag
  chunk 349/390 (349 done): 181,546 obs, 19,828 on-ag
  chunk 350/390 (350 done): 0 obs, 0 on-ag
  chunk 351/390 (351 done): 0 obs, 0 on-ag
  chunk 352/390 (352 done): 0 obs, 0 on-ag
  chunk 353/390 (353 done): 0 obs, 0 on-ag
  chunk 354/390 (354 done): 0 obs, 0 on-ag
  chunk 355/390 (355 done): 0 obs, 0 on-ag
  chunk 356/390 (356 done): 0 obs, 0 on-ag
  chunk 357/390 (357 done): 0 obs, 0 on-ag
  chunk 358/390 (358 done): 22 obs, 0 on-ag
  chunk 359/390 (359 done): 1,767 obs, 0 on-ag
  chunk 360/390 (360 done): 1,202,782 obs, 28,269 on-ag
  chunk 361/390 (361 done): 1,871,347 obs, 85,000 on-ag
  chunk 362/390 (362 done): 190,536 obs, 5,656 on-ag
  chunk 363/390 (363 done): 7,499 obs, 1 on-ag
  chunk 364/390 (364 done): 0 obs, 0 on-ag
  chunk 365/390 (365 done): 0 obs, 0 on-ag
  chunk 366/390 (366 done): 0 obs, 0 on-ag
  chunk 367/390 (367 done): 0 obs, 0 on-ag
  chunk 368/390 (368 done): 0 obs, 0 on-ag
  chunk 369/390 (369 done): 0 obs, 0 on-ag
  chunk 370/390 (370 done): 0 obs, 0 on-ag
  chunk 371/390 (371 done): 4 obs, 0 on-ag
  chunk 372/390 (372 done): 3,005 obs, 0 on-ag
  chunk 373/390 (373 done): 712 obs, 0 on-ag
  chunk 374/390 (374 done): 275,416 obs, 5,342 on-ag
  chunk 375/390 (375 done): 240,766 obs, 11,896 on-ag
  chunk 376/390 (376 done): 28,168 obs, 1,802 on-ag
  chunk 377/390 (377 done): 0 obs, 0 on-ag
  chunk 378/390 (378 done): 0 obs, 0 on-ag
  chunk 379/390 (379 done): 0 obs, 0 on-ag
  chunk 380/390 (380 done): 0 obs, 0 on-ag
  chunk 381/390 (381 done): 0 obs, 0 on-ag
  chunk 382/390 (382 done): 0 obs, 0 on-ag
  chunk 383/390 (383 done): 0 obs, 0 on-ag
  chunk 384/390 (384 done): 0 obs, 0 on-ag
  chunk 385/390 (385 done): 6 obs, 0 on-ag
  chunk 386/390 (386 done): 55 obs, 0 on-ag
  chunk 387/390 (387 done): 0 obs, 0 on-ag
  chunk 388/390 (388 done): 20,215 obs, 5,486 on-ag
  chunk 389/390 (389 done): 0 obs, 0 on-ag
  chunk 390/390 (390 done): 0 obs, 0 on-ag

================================================================
  CONUS 2021  (point ~30 m (v1-style))
  total observations         : 125,012,019
  % observations on farmland : 7.95%
  % of CONUS that is farmland: 23.88%
  OBSERVATIONAL DISPARITY    : 3.00   (>1 => farmland under-observed)
================================================================
  saved -> <project>/replication/outputs/pointmethod_2021_z12_RESULT.csv
