YEAR 2024 | zoom 12 (~19 m cells) | BINARY point classification (matches v1 30 m)
Earth Engine: computing CONUS farmland share ...
  farmland 1,917,017 km^2 of 8,080,060 km^2 land  => 23.73% of CONUS
GBIF x NLCD overlay: 390 chunks @ zoom 12  (resumable in ~/.csotf_pointmethod_ckpt)
  chunk 1/390 (1 done): 0 obs, 0 on-ag
  chunk 2/390 (2 done): 0 obs, 0 on-ag
  chunk 3/390 (3 done): 0 obs, 0 on-ag
  chunk 4/390 (4 done): 0 obs, 0 on-ag
  chunk 5/390 (5 done): 0 obs, 0 on-ag
  chunk 6/390 (6 done): 40 obs, 0 on-ag
  chunk 7/390 (7 done): 283,603 obs, 5 on-ag
  chunk 8/390 (8 done): 201,916 obs, 5,321 on-ag
  chunk 9/390 (9 done): 558,264 obs, 33,417 on-ag
  chunk 10/390 (10 done): 658,918 obs, 107,995 on-ag
  chunk 11/390 (11 done): 1,202,531 obs, 163,435 on-ag
  chunk 12/390 (12 done): 562,738 obs, 43,671 on-ag
  chunk 13/390 (13 done): 80,580 obs, 17,462 on-ag
  chunk 14/390 (14 done): 0 obs, 0 on-ag
  chunk 15/390 (15 done): 0 obs, 0 on-ag
  chunk 16/390 (16 done): 0 obs, 0 on-ag
  chunk 17/390 (17 done): 10 obs, 0 on-ag
  chunk 18/390 (18 done): 2,537 obs, 0 on-ag
  chunk 19/390 (19 done): 211,411 obs, 764 on-ag
  chunk 20/390 (20 done): 5,741,733 obs, 250,516 on-ag
  chunk 21/390 (21 done): 1,299,933 obs, 164,614 on-ag
  chunk 22/390 (22 done): 476,851 obs, 40,407 on-ag
  chunk 23/390 (23 done): 417,156 obs, 20,174 on-ag
  chunk 24/390 (24 done): 1,478,557 obs, 174,893 on-ag
  chunk 25/390 (25 done): 2,687,111 obs, 121,733 on-ag
  chunk 26/390 (26 done): 342,776 obs, 29,116 on-ag
  chunk 27/390 (27 done): 0 obs, 0 on-ag
  chunk 28/390 (28 done): 0 obs, 0 on-ag
  chunk 29/390 (29 done): 0 obs, 0 on-ag
  chunk 30/390 (30 done): 703 obs, 0 on-ag
  chunk 31/390 (31 done): 715,109 obs, 20,619 on-ag
  chunk 32/390 (32 done): 748,418 obs, 25,697 on-ag
  chunk 33/390 (33 done): 544,887 obs, 23,195 on-ag
  chunk 34/390 (34 done): 547,049 obs, 9,505 on-ag
  chunk 35/390 (35 done): 47,789 obs, 2,304 on-ag
  chunk 36/390 (36 done): 146,684 obs, 14,450 on-ag
  chunk 37/390 (37 done): 222,437 obs, 15,224 on-ag
  chunk 38/390 (38 done): 377,297 obs, 18,091 on-ag
  chunk 39/390 (39 done): 61,446 obs, 828 on-ag
  chunk 40/390 (40 done): 0 obs, 0 on-ag
  chunk 41/390 (41 done): 0 obs, 0 on-ag
  chunk 42/390 (42 done): 0 obs, 0 on-ag
  chunk 43/390 (43 done): 12,245 obs, 34 on-ag
  chunk 44/390 (44 done): 4,703,267 obs, 49,701 on-ag
  chunk 45/390 (45 done): 311,835 obs, 22,499 on-ag
  chunk 46/390 (46 done): 195,037 obs, 10,502 on-ag
  chunk 47/390 (47 done): 29,178 obs, 886 on-ag
  chunk 48/390 (48 done): 16,510 obs, 2,353 on-ag
  chunk 49/390 (49 done): 163,138 obs, 1,852 on-ag
  chunk 50/390 (50 done): 327,582 obs, 30,372 on-ag
  chunk 51/390 (51 done): 254,216 obs, 9,374 on-ag
  chunk 52/390 (52 done): 20,682 obs, 458 on-ag
  chunk 53/390 (53 done): 0 obs, 0 on-ag
  chunk 54/390 (54 done): 0 obs, 0 on-ag
  chunk 55/390 (55 done): 0 obs, 0 on-ag
  chunk 56/390 (56 done): 345 obs, 3 on-ag
  chunk 57/390 (57 done): 1,177,149 obs, 49,285 on-ag
  chunk 58/390 (58 done): 298,233 obs, 1,113 on-ag
  chunk 59/390 (59 done): 25,491 obs, 108 on-ag
  chunk 60/390 (60 done): 8,974 obs, 58 on-ag
  chunk 61/390 (61 done): 34,555 obs, 707 on-ag
  chunk 62/390 (62 done): 466,708 obs, 27,740 on-ag
  chunk 63/390 (63 done): 97,594 obs, 1,122 on-ag
  chunk 64/390 (64 done): 114,523 obs, 4,478 on-ag
  chunk 65/390 (65 done): 27,080 obs, 876 on-ag
  chunk 66/390 (66 done): 0 obs, 0 on-ag
  chunk 67/390 (67 done): 0 obs, 0 on-ag
  chunk 68/390 (68 done): 0 obs, 0 on-ag
  chunk 69/390 (69 done): 4,867 obs, 542 on-ag
  chunk 70/390 (70 done): 92,864 obs, 12,106 on-ag
  chunk 71/390 (71 done): 169,874 obs, 18 on-ag
  chunk 72/390 (72 done): 180,983 obs, 774 on-ag
  chunk 73/390 (73 done): 23,720 obs, 2,019 on-ag
  chunk 74/390 (74 done): 44,096 obs, 2,270 on-ag
  chunk 75/390 (75 done): 81,468 obs, 9,942 on-ag
  chunk 76/390 (76 done): 83,157 obs, 3,861 on-ag
  chunk 77/390 (77 done): 346,732 obs, 30,571 on-ag
  chunk 78/390 (78 done): 46,645 obs, 2 on-ag
  chunk 79/390 (79 done): 0 obs, 0 on-ag
  chunk 80/390 (80 done): 0 obs, 0 on-ag
  chunk 81/390 (81 done): 0 obs, 0 on-ag
  chunk 82/390 (82 done): 1,141,516 obs, 24,922 on-ag
  chunk 83/390 (83 done): 1,191,253 obs, 75,018 on-ag
  chunk 84/390 (84 done): 464,632 obs, 6,108 on-ag
  chunk 85/390 (85 done): 109,959 obs, 2,330 on-ag
  chunk 86/390 (86 done): 279,788 obs, 33,057 on-ag
  chunk 87/390 (87 done): 733,854 obs, 22,947 on-ag
  chunk 88/390 (88 done): 161,970 obs, 8,099 on-ag
  chunk 89/390 (89 done): 273,321 obs, 11,559 on-ag
  chunk 90/390 (90 done): 163,571 obs, 1,902 on-ag
  chunk 91/390 (91 done): 2,891 obs, 27 on-ag
  chunk 92/390 (92 done): 0 obs, 0 on-ag
  chunk 93/390 (93 done): 0 obs, 0 on-ag
  chunk 94/390 (94 done): 0 obs, 0 on-ag
  chunk 95/390 (95 done): 2,337,855 obs, 1,259 on-ag
  chunk 96/390 (96 done): 175,192 obs, 3,051 on-ag
  chunk 97/390 (97 done): 20,788 obs, 550 on-ag
  chunk 98/390 (98 done): 30,874 obs, 2,274 on-ag
  chunk 99/390 (99 done): 81,213 obs, 10,114 on-ag
  chunk 100/390 (100 done): 46,481 obs, 1,792 on-ag
  chunk 101/390 (101 done): 160,421 obs, 1,087 on-ag
  chunk 102/390 (102 done): 156,830 obs, 4,815 on-ag
  chunk 103/390 (103 done): 27,872 obs, 373 on-ag
  chunk 104/390 (104 done): 3,052 obs, 85 on-ag
  chunk 105/390 (105 done): 0 obs, 0 on-ag
  chunk 106/390 (106 done): 0 obs, 0 on-ag
  chunk 107/390 (107 done): 0 obs, 0 on-ag
  chunk 108/390 (108 done): 55,799 obs, 246 on-ag
  chunk 109/390 (109 done): 167,223 obs, 3,311 on-ag
  chunk 110/390 (110 done): 27,280 obs, 160 on-ag
  chunk 111/390 (111 done): 284,606 obs, 19,006 on-ag
  chunk 112/390 (112 done): 279,449 obs, 13,021 on-ag
  chunk 113/390 (113 done): 30,583 obs, 2,336 on-ag
  chunk 114/390 (114 done): 57,263 obs, 1,106 on-ag
  chunk 115/390 (115 done): 74,099 obs, 7,149 on-ag
  chunk 116/390 (116 done): 30,149 obs, 328 on-ag
  chunk 117/390 (117 done): 2,362 obs, 82 on-ag
  chunk 118/390 (118 done): 0 obs, 0 on-ag
  chunk 119/390 (119 done): 0 obs, 0 on-ag
  chunk 120/390 (120 done): 0 obs, 0 on-ag
  chunk 121/390 (121 done): 171,691 obs, 21,025 on-ag
  chunk 122/390 (122 done): 193,275 obs, 2,394 on-ag
  chunk 123/390 (123 done): 795,250 obs, 91,543 on-ag
  chunk 124/390 (124 done): 168,330 obs, 6,652 on-ag
  chunk 125/390 (125 done): 1,877,819 obs, 13,091 on-ag
  chunk 126/390 (126 done): 439,108 obs, 7,091 on-ag
  chunk 127/390 (127 done): 43,890 obs, 693 on-ag
  chunk 128/390 (128 done): 25,385 obs, 2,203 on-ag
  chunk 129/390 (129 done): 11,981 obs, 196 on-ag
  chunk 130/390 (130 done): 1,902 obs, 165 on-ag
  chunk 131/390 (131 done): 0 obs, 0 on-ag
  chunk 132/390 (132 done): 0 obs, 0 on-ag
  chunk 133/390 (133 done): 159,114 obs, 0 on-ag
  chunk 134/390 (134 done): 137,142 obs, 11,320 on-ag
  chunk 135/390 (135 done): 72,918 obs, 609 on-ag
  chunk 136/390 (136 done): 28,802 obs, 114 on-ag
  chunk 137/390 (137 done): 216,890 obs, 265 on-ag
  chunk 138/390 (138 done): 1,103,890 obs, 4,978 on-ag
  chunk 139/390 (139 done): 250,141 obs, 3,042 on-ag
  chunk 140/390 (140 done): 105,824 obs, 107 on-ag
  chunk 141/390 (141 done): 31,262 obs, 128 on-ag
  chunk 142/390 (142 done): 54,432 obs, 631 on-ag
  chunk 143/390 (143 done): 12,160 obs, 111 on-ag
  chunk 144/390 (144 done): 0 obs, 0 on-ag
  chunk 145/390 (145 done): 0 obs, 0 on-ag
  chunk 146/390 (146 done): 46,658 obs, 0 on-ag
  chunk 147/390 (147 done): 45,341 obs, 135 on-ag
  chunk 148/390 (148 done): 102,272 obs, 2,422 on-ag
  chunk 149/390 (149 done): 56,655 obs, 517 on-ag
  chunk 150/390 (150 done): 129,172 obs, 7,425 on-ag
  chunk 151/390 (151 done): 44,525 obs, 1,521 on-ag
  chunk 152/390 (152 done): 68,029 obs, 1,105 on-ag
  chunk 153/390 (153 done): 30,696 obs, 75 on-ag
  chunk 154/390 (154 done): 8,091 obs, 170 on-ag
  chunk 155/390 (155 done): 40,834 obs, 917 on-ag
  chunk 156/390 (156 done): 13,611 obs, 3,588 on-ag
  chunk 157/390 (157 done): 151,303 obs, 65 on-ag
  chunk 158/390 (158 done): 321,304 obs, 627 on-ag
  chunk 159/390 (159 done): 311,537 obs, 985 on-ag
  chunk 160/390 (160 done): 131,016 obs, 658 on-ag
  chunk 161/390 (161 done): 51,753 obs, 1,277 on-ag
  chunk 162/390 (162 done): 30,899 obs, 559 on-ag
  chunk 163/390 (163 done): 44,582 obs, 2,608 on-ag
  chunk 164/390 (164 done): 58,268 obs, 1,236 on-ag
  chunk 165/390 (165 done): 81,570 obs, 2,498 on-ag
  chunk 166/390 (166 done): 51,274 obs, 551 on-ag
  chunk 167/390 (167 done): 18,980 obs, 530 on-ag
  chunk 168/390 (168 done): 87,732 obs, 2,587 on-ag
  chunk 169/390 (169 done): 4,755 obs, 216 on-ag
  chunk 170/390 (170 done): 1,323,353 obs, 91,841 on-ag
  chunk 171/390 (171 done): 851,937 obs, 70,892 on-ag
  chunk 172/390 (172 done): 1,650,258 obs, 63,888 on-ag
  chunk 173/390 (173 done): 648,042 obs, 10,383 on-ag
  chunk 174/390 (174 done): 608,218 obs, 4,921 on-ag
  chunk 175/390 (175 done): 345,777 obs, 4,250 on-ag
  chunk 176/390 (176 done): 261,694 obs, 5,282 on-ag
  chunk 177/390 (177 done): 67,787 obs, 1,911 on-ag
  chunk 178/390 (178 done): 102,915 obs, 3,386 on-ag
  chunk 179/390 (179 done): 55,348 obs, 7,407 on-ag
  chunk 180/390 (180 done): 44,681 obs, 4,407 on-ag
  chunk 181/390 (181 done): 106,051 obs, 13,366 on-ag
  chunk 182/390 (182 done): 2,864 obs, 754 on-ag
  chunk 183/390 (183 done): 61 obs, 0 on-ag
  chunk 184/390 (184 done): 121,430 obs, 2,745 on-ag
  chunk 185/390 (185 done): 1,469,048 obs, 144,448 on-ag
  chunk 186/390 (186 done): 354,091 obs, 64,741 on-ag
  chunk 187/390 (187 done): 699,392 obs, 31,836 on-ag
  chunk 188/390 (188 done): 202,073 obs, 24,341 on-ag
  chunk 189/390 (189 done): 90,043 obs, 9,784 on-ag
  chunk 190/390 (190 done): 464,664 obs, 60,618 on-ag
  chunk 191/390 (191 done): 415,412 obs, 19,917 on-ag
  chunk 192/390 (192 done): 168,824 obs, 26,071 on-ag
  chunk 193/390 (193 done): 169,658 obs, 27,283 on-ag
  chunk 194/390 (194 done): 191,448 obs, 31,395 on-ag
  chunk 195/390 (195 done): 13,305 obs, 1,542 on-ag
  chunk 196/390 (196 done): 71 obs, 0 on-ag
  chunk 197/390 (197 done): 740 obs, 0 on-ag
  chunk 198/390 (198 done): 947,945 obs, 41,434 on-ag
  chunk 199/390 (199 done): 204,680 obs, 29,561 on-ag
  chunk 200/390 (200 done): 151,399 obs, 8,950 on-ag
  chunk 201/390 (201 done): 420,893 obs, 70,734 on-ag
  chunk 202/390 (202 done): 313,188 obs, 56,747 on-ag
  chunk 203/390 (203 done): 504,974 obs, 77,733 on-ag
  chunk 204/390 (204 done): 289,288 obs, 43,220 on-ag
  chunk 205/390 (205 done): 151,025 obs, 24,073 on-ag
  chunk 206/390 (206 done): 1,432,100 obs, 118,564 on-ag
  chunk 207/390 (207 done): 118,823 obs, 3,122 on-ag
  chunk 208/390 (208 done): 11,548 obs, 189 on-ag
  chunk 209/390 (209 done): 32 obs, 0 on-ag
  chunk 210/390 (210 done): 304 obs, 0 on-ag
  chunk 211/390 (211 done): 343,628 obs, 26,516 on-ag
  chunk 212/390 (212 done): 134,065 obs, 22,138 on-ag
  chunk 213/390 (213 done): 105,863 obs, 14,160 on-ag
  chunk 214/390 (214 done): 349,714 obs, 58,027 on-ag
  chunk 215/390 (215 done): 159,827 obs, 40,857 on-ag
  chunk 216/390 (216 done): 295,408 obs, 41,796 on-ag
  chunk 217/390 (217 done): 270,118 obs, 45,211 on-ag
  chunk 218/390 (218 done): 384,042 obs, 58,273 on-ag
  chunk 219/390 (219 done): 743,096 obs, 92,169 on-ag
  chunk 220/390 (220 done): 448,403 obs, 4,314 on-ag
  chunk 221/390 (221 done): 1,764 obs, 0 on-ag
  chunk 222/390 (222 done): 23 obs, 0 on-ag
  chunk 223/390 (223 done): 524 obs, 0 on-ag
  chunk 224/390 (224 done): 601,045 obs, 5,256 on-ag
  chunk 225/390 (225 done): 173,119 obs, 10,630 on-ag
  chunk 226/390 (226 done): 93,778 obs, 21,581 on-ag
  chunk 227/390 (227 done): 374,384 obs, 84,270 on-ag
  chunk 228/390 (228 done): 431,232 obs, 67,543 on-ag
  chunk 229/390 (229 done): 966,582 obs, 75,872 on-ag
  chunk 230/390 (230 done): 602,729 obs, 109,727 on-ag
  chunk 231/390 (231 done): 1,201,476 obs, 216,586 on-ag
  chunk 232/390 (232 done): 372,625 obs, 30,790 on-ag
  chunk 233/390 (233 done): 133,209 obs, 3,042 on-ag
  chunk 234/390 (234 done): 0 obs, 0 on-ag
  chunk 235/390 (235 done): 19 obs, 0 on-ag
  chunk 236/390 (236 done): 149 obs, 0 on-ag
  chunk 237/390 (237 done): 519,115 obs, 6,187 on-ag
  chunk 238/390 (238 done): 236,328 obs, 12,296 on-ag
  chunk 239/390 (239 done): 180,974 obs, 26,764 on-ag
  chunk 240/390 (240 done): 374,572 obs, 98,858 on-ag
  chunk 241/390 (241 done): 443,349 obs, 54,373 on-ag
  chunk 242/390 (242 done): 601,336 obs, 83,623 on-ag
  chunk 243/390 (243 done): 3,114,055 obs, 208,575 on-ag
  chunk 244/390 (244 done): 1,519,413 obs, 127,530 on-ag
  chunk 245/390 (245 done): 442,433 obs, 22,927 on-ag
  chunk 246/390 (246 done): 110,808 obs, 378 on-ag
  chunk 247/390 (247 done): 0 obs, 0 on-ag
  chunk 248/390 (248 done): 13 obs, 0 on-ag
  chunk 249/390 (249 done): 108 obs, 0 on-ag
  chunk 250/390 (250 done): 135,544 obs, 419 on-ag
  chunk 251/390 (251 done): 214,412 obs, 24,670 on-ag
  chunk 252/390 (252 done): 402,035 obs, 51,655 on-ag
  chunk 253/390 (253 done): 1,048,390 obs, 134,626 on-ag
  chunk 254/390 (254 done): 515,249 obs, 122,149 on-ag
  chunk 255/390 (255 done): 1,070,334 obs, 107,051 on-ag
  chunk 256/390 (256 done): 1,016,185 obs, 124,883 on-ag
  chunk 257/390 (257 done): 907,220 obs, 59,462 on-ag
  chunk 258/390 (258 done): 356,863 obs, 13,544 on-ag
  chunk 259/390 (259 done): 33,647 obs, 0 on-ag
  chunk 260/390 (260 done): 0 obs, 0 on-ag
  chunk 261/390 (261 done): 113 obs, 0 on-ag
  chunk 262/390 (262 done): 314 obs, 0 on-ag
  chunk 263/390 (263 done): 421,024 obs, 16,230 on-ag
  chunk 264/390 (264 done): 328,039 obs, 64,006 on-ag
  chunk 265/390 (265 done): 1,416,008 obs, 137,579 on-ag
  chunk 266/390 (266 done): 1,031,153 obs, 164,484 on-ag
  chunk 267/390 (267 done): 370,975 obs, 90,622 on-ag
  chunk 268/390 (268 done): 1,564,719 obs, 262,194 on-ag
  chunk 269/390 (269 done): 2,535,058 obs, 227,841 on-ag
  chunk 270/390 (270 done): 1,128,253 obs, 60,150 on-ag
  chunk 271/390 (271 done): 298,225 obs, 12,711 on-ag
  chunk 272/390 (272 done): 60,211 obs, 2 on-ag
  chunk 273/390 (273 done): 0 obs, 0 on-ag
  chunk 274/390 (274 done): 591,085 obs, 4,845 on-ag
  chunk 275/390 (275 done): 2,497,003 obs, 88,652 on-ag
  chunk 276/390 (276 done): 2,283,089 obs, 255,627 on-ag
  chunk 277/390 (277 done): 552,882 obs, 13,780 on-ag
  chunk 278/390 (278 done): 416,943 obs, 19,554 on-ag
  chunk 279/390 (279 done): 1,391,276 obs, 155,784 on-ag
  chunk 280/390 (280 done): 290,502 obs, 24,217 on-ag
  chunk 281/390 (281 done): 949,100 obs, 94,714 on-ag
  chunk 282/390 (282 done): 2,138,388 obs, 190,786 on-ag
  chunk 283/390 (283 done): 228,182 obs, 12,902 on-ag
  chunk 284/390 (284 done): 5 obs, 0 on-ag
  chunk 285/390 (285 done): 0 obs, 0 on-ag
  chunk 286/390 (286 done): 0 obs, 0 on-ag
  chunk 287/390 (287 done): 883,977 obs, 23,840 on-ag
  chunk 288/390 (288 done): 923,621 obs, 58,593 on-ag
  chunk 289/390 (289 done): 338,362 obs, 53,220 on-ag
  chunk 290/390 (290 done): 294,916 obs, 472 on-ag
  chunk 291/390 (291 done): 879,304 obs, 50,881 on-ag
  chunk 292/390 (292 done): 1,483,371 obs, 110,765 on-ag
  chunk 293/390 (293 done): 870,121 obs, 108,861 on-ag
  chunk 294/390 (294 done): 973,420 obs, 78,014 on-ag
  chunk 295/390 (295 done): 1,310,509 obs, 133,010 on-ag
  chunk 296/390 (296 done): 83,224 obs, 2,307 on-ag
  chunk 297/390 (297 done): 0 obs, 0 on-ag
  chunk 298/390 (298 done): 0 obs, 0 on-ag
  chunk 299/390 (299 done): 0 obs, 0 on-ag
  chunk 300/390 (300 done): 0 obs, 0 on-ag
  chunk 301/390 (301 done): 0 obs, 0 on-ag
  chunk 302/390 (302 done): 5 obs, 0 on-ag
  chunk 303/390 (303 done): 14 obs, 0 on-ag
  chunk 304/390 (304 done): 308,661 obs, 2,199 on-ag
  chunk 305/390 (305 done): 1,257,250 obs, 104,684 on-ag
  chunk 306/390 (306 done): 1,117,782 obs, 125,978 on-ag
  chunk 307/390 (307 done): 3,551,134 obs, 375,996 on-ag
  chunk 308/390 (308 done): 877,504 obs, 109,212 on-ag
  chunk 309/390 (309 done): 1,218,471 obs, 170,013 on-ag
  chunk 310/390 (310 done): 0 obs, 0 on-ag
  chunk 311/390 (311 done): 0 obs, 0 on-ag
  chunk 312/390 (312 done): 0 obs, 0 on-ag
  chunk 313/390 (313 done): 0 obs, 0 on-ag
  chunk 314/390 (314 done): 0 obs, 0 on-ag
  chunk 315/390 (315 done): 0 obs, 0 on-ag
  chunk 316/390 (316 done): 0 obs, 0 on-ag
  chunk 317/390 (317 done): 101 obs, 0 on-ag
  chunk 318/390 (318 done): 680,938 obs, 16,880 on-ag
  chunk 319/390 (319 done): 1,731,392 obs, 73,349 on-ag
  chunk 320/390 (320 done): 6,508,096 obs, 619,769 on-ag
  chunk 321/390 (321 done): 2,073,962 obs, 285,855 on-ag
  chunk 322/390 (322 done): 1,003,122 obs, 159,043 on-ag
  chunk 323/390 (323 done): 37,111 obs, 3,416 on-ag
  chunk 324/390 (324 done): 0 obs, 0 on-ag
  chunk 325/390 (325 done): 0 obs, 0 on-ag
  chunk 326/390 (326 done): 0 obs, 0 on-ag
  chunk 327/390 (327 done): 0 obs, 0 on-ag
  chunk 328/390 (328 done): 0 obs, 0 on-ag
  chunk 329/390 (329 done): 1 obs, 0 on-ag
  chunk 330/390 (330 done): 1 obs, 0 on-ag
  chunk 331/390 (331 done): 1,837 obs, 0 on-ag
  chunk 332/390 (332 done): 14,332 obs, 0 on-ag
  chunk 333/390 (333 done): 2,662,770 obs, 134,058 on-ag
  chunk 334/390 (334 done): 6,024,420 obs, 282,266 on-ag
  chunk 335/390 (335 done): 1,392,492 obs, 165,985 on-ag
  chunk 336/390 (336 done): 288,308 obs, 24,819 on-ag
  chunk 337/390 (337 done): 0 obs, 0 on-ag
  chunk 338/390 (338 done): 0 obs, 0 on-ag
  chunk 339/390 (339 done): 0 obs, 0 on-ag
  chunk 340/390 (340 done): 0 obs, 0 on-ag
  chunk 341/390 (341 done): 0 obs, 0 on-ag
  chunk 342/390 (342 done): 0 obs, 0 on-ag
  chunk 343/390 (343 done): 0 obs, 0 on-ag
  chunk 344/390 (344 done): 6 obs, 0 on-ag
  chunk 345/390 (345 done): 15 obs, 0 on-ag
  chunk 346/390 (346 done): 3,456 obs, 0 on-ag
  chunk 347/390 (347 done): 4,741,166 obs, 333,177 on-ag
  chunk 348/390 (348 done): 1,845,772 obs, 165,861 on-ag
  chunk 349/390 (349 done): 182,323 obs, 19,849 on-ag
  chunk 350/390 (350 done): 0 obs, 0 on-ag
  chunk 351/390 (351 done): 0 obs, 0 on-ag
  chunk 352/390 (352 done): 0 obs, 0 on-ag
  chunk 353/390 (353 done): 0 obs, 0 on-ag
  chunk 354/390 (354 done): 0 obs, 0 on-ag
  chunk 355/390 (355 done): 0 obs, 0 on-ag
  chunk 356/390 (356 done): 0 obs, 0 on-ag
  chunk 357/390 (357 done): 0 obs, 0 on-ag
  chunk 358/390 (358 done): 3 obs, 0 on-ag
  chunk 359/390 (359 done): 3,453 obs, 0 on-ag
  chunk 360/390 (360 done): 1,456,468 obs, 40,793 on-ag
  chunk 361/390 (361 done): 2,235,164 obs, 79,260 on-ag
  chunk 362/390 (362 done): 135,222 obs, 5,510 on-ag
  chunk 363/390 (363 done): 1,673 obs, 0 on-ag
  chunk 364/390 (364 done): 0 obs, 0 on-ag
  chunk 365/390 (365 done): 0 obs, 0 on-ag
  chunk 366/390 (366 done): 0 obs, 0 on-ag
  chunk 367/390 (367 done): 0 obs, 0 on-ag
  chunk 368/390 (368 done): 0 obs, 0 on-ag
  chunk 369/390 (369 done): 0 obs, 0 on-ag
  chunk 370/390 (370 done): 0 obs, 0 on-ag
  chunk 371/390 (371 done): 0 obs, 0 on-ag
  chunk 372/390 (372 done): 6,724 obs, 0 on-ag
  chunk 373/390 (373 done): 345 obs, 0 on-ag
  chunk 374/390 (374 done): 385,455 obs, 6,597 on-ag
  chunk 375/390 (375 done): 260,603 obs, 18,527 on-ag
  chunk 376/390 (376 done): 31,736 obs, 4,116 on-ag
  chunk 377/390 (377 done): 0 obs, 0 on-ag
  chunk 378/390 (378 done): 0 obs, 0 on-ag
  chunk 379/390 (379 done): 0 obs, 0 on-ag
  chunk 380/390 (380 done): 0 obs, 0 on-ag
  chunk 381/390 (381 done): 0 obs, 0 on-ag
  chunk 382/390 (382 done): 0 obs, 0 on-ag
  chunk 383/390 (383 done): 0 obs, 0 on-ag
  chunk 384/390 (384 done): 0 obs, 0 on-ag
  chunk 385/390 (385 done): 17 obs, 0 on-ag
  chunk 386/390 (386 done): 11 obs, 0 on-ag
  chunk 387/390 (387 done): 0 obs, 0 on-ag
  chunk 388/390 (388 done): 16,704 obs, 5,295 on-ag
  chunk 389/390 (389 done): 0 obs, 0 on-ag
  chunk 390/390 (390 done): 0 obs, 0 on-ag

================================================================
  CONUS 2024  (point ~30 m (v1-style))
  total observations         : 152,375,422
  % observations on farmland : 7.48%
  % of CONUS that is farmland: 23.73%
  OBSERVATIONAL DISPARITY    : 3.17   (>1 => farmland under-observed)
================================================================
  saved -> <project>/replication/outputs/pointmethod_2024_z12_RESULT.csv
