YEAR 2022 | zoom 12 (~19 m cells) | BINARY point classification (matches v1 30 m)
Earth Engine: computing CONUS farmland share ...
  farmland 1,927,709 km^2 of 8,080,060 km^2 land  => 23.86% of CONUS
GBIF x NLCD overlay: 390 chunks @ zoom 12  (resumable in ~/.csotf_pointmethod_ckpt)
  chunk 1/390 (1 done): 0 obs, 0 on-ag
  chunk 2/390 (2 done): 0 obs, 0 on-ag
  chunk 3/390 (3 done): 0 obs, 0 on-ag
  chunk 4/390 (4 done): 32 obs, 0 on-ag
  chunk 5/390 (5 done): 71 obs, 0 on-ag
  chunk 6/390 (6 done): 159 obs, 0 on-ag
  chunk 7/390 (7 done): 225,989 obs, 3 on-ag
  chunk 8/390 (8 done): 195,604 obs, 10,288 on-ag
  chunk 9/390 (9 done): 399,652 obs, 24,820 on-ag
  chunk 10/390 (10 done): 694,257 obs, 128,386 on-ag
  chunk 11/390 (11 done): 1,080,353 obs, 144,521 on-ag
  chunk 12/390 (12 done): 501,490 obs, 45,090 on-ag
  chunk 13/390 (13 done): 87,187 obs, 17,707 on-ag
  chunk 14/390 (14 done): 0 obs, 0 on-ag
  chunk 15/390 (15 done): 0 obs, 0 on-ag
  chunk 16/390 (16 done): 0 obs, 0 on-ag
  chunk 17/390 (17 done): 56 obs, 0 on-ag
  chunk 18/390 (18 done): 2,128 obs, 0 on-ag
  chunk 19/390 (19 done): 199,032 obs, 784 on-ag
  chunk 20/390 (20 done): 5,337,521 obs, 267,577 on-ag
  chunk 21/390 (21 done): 1,232,518 obs, 186,912 on-ag
  chunk 22/390 (22 done): 369,623 obs, 28,643 on-ag
  chunk 23/390 (23 done): 417,309 obs, 20,015 on-ag
  chunk 24/390 (24 done): 1,381,262 obs, 188,776 on-ag
  chunk 25/390 (25 done): 2,406,258 obs, 117,612 on-ag
  chunk 26/390 (26 done): 288,061 obs, 29,363 on-ag
  chunk 27/390 (27 done): 0 obs, 0 on-ag
  chunk 28/390 (28 done): 0 obs, 0 on-ag
  chunk 29/390 (29 done): 0 obs, 0 on-ag
  chunk 30/390 (30 done): 110 obs, 0 on-ag
  chunk 31/390 (31 done): 632,695 obs, 3,261 on-ag
  chunk 32/390 (32 done): 691,152 obs, 18,174 on-ag
  chunk 33/390 (33 done): 510,920 obs, 20,211 on-ag
  chunk 34/390 (34 done): 481,559 obs, 17,594 on-ag
  chunk 35/390 (35 done): 39,979 obs, 3,509 on-ag
  chunk 36/390 (36 done): 106,737 obs, 5,859 on-ag
  chunk 37/390 (37 done): 186,161 obs, 15,729 on-ag
  chunk 38/390 (38 done): 323,074 obs, 19,064 on-ag
  chunk 39/390 (39 done): 49,163 obs, 1,128 on-ag
  chunk 40/390 (40 done): 0 obs, 0 on-ag
  chunk 41/390 (41 done): 0 obs, 0 on-ag
  chunk 42/390 (42 done): 0 obs, 0 on-ag
  chunk 43/390 (43 done): 9,792 obs, 49 on-ag
  chunk 44/390 (44 done): 4,053,235 obs, 22,323 on-ag
  chunk 45/390 (45 done): 274,655 obs, 10,296 on-ag
  chunk 46/390 (46 done): 156,682 obs, 7,381 on-ag
  chunk 47/390 (47 done): 20,986 obs, 482 on-ag
  chunk 48/390 (48 done): 12,388 obs, 2,145 on-ag
  chunk 49/390 (49 done): 122,829 obs, 1,777 on-ag
  chunk 50/390 (50 done): 270,353 obs, 30,269 on-ag
  chunk 51/390 (51 done): 264,953 obs, 10,844 on-ag
  chunk 52/390 (52 done): 22,399 obs, 509 on-ag
  chunk 53/390 (53 done): 0 obs, 0 on-ag
  chunk 54/390 (54 done): 0 obs, 0 on-ag
  chunk 55/390 (55 done): 0 obs, 0 on-ag
  chunk 56/390 (56 done): 238 obs, 0 on-ag
  chunk 57/390 (57 done): 918,301 obs, 29,872 on-ag
  chunk 58/390 (58 done): 343,920 obs, 1,223 on-ag
  chunk 59/390 (59 done): 18,629 obs, 62 on-ag
  chunk 60/390 (60 done): 7,420 obs, 20 on-ag
  chunk 61/390 (61 done): 27,723 obs, 120 on-ag
  chunk 62/390 (62 done): 424,649 obs, 32,462 on-ag
  chunk 63/390 (63 done): 61,660 obs, 2,718 on-ag
  chunk 64/390 (64 done): 119,071 obs, 3,895 on-ag
  chunk 65/390 (65 done): 22,833 obs, 1,107 on-ag
  chunk 66/390 (66 done): 0 obs, 0 on-ag
  chunk 67/390 (67 done): 0 obs, 0 on-ag
  chunk 68/390 (68 done): 0 obs, 0 on-ag
  chunk 69/390 (69 done): 5,923 obs, 849 on-ag
  chunk 70/390 (70 done): 72,652 obs, 8,924 on-ag
  chunk 71/390 (71 done): 188,449 obs, 14 on-ag
  chunk 72/390 (72 done): 130,588 obs, 1,238 on-ag
  chunk 73/390 (73 done): 17,776 obs, 238 on-ag
  chunk 74/390 (74 done): 48,188 obs, 3,797 on-ag
  chunk 75/390 (75 done): 93,862 obs, 10,495 on-ag
  chunk 76/390 (76 done): 53,276 obs, 2,012 on-ag
  chunk 77/390 (77 done): 284,219 obs, 27,864 on-ag
  chunk 78/390 (78 done): 31,967 obs, 0 on-ag
  chunk 79/390 (79 done): 0 obs, 0 on-ag
  chunk 80/390 (80 done): 0 obs, 0 on-ag
  chunk 81/390 (81 done): 0 obs, 0 on-ag
  chunk 82/390 (82 done): 975,385 obs, 16,867 on-ag
  chunk 83/390 (83 done): 967,146 obs, 25,435 on-ag
  chunk 84/390 (84 done): 361,477 obs, 4,271 on-ag
  chunk 85/390 (85 done): 82,214 obs, 4,002 on-ag
  chunk 86/390 (86 done): 207,757 obs, 29,784 on-ag
  chunk 87/390 (87 done): 594,859 obs, 23,272 on-ag
  chunk 88/390 (88 done): 111,106 obs, 8,276 on-ag
  chunk 89/390 (89 done): 232,384 obs, 11,856 on-ag
  chunk 90/390 (90 done): 132,195 obs, 3,090 on-ag
  chunk 91/390 (91 done): 4,140 obs, 86 on-ag
  chunk 92/390 (92 done): 0 obs, 0 on-ag
  chunk 93/390 (93 done): 0 obs, 0 on-ag
  chunk 94/390 (94 done): 0 obs, 0 on-ag
  chunk 95/390 (95 done): 2,118,698 obs, 1,512 on-ag
  chunk 96/390 (96 done): 167,808 obs, 3,092 on-ag
  chunk 97/390 (97 done): 24,100 obs, 584 on-ag
  chunk 98/390 (98 done): 29,956 obs, 3,279 on-ag
  chunk 99/390 (99 done): 64,978 obs, 10,989 on-ag
  chunk 100/390 (100 done): 30,536 obs, 1,293 on-ag
  chunk 101/390 (101 done): 96,448 obs, 465 on-ag
  chunk 102/390 (102 done): 105,393 obs, 4,464 on-ag
  chunk 103/390 (103 done): 24,366 obs, 695 on-ag
  chunk 104/390 (104 done): 3,557 obs, 107 on-ag
  chunk 105/390 (105 done): 0 obs, 0 on-ag
  chunk 106/390 (106 done): 0 obs, 0 on-ag
  chunk 107/390 (107 done): 0 obs, 0 on-ag
  chunk 108/390 (108 done): 57,884 obs, 128 on-ag
  chunk 109/390 (109 done): 118,128 obs, 898 on-ag
  chunk 110/390 (110 done): 19,609 obs, 343 on-ag
  chunk 111/390 (111 done): 239,607 obs, 13,261 on-ag
  chunk 112/390 (112 done): 228,838 obs, 23,293 on-ag
  chunk 113/390 (113 done): 24,364 obs, 2,930 on-ag
  chunk 114/390 (114 done): 45,376 obs, 2,250 on-ag
  chunk 115/390 (115 done): 69,145 obs, 5,500 on-ag
  chunk 116/390 (116 done): 33,826 obs, 212 on-ag
  chunk 117/390 (117 done): 3,637 obs, 30 on-ag
  chunk 118/390 (118 done): 0 obs, 0 on-ag
  chunk 119/390 (119 done): 0 obs, 0 on-ag
  chunk 120/390 (120 done): 0 obs, 0 on-ag
  chunk 121/390 (121 done): 155,426 obs, 9,703 on-ag
  chunk 122/390 (122 done): 181,451 obs, 2,874 on-ag
  chunk 123/390 (123 done): 685,026 obs, 84,111 on-ag
  chunk 124/390 (124 done): 154,584 obs, 4,177 on-ag
  chunk 125/390 (125 done): 1,586,288 obs, 12,937 on-ag
  chunk 126/390 (126 done): 355,741 obs, 4,773 on-ag
  chunk 127/390 (127 done): 32,599 obs, 3,028 on-ag
  chunk 128/390 (128 done): 15,912 obs, 1,475 on-ag
  chunk 129/390 (129 done): 10,982 obs, 90 on-ag
  chunk 130/390 (130 done): 2,088 obs, 116 on-ag
  chunk 131/390 (131 done): 0 obs, 0 on-ag
  chunk 132/390 (132 done): 0 obs, 0 on-ag
  chunk 133/390 (133 done): 134,177 obs, 8 on-ag
  chunk 134/390 (134 done): 139,704 obs, 14,778 on-ag
  chunk 135/390 (135 done): 64,934 obs, 552 on-ag
  chunk 136/390 (136 done): 27,740 obs, 108 on-ag
  chunk 137/390 (137 done): 220,752 obs, 2,597 on-ag
  chunk 138/390 (138 done): 921,118 obs, 5,902 on-ag
  chunk 139/390 (139 done): 216,777 obs, 2,890 on-ag
  chunk 140/390 (140 done): 88,537 obs, 64 on-ag
  chunk 141/390 (141 done): 35,148 obs, 206 on-ag
  chunk 142/390 (142 done): 51,475 obs, 733 on-ag
  chunk 143/390 (143 done): 12,985 obs, 93 on-ag
  chunk 144/390 (144 done): 0 obs, 0 on-ag
  chunk 145/390 (145 done): 0 obs, 0 on-ag
  chunk 146/390 (146 done): 30,512 obs, 0 on-ag
  chunk 147/390 (147 done): 40,609 obs, 130 on-ag
  chunk 148/390 (148 done): 104,669 obs, 4,012 on-ag
  chunk 149/390 (149 done): 42,553 obs, 1,120 on-ag
  chunk 150/390 (150 done): 82,267 obs, 7,030 on-ag
  chunk 151/390 (151 done): 40,139 obs, 2,117 on-ag
  chunk 152/390 (152 done): 53,030 obs, 2,057 on-ag
  chunk 153/390 (153 done): 20,025 obs, 135 on-ag
  chunk 154/390 (154 done): 7,203 obs, 100 on-ag
  chunk 155/390 (155 done): 51,294 obs, 1,005 on-ag
  chunk 156/390 (156 done): 17,333 obs, 4,729 on-ag
  chunk 157/390 (157 done): 2,845 obs, 8 on-ag
  chunk 158/390 (158 done): 119,281 obs, 54 on-ag
  chunk 159/390 (159 done): 221,250 obs, 1,667 on-ag
  chunk 160/390 (160 done): 112,480 obs, 585 on-ag
  chunk 161/390 (161 done): 43,743 obs, 1,134 on-ag
  chunk 162/390 (162 done): 27,054 obs, 791 on-ag
  chunk 163/390 (163 done): 50,051 obs, 1,101 on-ag
  chunk 164/390 (164 done): 35,803 obs, 810 on-ag
  chunk 165/390 (165 done): 42,687 obs, 1,277 on-ag
  chunk 166/390 (166 done): 36,570 obs, 363 on-ag
  chunk 167/390 (167 done): 19,184 obs, 926 on-ag
  chunk 168/390 (168 done): 78,438 obs, 5,956 on-ag
  chunk 169/390 (169 done): 5,237 obs, 691 on-ag
  chunk 170/390 (170 done): 1,186,624 obs, 75,996 on-ag
  chunk 171/390 (171 done): 620,008 obs, 54,244 on-ag
  chunk 172/390 (172 done): 1,283,817 obs, 60,337 on-ag
  chunk 173/390 (173 done): 572,726 obs, 14,462 on-ag
  chunk 174/390 (174 done): 479,500 obs, 3,627 on-ag
  chunk 175/390 (175 done): 271,277 obs, 4,386 on-ag
  chunk 176/390 (176 done): 248,175 obs, 7,960 on-ag
  chunk 177/390 (177 done): 53,509 obs, 1,766 on-ag
  chunk 178/390 (178 done): 83,406 obs, 2,616 on-ag
  chunk 179/390 (179 done): 47,006 obs, 7,843 on-ag
  chunk 180/390 (180 done): 37,636 obs, 5,870 on-ag
  chunk 181/390 (181 done): 107,514 obs, 14,423 on-ag
  chunk 182/390 (182 done): 5,153 obs, 1,031 on-ag
  chunk 183/390 (183 done): 35 obs, 0 on-ag
  chunk 184/390 (184 done): 99,149 obs, 4,091 on-ag
  chunk 185/390 (185 done): 1,362,517 obs, 119,113 on-ag
  chunk 186/390 (186 done): 279,530 obs, 51,217 on-ag
  chunk 187/390 (187 done): 524,427 obs, 23,974 on-ag
  chunk 188/390 (188 done): 151,433 obs, 18,569 on-ag
  chunk 189/390 (189 done): 90,285 obs, 11,949 on-ag
  chunk 190/390 (190 done): 373,481 obs, 50,724 on-ag
  chunk 191/390 (191 done): 304,802 obs, 18,917 on-ag
  chunk 192/390 (192 done): 137,674 obs, 25,124 on-ag
  chunk 193/390 (193 done): 114,581 obs, 17,163 on-ag
  chunk 194/390 (194 done): 170,673 obs, 28,158 on-ag
  chunk 195/390 (195 done): 13,519 obs, 2,024 on-ag
  chunk 196/390 (196 done): 15 obs, 0 on-ag
  chunk 197/390 (197 done): 1,614 obs, 0 on-ag
  chunk 198/390 (198 done): 870,919 obs, 51,852 on-ag
  chunk 199/390 (199 done): 168,319 obs, 21,719 on-ag
  chunk 200/390 (200 done): 125,843 obs, 8,251 on-ag
  chunk 201/390 (201 done): 250,479 obs, 34,515 on-ag
  chunk 202/390 (202 done): 226,091 obs, 51,943 on-ag
  chunk 203/390 (203 done): 456,794 obs, 60,103 on-ag
  chunk 204/390 (204 done): 261,929 obs, 39,871 on-ag
  chunk 205/390 (205 done): 148,137 obs, 26,369 on-ag
  chunk 206/390 (206 done): 1,365,898 obs, 122,522 on-ag
  chunk 207/390 (207 done): 88,070 obs, 1,251 on-ag
  chunk 208/390 (208 done): 8,108 obs, 89 on-ag
  chunk 209/390 (209 done): 0 obs, 0 on-ag
  chunk 210/390 (210 done): 58 obs, 0 on-ag
  chunk 211/390 (211 done): 303,969 obs, 26,082 on-ag
  chunk 212/390 (212 done): 137,622 obs, 21,704 on-ag
  chunk 213/390 (213 done): 100,888 obs, 12,263 on-ag
  chunk 214/390 (214 done): 277,377 obs, 51,770 on-ag
  chunk 215/390 (215 done): 123,183 obs, 34,856 on-ag
  chunk 216/390 (216 done): 263,026 obs, 35,424 on-ag
  chunk 217/390 (217 done): 263,622 obs, 41,559 on-ag
  chunk 218/390 (218 done): 334,119 obs, 61,966 on-ag
  chunk 219/390 (219 done): 650,607 obs, 88,516 on-ag
  chunk 220/390 (220 done): 366,216 obs, 6,053 on-ag
  chunk 221/390 (221 done): 609 obs, 0 on-ag
  chunk 222/390 (222 done): 3 obs, 0 on-ag
  chunk 223/390 (223 done): 44 obs, 0 on-ag
  chunk 224/390 (224 done): 442,445 obs, 3,846 on-ag
  chunk 225/390 (225 done): 153,170 obs, 11,874 on-ag
  chunk 226/390 (226 done): 79,971 obs, 15,564 on-ag
  chunk 227/390 (227 done): 281,120 obs, 66,029 on-ag
  chunk 228/390 (228 done): 361,559 obs, 54,978 on-ag
  chunk 229/390 (229 done): 813,903 obs, 67,965 on-ag
  chunk 230/390 (230 done): 510,344 obs, 80,133 on-ag
  chunk 231/390 (231 done): 1,176,084 obs, 203,576 on-ag
  chunk 232/390 (232 done): 308,272 obs, 28,129 on-ag
  chunk 233/390 (233 done): 97,158 obs, 1,874 on-ag
  chunk 234/390 (234 done): 0 obs, 0 on-ag
  chunk 235/390 (235 done): 3 obs, 0 on-ag
  chunk 236/390 (236 done): 4 obs, 0 on-ag
  chunk 237/390 (237 done): 485,455 obs, 4,374 on-ag
  chunk 238/390 (238 done): 197,434 obs, 7,480 on-ag
  chunk 239/390 (239 done): 174,780 obs, 21,913 on-ag
  chunk 240/390 (240 done): 340,849 obs, 83,772 on-ag
  chunk 241/390 (241 done): 418,166 obs, 60,585 on-ag
  chunk 242/390 (242 done): 514,934 obs, 75,665 on-ag
  chunk 243/390 (243 done): 2,831,609 obs, 162,989 on-ag
  chunk 244/390 (244 done): 1,322,567 obs, 118,989 on-ag
  chunk 245/390 (245 done): 345,145 obs, 14,477 on-ag
  chunk 246/390 (246 done): 91,044 obs, 375 on-ag
  chunk 247/390 (247 done): 0 obs, 0 on-ag
  chunk 248/390 (248 done): 0 obs, 0 on-ag
  chunk 249/390 (249 done): 7,767 obs, 0 on-ag
  chunk 250/390 (250 done): 110,205 obs, 428 on-ag
  chunk 251/390 (251 done): 181,390 obs, 27,439 on-ag
  chunk 252/390 (252 done): 331,960 obs, 35,671 on-ag
  chunk 253/390 (253 done): 844,864 obs, 115,416 on-ag
  chunk 254/390 (254 done): 471,282 obs, 116,332 on-ag
  chunk 255/390 (255 done): 1,022,921 obs, 110,931 on-ag
  chunk 256/390 (256 done): 876,376 obs, 86,486 on-ag
  chunk 257/390 (257 done): 783,123 obs, 49,115 on-ag
  chunk 258/390 (258 done): 301,843 obs, 13,242 on-ag
  chunk 259/390 (259 done): 17,769 obs, 0 on-ag
  chunk 260/390 (260 done): 0 obs, 0 on-ag
  chunk 261/390 (261 done): 261 obs, 0 on-ag
  chunk 262/390 (262 done): 8,021 obs, 0 on-ag
  chunk 263/390 (263 done): 463,023 obs, 45,157 on-ag
  chunk 264/390 (264 done): 372,072 obs, 87,688 on-ag
  chunk 265/390 (265 done): 1,280,722 obs, 110,017 on-ag
  chunk 266/390 (266 done): 887,877 obs, 175,413 on-ag
  chunk 267/390 (267 done): 321,922 obs, 76,958 on-ag
  chunk 268/390 (268 done): 1,358,865 obs, 238,920 on-ag
  chunk 269/390 (269 done): 2,284,359 obs, 178,706 on-ag
  chunk 270/390 (270 done): 1,083,734 obs, 56,269 on-ag
  chunk 271/390 (271 done): 235,969 obs, 10,564 on-ag
  chunk 272/390 (272 done): 40,684 obs, 0 on-ag
  chunk 273/390 (273 done): 0 obs, 0 on-ag
  chunk 274/390 (274 done): 550,932 obs, 3,587 on-ag
  chunk 275/390 (275 done): 2,270,845 obs, 74,812 on-ag
  chunk 276/390 (276 done): 1,971,203 obs, 169,232 on-ag
  chunk 277/390 (277 done): 495,967 obs, 13,103 on-ag
  chunk 278/390 (278 done): 351,444 obs, 22,807 on-ag
  chunk 279/390 (279 done): 1,239,160 obs, 140,462 on-ag
  chunk 280/390 (280 done): 272,543 obs, 20,534 on-ag
  chunk 281/390 (281 done): 851,278 obs, 95,679 on-ag
  chunk 282/390 (282 done): 1,738,918 obs, 147,357 on-ag
  chunk 283/390 (283 done): 193,218 obs, 10,707 on-ag
  chunk 284/390 (284 done): 0 obs, 0 on-ag
  chunk 285/390 (285 done): 0 obs, 0 on-ag
  chunk 286/390 (286 done): 0 obs, 0 on-ag
  chunk 287/390 (287 done): 790,683 obs, 40,839 on-ag
  chunk 288/390 (288 done): 808,588 obs, 60,110 on-ag
  chunk 289/390 (289 done): 287,819 obs, 42,793 on-ag
  chunk 290/390 (290 done): 264,983 obs, 162 on-ag
  chunk 291/390 (291 done): 809,145 obs, 51,114 on-ag
  chunk 292/390 (292 done): 1,321,995 obs, 109,269 on-ag
  chunk 293/390 (293 done): 761,843 obs, 112,098 on-ag
  chunk 294/390 (294 done): 763,161 obs, 74,715 on-ag
  chunk 295/390 (295 done): 1,013,298 obs, 107,151 on-ag
  chunk 296/390 (296 done): 74,437 obs, 1,387 on-ag
  chunk 297/390 (297 done): 0 obs, 0 on-ag
  chunk 298/390 (298 done): 0 obs, 0 on-ag
  chunk 299/390 (299 done): 0 obs, 0 on-ag
  chunk 300/390 (300 done): 0 obs, 0 on-ag
  chunk 301/390 (301 done): 0 obs, 0 on-ag
  chunk 302/390 (302 done): 4 obs, 0 on-ag
  chunk 303/390 (303 done): 5 obs, 0 on-ag
  chunk 304/390 (304 done): 283,741 obs, 1,668 on-ag
  chunk 305/390 (305 done): 1,093,196 obs, 85,972 on-ag
  chunk 306/390 (306 done): 1,025,348 obs, 118,830 on-ag
  chunk 307/390 (307 done): 3,218,278 obs, 355,014 on-ag
  chunk 308/390 (308 done): 688,828 obs, 94,568 on-ag
  chunk 309/390 (309 done): 1,064,366 obs, 140,274 on-ag
  chunk 310/390 (310 done): 0 obs, 0 on-ag
  chunk 311/390 (311 done): 0 obs, 0 on-ag
  chunk 312/390 (312 done): 0 obs, 0 on-ag
  chunk 313/390 (313 done): 0 obs, 0 on-ag
  chunk 314/390 (314 done): 0 obs, 0 on-ag
  chunk 315/390 (315 done): 0 obs, 0 on-ag
  chunk 316/390 (316 done): 4 obs, 0 on-ag
  chunk 317/390 (317 done): 116 obs, 0 on-ag
  chunk 318/390 (318 done): 602,041 obs, 13,589 on-ag
  chunk 319/390 (319 done): 1,423,439 obs, 70,191 on-ag
  chunk 320/390 (320 done): 5,837,461 obs, 578,947 on-ag
  chunk 321/390 (321 done): 1,775,532 obs, 234,067 on-ag
  chunk 322/390 (322 done): 870,884 obs, 149,655 on-ag
  chunk 323/390 (323 done): 34,157 obs, 5,294 on-ag
  chunk 324/390 (324 done): 0 obs, 0 on-ag
  chunk 325/390 (325 done): 0 obs, 0 on-ag
  chunk 326/390 (326 done): 0 obs, 0 on-ag
  chunk 327/390 (327 done): 0 obs, 0 on-ag
  chunk 328/390 (328 done): 0 obs, 0 on-ag
  chunk 329/390 (329 done): 32 obs, 0 on-ag
  chunk 330/390 (330 done): 1 obs, 0 on-ag
  chunk 331/390 (331 done): 211 obs, 0 on-ag
  chunk 332/390 (332 done): 15,869 obs, 0 on-ag
  chunk 333/390 (333 done): 2,356,447 obs, 117,178 on-ag
  chunk 334/390 (334 done): 5,389,811 obs, 267,407 on-ag
  chunk 335/390 (335 done): 1,225,321 obs, 158,813 on-ag
  chunk 336/390 (336 done): 243,028 obs, 23,572 on-ag
  chunk 337/390 (337 done): 0 obs, 0 on-ag
  chunk 338/390 (338 done): 0 obs, 0 on-ag
  chunk 339/390 (339 done): 0 obs, 0 on-ag
  chunk 340/390 (340 done): 0 obs, 0 on-ag
  chunk 341/390 (341 done): 0 obs, 0 on-ag
  chunk 342/390 (342 done): 0 obs, 0 on-ag
  chunk 343/390 (343 done): 0 obs, 0 on-ag
  chunk 344/390 (344 done): 3 obs, 0 on-ag
  chunk 345/390 (345 done): 503 obs, 0 on-ag
  chunk 346/390 (346 done): 5,859 obs, 0 on-ag
  chunk 347/390 (347 done): 4,058,443 obs, 277,578 on-ag
  chunk 348/390 (348 done): 1,694,556 obs, 170,936 on-ag
  chunk 349/390 (349 done): 170,547 obs, 18,545 on-ag
  chunk 350/390 (350 done): 0 obs, 0 on-ag
  chunk 351/390 (351 done): 0 obs, 0 on-ag
  chunk 352/390 (352 done): 0 obs, 0 on-ag
  chunk 353/390 (353 done): 0 obs, 0 on-ag
  chunk 354/390 (354 done): 0 obs, 0 on-ag
  chunk 355/390 (355 done): 0 obs, 0 on-ag
  chunk 356/390 (356 done): 0 obs, 0 on-ag
  chunk 357/390 (357 done): 0 obs, 0 on-ag
  chunk 358/390 (358 done): 0 obs, 0 on-ag
  chunk 359/390 (359 done): 6,450 obs, 0 on-ag
  chunk 360/390 (360 done): 1,221,743 obs, 31,949 on-ag
  chunk 361/390 (361 done): 2,028,013 obs, 92,057 on-ag
  chunk 362/390 (362 done): 188,289 obs, 6,720 on-ag
  chunk 363/390 (363 done): 8,800 obs, 13 on-ag
  chunk 364/390 (364 done): 0 obs, 0 on-ag
  chunk 365/390 (365 done): 0 obs, 0 on-ag
  chunk 366/390 (366 done): 0 obs, 0 on-ag
  chunk 367/390 (367 done): 0 obs, 0 on-ag
  chunk 368/390 (368 done): 0 obs, 0 on-ag
  chunk 369/390 (369 done): 0 obs, 0 on-ag
  chunk 370/390 (370 done): 0 obs, 0 on-ag
  chunk 371/390 (371 done): 0 obs, 0 on-ag
  chunk 372/390 (372 done): 341 obs, 0 on-ag
  chunk 373/390 (373 done): 373 obs, 0 on-ag
  chunk 374/390 (374 done): 322,137 obs, 5,887 on-ag
  chunk 375/390 (375 done): 298,210 obs, 18,427 on-ag
  chunk 376/390 (376 done): 45,900 obs, 3,448 on-ag
  chunk 377/390 (377 done): 0 obs, 0 on-ag
  chunk 378/390 (378 done): 0 obs, 0 on-ag
  chunk 379/390 (379 done): 0 obs, 0 on-ag
  chunk 380/390 (380 done): 0 obs, 0 on-ag
  chunk 381/390 (381 done): 0 obs, 0 on-ag
  chunk 382/390 (382 done): 0 obs, 0 on-ag
  chunk 383/390 (383 done): 0 obs, 0 on-ag
  chunk 384/390 (384 done): 0 obs, 0 on-ag
  chunk 385/390 (385 done): 0 obs, 0 on-ag
  chunk 386/390 (386 done): 2 obs, 0 on-ag
  chunk 387/390 (387 done): 0 obs, 0 on-ag
  chunk 388/390 (388 done): 24,055 obs, 5,370 on-ag
  chunk 389/390 (389 done): 0 obs, 0 on-ag
  chunk 390/390 (390 done): 0 obs, 0 on-ag

================================================================
  CONUS 2022  (point ~30 m (v1-style))
  total observations         : 133,171,191
  % observations on farmland : 7.74%
  % of CONUS that is farmland: 23.86%
  OBSERVATIONAL DISPARITY    : 3.08   (>1 => farmland under-observed)
================================================================
  saved -> <project>/replication/outputs/pointmethod_2022_z12_RESULT.csv
