YEAR 2020 | zoom 12 (~19 m cells) | BINARY point classification (matches v1 30 m)
Earth Engine: computing CONUS farmland share ...
  farmland 1,931,534 km^2 of 8,080,060 km^2 land  => 23.90% of CONUS
GBIF x NLCD overlay: 390 chunks @ zoom 12  (resumable in ~/.csotf_pointmethod_ckpt)
  chunk 1/390 (1 done): 0 obs, 0 on-ag
  chunk 2/390 (2 done): 0 obs, 0 on-ag
  chunk 3/390 (3 done): 0 obs, 0 on-ag
  chunk 4/390 (4 done): 21 obs, 0 on-ag
  chunk 5/390 (5 done): 98 obs, 0 on-ag
  chunk 6/390 (6 done): 84 obs, 0 on-ag
  chunk 7/390 (7 done): 180,469 obs, 49 on-ag
  chunk 8/390 (8 done): 174,324 obs, 4,721 on-ag
  chunk 9/390 (9 done): 385,519 obs, 28,485 on-ag
  chunk 10/390 (10 done): 635,286 obs, 130,093 on-ag
  chunk 11/390 (11 done): 946,341 obs, 135,616 on-ag
  chunk 12/390 (12 done): 368,657 obs, 55,658 on-ag
  chunk 13/390 (13 done): 48,338 obs, 7,806 on-ag
  chunk 14/390 (14 done): 0 obs, 0 on-ag
  chunk 15/390 (15 done): 0 obs, 0 on-ag
  chunk 16/390 (16 done): 0 obs, 0 on-ag
  chunk 17/390 (17 done): 63 obs, 0 on-ag
  chunk 18/390 (18 done): 930 obs, 0 on-ag
  chunk 19/390 (19 done): 142,013 obs, 367 on-ag
  chunk 20/390 (20 done): 4,379,474 obs, 211,016 on-ag
  chunk 21/390 (21 done): 1,180,273 obs, 203,923 on-ag
  chunk 22/390 (22 done): 347,773 obs, 29,816 on-ag
  chunk 23/390 (23 done): 340,363 obs, 22,997 on-ag
  chunk 24/390 (24 done): 1,186,030 obs, 173,803 on-ag
  chunk 25/390 (25 done): 2,157,632 obs, 121,830 on-ag
  chunk 26/390 (26 done): 239,206 obs, 29,274 on-ag
  chunk 27/390 (27 done): 0 obs, 0 on-ag
  chunk 28/390 (28 done): 0 obs, 0 on-ag
  chunk 29/390 (29 done): 0 obs, 0 on-ag
  chunk 30/390 (30 done): 692 obs, 0 on-ag
  chunk 31/390 (31 done): 503,724 obs, 4,851 on-ag
  chunk 32/390 (32 done): 644,491 obs, 20,868 on-ag
  chunk 33/390 (33 done): 375,836 obs, 16,079 on-ag
  chunk 34/390 (34 done): 375,623 obs, 9,522 on-ag
  chunk 35/390 (35 done): 57,261 obs, 5,053 on-ag
  chunk 36/390 (36 done): 94,681 obs, 4,404 on-ag
  chunk 37/390 (37 done): 151,898 obs, 14,708 on-ag
  chunk 38/390 (38 done): 233,835 obs, 13,996 on-ag
  chunk 39/390 (39 done): 33,325 obs, 1,137 on-ag
  chunk 40/390 (40 done): 0 obs, 0 on-ag
  chunk 41/390 (41 done): 0 obs, 0 on-ag
  chunk 42/390 (42 done): 0 obs, 0 on-ag
  chunk 43/390 (43 done): 5,656 obs, 17 on-ag
  chunk 44/390 (44 done): 3,110,253 obs, 14,949 on-ag
  chunk 45/390 (45 done): 235,939 obs, 8,470 on-ag
  chunk 46/390 (46 done): 117,738 obs, 10,184 on-ag
  chunk 47/390 (47 done): 19,146 obs, 261 on-ag
  chunk 48/390 (48 done): 12,112 obs, 3,854 on-ag
  chunk 49/390 (49 done): 98,952 obs, 1,786 on-ag
  chunk 50/390 (50 done): 241,114 obs, 26,112 on-ag
  chunk 51/390 (51 done): 231,877 obs, 15,657 on-ag
  chunk 52/390 (52 done): 23,837 obs, 576 on-ag
  chunk 53/390 (53 done): 0 obs, 0 on-ag
  chunk 54/390 (54 done): 0 obs, 0 on-ag
  chunk 55/390 (55 done): 0 obs, 0 on-ag
  chunk 56/390 (56 done): 108 obs, 1 on-ag
  chunk 57/390 (57 done): 730,267 obs, 20,593 on-ag
  chunk 58/390 (58 done): 183,566 obs, 976 on-ag
  chunk 59/390 (59 done): 17,080 obs, 6 on-ag
  chunk 60/390 (60 done): 6,339 obs, 98 on-ag
  chunk 61/390 (61 done): 13,571 obs, 199 on-ag
  chunk 62/390 (62 done): 361,021 obs, 36,347 on-ag
  chunk 63/390 (63 done): 70,986 obs, 2,841 on-ag
  chunk 64/390 (64 done): 133,539 obs, 5,922 on-ag
  chunk 65/390 (65 done): 30,395 obs, 1,915 on-ag
  chunk 66/390 (66 done): 0 obs, 0 on-ag
  chunk 67/390 (67 done): 0 obs, 0 on-ag
  chunk 68/390 (68 done): 0 obs, 0 on-ag
  chunk 69/390 (69 done): 3,322 obs, 76 on-ag
  chunk 70/390 (70 done): 99,484 obs, 11,946 on-ag
  chunk 71/390 (71 done): 140,334 obs, 69 on-ag
  chunk 72/390 (72 done): 96,090 obs, 1,501 on-ag
  chunk 73/390 (73 done): 16,529 obs, 306 on-ag
  chunk 74/390 (74 done): 36,062 obs, 2,225 on-ag
  chunk 75/390 (75 done): 77,336 obs, 8,976 on-ag
  chunk 76/390 (76 done): 54,135 obs, 3,996 on-ag
  chunk 77/390 (77 done): 276,010 obs, 32,214 on-ag
  chunk 78/390 (78 done): 16,965 obs, 3 on-ag
  chunk 79/390 (79 done): 0 obs, 0 on-ag
  chunk 80/390 (80 done): 0 obs, 0 on-ag
  chunk 81/390 (81 done): 0 obs, 0 on-ag
  chunk 82/390 (82 done): 769,131 obs, 7,709 on-ag
  chunk 83/390 (83 done): 817,320 obs, 42,793 on-ag
  chunk 84/390 (84 done): 358,637 obs, 3,286 on-ag
  chunk 85/390 (85 done): 62,345 obs, 1,751 on-ag
  chunk 86/390 (86 done): 190,480 obs, 25,910 on-ag
  chunk 87/390 (87 done): 489,518 obs, 20,740 on-ag
  chunk 88/390 (88 done): 96,190 obs, 5,603 on-ag
  chunk 89/390 (89 done): 232,884 obs, 7,301 on-ag
  chunk 90/390 (90 done): 117,617 obs, 2,071 on-ag
  chunk 91/390 (91 done): 4,186 obs, 171 on-ag
  chunk 92/390 (92 done): 0 obs, 0 on-ag
  chunk 93/390 (93 done): 0 obs, 0 on-ag
  chunk 94/390 (94 done): 0 obs, 0 on-ag
  chunk 95/390 (95 done): 1,344,234 obs, 892 on-ag
  chunk 96/390 (96 done): 144,127 obs, 3,672 on-ag
  chunk 97/390 (97 done): 44,942 obs, 543 on-ag
  chunk 98/390 (98 done): 18,699 obs, 3,289 on-ag
  chunk 99/390 (99 done): 54,469 obs, 8,725 on-ag
  chunk 100/390 (100 done): 26,271 obs, 909 on-ag
  chunk 101/390 (101 done): 65,320 obs, 334 on-ag
  chunk 102/390 (102 done): 92,005 obs, 5,086 on-ag
  chunk 103/390 (103 done): 13,847 obs, 275 on-ag
  chunk 104/390 (104 done): 1,245 obs, 50 on-ag
  chunk 105/390 (105 done): 0 obs, 0 on-ag
  chunk 106/390 (106 done): 0 obs, 0 on-ag
  chunk 107/390 (107 done): 0 obs, 0 on-ag
  chunk 108/390 (108 done): 39,492 obs, 141 on-ag
  chunk 109/390 (109 done): 86,934 obs, 916 on-ag
  chunk 110/390 (110 done): 7,474 obs, 12 on-ag
  chunk 111/390 (111 done): 194,746 obs, 10,528 on-ag
  chunk 112/390 (112 done): 164,116 obs, 19,742 on-ag
  chunk 113/390 (113 done): 19,544 obs, 1,169 on-ag
  chunk 114/390 (114 done): 67,756 obs, 1,765 on-ag
  chunk 115/390 (115 done): 62,338 obs, 7,874 on-ag
  chunk 116/390 (116 done): 28,490 obs, 162 on-ag
  chunk 117/390 (117 done): 1,641 obs, 2 on-ag
  chunk 118/390 (118 done): 0 obs, 0 on-ag
  chunk 119/390 (119 done): 0 obs, 0 on-ag
  chunk 120/390 (120 done): 0 obs, 0 on-ag
  chunk 121/390 (121 done): 137,255 obs, 9,270 on-ag
  chunk 122/390 (122 done): 135,744 obs, 2,740 on-ag
  chunk 123/390 (123 done): 726,265 obs, 79,266 on-ag
  chunk 124/390 (124 done): 131,882 obs, 4,357 on-ag
  chunk 125/390 (125 done): 1,402,216 obs, 15,665 on-ag
  chunk 126/390 (126 done): 323,820 obs, 3,296 on-ag
  chunk 127/390 (127 done): 34,657 obs, 3,791 on-ag
  chunk 128/390 (128 done): 19,733 obs, 3,289 on-ag
  chunk 129/390 (129 done): 10,162 obs, 102 on-ag
  chunk 130/390 (130 done): 3,711 obs, 200 on-ag
  chunk 131/390 (131 done): 0 obs, 0 on-ag
  chunk 132/390 (132 done): 0 obs, 0 on-ag
  chunk 133/390 (133 done): 64,421 obs, 0 on-ag
  chunk 134/390 (134 done): 103,768 obs, 7,941 on-ag
  chunk 135/390 (135 done): 64,585 obs, 1,226 on-ag
  chunk 136/390 (136 done): 33,045 obs, 435 on-ag
  chunk 137/390 (137 done): 173,072 obs, 201 on-ag
  chunk 138/390 (138 done): 844,124 obs, 5,561 on-ag
  chunk 139/390 (139 done): 196,818 obs, 3,651 on-ag
  chunk 140/390 (140 done): 70,976 obs, 208 on-ag
  chunk 141/390 (141 done): 26,257 obs, 99 on-ag
  chunk 142/390 (142 done): 38,823 obs, 424 on-ag
  chunk 143/390 (143 done): 13,109 obs, 251 on-ag
  chunk 144/390 (144 done): 0 obs, 0 on-ag
  chunk 145/390 (145 done): 0 obs, 0 on-ag
  chunk 146/390 (146 done): 12,891 obs, 0 on-ag
  chunk 147/390 (147 done): 48,197 obs, 68 on-ag
  chunk 148/390 (148 done): 90,464 obs, 3,290 on-ag
  chunk 149/390 (149 done): 48,992 obs, 538 on-ag
  chunk 150/390 (150 done): 81,184 obs, 8,783 on-ag
  chunk 151/390 (151 done): 26,181 obs, 1,727 on-ag
  chunk 152/390 (152 done): 38,730 obs, 1,009 on-ag
  chunk 153/390 (153 done): 18,118 obs, 124 on-ag
  chunk 154/390 (154 done): 9,466 obs, 124 on-ag
  chunk 155/390 (155 done): 44,645 obs, 524 on-ag
  chunk 156/390 (156 done): 14,536 obs, 2,996 on-ag
  chunk 157/390 (157 done): 2,312 obs, 3 on-ag
  chunk 158/390 (158 done): 91,929 obs, 95 on-ag
  chunk 159/390 (159 done): 139,157 obs, 1,391 on-ag
  chunk 160/390 (160 done): 106,569 obs, 319 on-ag
  chunk 161/390 (161 done): 45,258 obs, 1,064 on-ag
  chunk 162/390 (162 done): 21,453 obs, 337 on-ag
  chunk 163/390 (163 done): 29,576 obs, 764 on-ag
  chunk 164/390 (164 done): 30,692 obs, 1,321 on-ag
  chunk 165/390 (165 done): 23,951 obs, 668 on-ag
  chunk 166/390 (166 done): 30,361 obs, 346 on-ag
  chunk 167/390 (167 done): 11,469 obs, 333 on-ag
  chunk 168/390 (168 done): 74,296 obs, 2,425 on-ag
  chunk 169/390 (169 done): 6,724 obs, 318 on-ag
  chunk 170/390 (170 done): 682,494 obs, 57,739 on-ag
  chunk 171/390 (171 done): 420,879 obs, 59,619 on-ag
  chunk 172/390 (172 done): 1,245,584 obs, 94,973 on-ag
  chunk 173/390 (173 done): 583,571 obs, 13,002 on-ag
  chunk 174/390 (174 done): 483,418 obs, 4,818 on-ag
  chunk 175/390 (175 done): 249,879 obs, 7,820 on-ag
  chunk 176/390 (176 done): 213,139 obs, 8,097 on-ag
  chunk 177/390 (177 done): 48,834 obs, 1,624 on-ag
  chunk 178/390 (178 done): 65,515 obs, 3,529 on-ag
  chunk 179/390 (179 done): 57,359 obs, 7,701 on-ag
  chunk 180/390 (180 done): 36,310 obs, 5,514 on-ag
  chunk 181/390 (181 done): 76,541 obs, 6,417 on-ag
  chunk 182/390 (182 done): 3,551 obs, 513 on-ag
  chunk 183/390 (183 done): 15 obs, 0 on-ag
  chunk 184/390 (184 done): 82,750 obs, 1,447 on-ag
  chunk 185/390 (185 done): 1,193,281 obs, 120,127 on-ag
  chunk 186/390 (186 done): 285,090 obs, 41,229 on-ag
  chunk 187/390 (187 done): 523,392 obs, 23,162 on-ag
  chunk 188/390 (188 done): 121,155 obs, 8,608 on-ag
  chunk 189/390 (189 done): 66,456 obs, 8,347 on-ag
  chunk 190/390 (190 done): 400,950 obs, 74,052 on-ag
  chunk 191/390 (191 done): 291,844 obs, 21,055 on-ag
  chunk 192/390 (192 done): 112,812 obs, 20,100 on-ag
  chunk 193/390 (193 done): 122,433 obs, 19,206 on-ag
  chunk 194/390 (194 done): 112,739 obs, 30,812 on-ag
  chunk 195/390 (195 done): 5,072 obs, 513 on-ag
  chunk 196/390 (196 done): 15 obs, 0 on-ag
  chunk 197/390 (197 done): 18 obs, 0 on-ag
  chunk 198/390 (198 done): 417,550 obs, 35,263 on-ag
  chunk 199/390 (199 done): 158,609 obs, 22,648 on-ag
  chunk 200/390 (200 done): 91,989 obs, 5,697 on-ag
  chunk 201/390 (201 done): 204,509 obs, 31,232 on-ag
  chunk 202/390 (202 done): 197,413 obs, 46,911 on-ag
  chunk 203/390 (203 done): 420,854 obs, 57,308 on-ag
  chunk 204/390 (204 done): 212,981 obs, 37,293 on-ag
  chunk 205/390 (205 done): 133,390 obs, 29,739 on-ag
  chunk 206/390 (206 done): 1,136,673 obs, 122,942 on-ag
  chunk 207/390 (207 done): 77,692 obs, 972 on-ag
  chunk 208/390 (208 done): 2,700 obs, 39 on-ag
  chunk 209/390 (209 done): 0 obs, 0 on-ag
  chunk 210/390 (210 done): 14 obs, 0 on-ag
  chunk 211/390 (211 done): 236,167 obs, 15,672 on-ag
  chunk 212/390 (212 done): 135,300 obs, 14,878 on-ag
  chunk 213/390 (213 done): 75,376 obs, 8,116 on-ag
  chunk 214/390 (214 done): 243,340 obs, 41,638 on-ag
  chunk 215/390 (215 done): 105,541 obs, 33,839 on-ag
  chunk 216/390 (216 done): 279,539 obs, 36,114 on-ag
  chunk 217/390 (217 done): 252,496 obs, 46,539 on-ag
  chunk 218/390 (218 done): 288,498 obs, 51,110 on-ag
  chunk 219/390 (219 done): 502,981 obs, 72,951 on-ag
  chunk 220/390 (220 done): 292,342 obs, 7,569 on-ag
  chunk 221/390 (221 done): 524 obs, 0 on-ag
  chunk 222/390 (222 done): 1 obs, 0 on-ag
  chunk 223/390 (223 done): 8 obs, 0 on-ag
  chunk 224/390 (224 done): 381,941 obs, 4,385 on-ag
  chunk 225/390 (225 done): 124,823 obs, 11,716 on-ag
  chunk 226/390 (226 done): 78,082 obs, 13,220 on-ag
  chunk 227/390 (227 done): 330,874 obs, 86,226 on-ag
  chunk 228/390 (228 done): 357,219 obs, 61,948 on-ag
  chunk 229/390 (229 done): 733,126 obs, 83,166 on-ag
  chunk 230/390 (230 done): 429,197 obs, 81,278 on-ag
  chunk 231/390 (231 done): 1,021,130 obs, 179,885 on-ag
  chunk 232/390 (232 done): 208,148 obs, 18,464 on-ag
  chunk 233/390 (233 done): 85,257 obs, 1,559 on-ag
  chunk 234/390 (234 done): 0 obs, 0 on-ag
  chunk 235/390 (235 done): 1 obs, 0 on-ag
  chunk 236/390 (236 done): 13 obs, 0 on-ag
  chunk 237/390 (237 done): 273,982 obs, 2,807 on-ag
  chunk 238/390 (238 done): 158,873 obs, 9,347 on-ag
  chunk 239/390 (239 done): 162,697 obs, 19,925 on-ag
  chunk 240/390 (240 done): 261,830 obs, 79,216 on-ag
  chunk 241/390 (241 done): 356,959 obs, 62,824 on-ag
  chunk 242/390 (242 done): 467,561 obs, 62,886 on-ag
  chunk 243/390 (243 done): 2,312,144 obs, 161,485 on-ag
  chunk 244/390 (244 done): 1,125,324 obs, 107,858 on-ag
  chunk 245/390 (245 done): 294,505 obs, 11,441 on-ag
  chunk 246/390 (246 done): 93,846 obs, 234 on-ag
  chunk 247/390 (247 done): 0 obs, 0 on-ag
  chunk 248/390 (248 done): 1 obs, 0 on-ag
  chunk 249/390 (249 done): 7 obs, 0 on-ag
  chunk 250/390 (250 done): 99,092 obs, 4,017 on-ag
  chunk 251/390 (251 done): 149,822 obs, 25,993 on-ag
  chunk 252/390 (252 done): 273,808 obs, 34,229 on-ag
  chunk 253/390 (253 done): 666,935 obs, 105,839 on-ag
  chunk 254/390 (254 done): 407,718 obs, 82,670 on-ag
  chunk 255/390 (255 done): 847,611 obs, 85,667 on-ag
  chunk 256/390 (256 done): 847,270 obs, 97,822 on-ag
  chunk 257/390 (257 done): 659,916 obs, 54,024 on-ag
  chunk 258/390 (258 done): 239,342 obs, 8,219 on-ag
  chunk 259/390 (259 done): 13,554 obs, 3 on-ag
  chunk 260/390 (260 done): 0 obs, 0 on-ag
  chunk 261/390 (261 done): 289 obs, 0 on-ag
  chunk 262/390 (262 done): 233 obs, 0 on-ag
  chunk 263/390 (263 done): 325,359 obs, 24,717 on-ag
  chunk 264/390 (264 done): 256,225 obs, 33,143 on-ag
  chunk 265/390 (265 done): 1,095,993 obs, 87,465 on-ag
  chunk 266/390 (266 done): 606,459 obs, 119,711 on-ag
  chunk 267/390 (267 done): 248,319 obs, 65,481 on-ag
  chunk 268/390 (268 done): 1,184,789 obs, 236,555 on-ag
  chunk 269/390 (269 done): 1,583,218 obs, 156,521 on-ag
  chunk 270/390 (270 done): 973,854 obs, 57,956 on-ag
  chunk 271/390 (271 done): 167,926 obs, 5,152 on-ag
  chunk 272/390 (272 done): 40,753 obs, 0 on-ag
  chunk 273/390 (273 done): 0 obs, 0 on-ag
  chunk 274/390 (274 done): 457,342 obs, 1,885 on-ag
  chunk 275/390 (275 done): 1,921,799 obs, 65,012 on-ag
  chunk 276/390 (276 done): 1,666,100 obs, 149,368 on-ag
  chunk 277/390 (277 done): 409,656 obs, 13,736 on-ag
  chunk 278/390 (278 done): 289,779 obs, 16,939 on-ag
  chunk 279/390 (279 done): 1,020,168 obs, 119,353 on-ag
  chunk 280/390 (280 done): 241,294 obs, 19,866 on-ag
  chunk 281/390 (281 done): 807,254 obs, 100,910 on-ag
  chunk 282/390 (282 done): 1,653,568 obs, 149,320 on-ag
  chunk 283/390 (283 done): 195,756 obs, 10,047 on-ag
  chunk 284/390 (284 done): 1 obs, 0 on-ag
  chunk 285/390 (285 done): 0 obs, 0 on-ag
  chunk 286/390 (286 done): 0 obs, 0 on-ag
  chunk 287/390 (287 done): 560,750 obs, 25,655 on-ag
  chunk 288/390 (288 done): 575,141 obs, 61,956 on-ag
  chunk 289/390 (289 done): 285,514 obs, 36,621 on-ag
  chunk 290/390 (290 done): 247,159 obs, 123 on-ag
  chunk 291/390 (291 done): 702,024 obs, 60,951 on-ag
  chunk 292/390 (292 done): 1,072,015 obs, 79,357 on-ag
  chunk 293/390 (293 done): 676,224 obs, 102,552 on-ag
  chunk 294/390 (294 done): 707,760 obs, 58,447 on-ag
  chunk 295/390 (295 done): 924,057 obs, 86,546 on-ag
  chunk 296/390 (296 done): 72,005 obs, 1,904 on-ag
  chunk 297/390 (297 done): 0 obs, 0 on-ag
  chunk 298/390 (298 done): 0 obs, 0 on-ag
  chunk 299/390 (299 done): 0 obs, 0 on-ag
  chunk 300/390 (300 done): 0 obs, 0 on-ag
  chunk 301/390 (301 done): 0 obs, 0 on-ag
  chunk 302/390 (302 done): 1 obs, 0 on-ag
  chunk 303/390 (303 done): 13 obs, 0 on-ag
  chunk 304/390 (304 done): 214,669 obs, 906 on-ag
  chunk 305/390 (305 done): 828,119 obs, 70,631 on-ag
  chunk 306/390 (306 done): 929,164 obs, 111,949 on-ag
  chunk 307/390 (307 done): 2,871,654 obs, 311,146 on-ag
  chunk 308/390 (308 done): 659,072 obs, 94,945 on-ag
  chunk 309/390 (309 done): 975,318 obs, 114,986 on-ag
  chunk 310/390 (310 done): 0 obs, 0 on-ag
  chunk 311/390 (311 done): 0 obs, 0 on-ag
  chunk 312/390 (312 done): 0 obs, 0 on-ag
  chunk 313/390 (313 done): 0 obs, 0 on-ag
  chunk 314/390 (314 done): 0 obs, 0 on-ag
  chunk 315/390 (315 done): 0 obs, 0 on-ag
  chunk 316/390 (316 done): 2 obs, 0 on-ag
  chunk 317/390 (317 done): 2,217 obs, 0 on-ag
  chunk 318/390 (318 done): 399,799 obs, 10,333 on-ag
  chunk 319/390 (319 done): 1,163,100 obs, 68,905 on-ag
  chunk 320/390 (320 done): 5,444,399 obs, 546,700 on-ag
  chunk 321/390 (321 done): 1,845,558 obs, 236,708 on-ag
  chunk 322/390 (322 done): 886,685 obs, 126,023 on-ag
  chunk 323/390 (323 done): 33,340 obs, 2,762 on-ag
  chunk 324/390 (324 done): 0 obs, 0 on-ag
  chunk 325/390 (325 done): 0 obs, 0 on-ag
  chunk 326/390 (326 done): 0 obs, 0 on-ag
  chunk 327/390 (327 done): 0 obs, 0 on-ag
  chunk 328/390 (328 done): 0 obs, 0 on-ag
  chunk 329/390 (329 done): 0 obs, 0 on-ag
  chunk 330/390 (330 done): 1 obs, 0 on-ag
  chunk 331/390 (331 done): 75 obs, 0 on-ag
  chunk 332/390 (332 done): 8,040 obs, 0 on-ag
  chunk 333/390 (333 done): 1,953,622 obs, 99,996 on-ag
  chunk 334/390 (334 done): 4,801,544 obs, 246,301 on-ag
  chunk 335/390 (335 done): 1,136,843 obs, 147,665 on-ag
  chunk 336/390 (336 done): 223,740 obs, 19,518 on-ag
  chunk 337/390 (337 done): 0 obs, 0 on-ag
  chunk 338/390 (338 done): 0 obs, 0 on-ag
  chunk 339/390 (339 done): 0 obs, 0 on-ag
  chunk 340/390 (340 done): 0 obs, 0 on-ag
  chunk 341/390 (341 done): 0 obs, 0 on-ag
  chunk 342/390 (342 done): 0 obs, 0 on-ag
  chunk 343/390 (343 done): 1 obs, 0 on-ag
  chunk 344/390 (344 done): 0 obs, 0 on-ag
  chunk 345/390 (345 done): 49 obs, 0 on-ag
  chunk 346/390 (346 done): 348 obs, 0 on-ag
  chunk 347/390 (347 done): 3,532,472 obs, 259,867 on-ag
  chunk 348/390 (348 done): 1,656,958 obs, 171,346 on-ag
  chunk 349/390 (349 done): 152,049 obs, 18,402 on-ag
  chunk 350/390 (350 done): 0 obs, 0 on-ag
  chunk 351/390 (351 done): 0 obs, 0 on-ag
  chunk 352/390 (352 done): 0 obs, 0 on-ag
  chunk 353/390 (353 done): 0 obs, 0 on-ag
  chunk 354/390 (354 done): 0 obs, 0 on-ag
  chunk 355/390 (355 done): 0 obs, 0 on-ag
  chunk 356/390 (356 done): 0 obs, 0 on-ag
  chunk 357/390 (357 done): 0 obs, 0 on-ag
  chunk 358/390 (358 done): 0 obs, 0 on-ag
  chunk 359/390 (359 done): 169 obs, 0 on-ag
  chunk 360/390 (360 done): 1,117,579 obs, 29,711 on-ag
  chunk 361/390 (361 done): 1,546,507 obs, 69,760 on-ag
  chunk 362/390 (362 done): 153,412 obs, 8,288 on-ag
  chunk 363/390 (363 done): 4,040 obs, 0 on-ag
  chunk 364/390 (364 done): 0 obs, 0 on-ag
  chunk 365/390 (365 done): 0 obs, 0 on-ag
  chunk 366/390 (366 done): 0 obs, 0 on-ag
  chunk 367/390 (367 done): 0 obs, 0 on-ag
  chunk 368/390 (368 done): 0 obs, 0 on-ag
  chunk 369/390 (369 done): 0 obs, 0 on-ag
  chunk 370/390 (370 done): 0 obs, 0 on-ag
  chunk 371/390 (371 done): 0 obs, 0 on-ag
  chunk 372/390 (372 done): 2 obs, 0 on-ag
  chunk 373/390 (373 done): 4,561 obs, 0 on-ag
  chunk 374/390 (374 done): 200,019 obs, 4,450 on-ag
  chunk 375/390 (375 done): 197,007 obs, 10,319 on-ag
  chunk 376/390 (376 done): 27,261 obs, 1,653 on-ag
  chunk 377/390 (377 done): 0 obs, 0 on-ag
  chunk 378/390 (378 done): 0 obs, 0 on-ag
  chunk 379/390 (379 done): 0 obs, 0 on-ag
  chunk 380/390 (380 done): 0 obs, 0 on-ag
  chunk 381/390 (381 done): 0 obs, 0 on-ag
  chunk 382/390 (382 done): 0 obs, 0 on-ag
  chunk 383/390 (383 done): 0 obs, 0 on-ag
  chunk 384/390 (384 done): 0 obs, 0 on-ag
  chunk 385/390 (385 done): 0 obs, 0 on-ag
  chunk 386/390 (386 done): 117 obs, 0 on-ag
  chunk 387/390 (387 done): 0 obs, 0 on-ag
  chunk 388/390 (388 done): 10,525 obs, 3,710 on-ag
  chunk 389/390 (389 done): 0 obs, 0 on-ag
  chunk 390/390 (390 done): 0 obs, 0 on-ag

================================================================
  CONUS 2020  (point ~30 m (v1-style))
  total observations         : 113,224,640
  % observations on farmland : 8.36%
  % of CONUS that is farmland: 23.90%
  OBSERVATIONAL DISPARITY    : 2.86   (>1 => farmland under-observed)
================================================================
  saved -> <project>/replication/outputs/pointmethod_2020_z12_RESULT.csv
