YEAR 2016 | zoom 12 (~19 m cells) | BINARY point classification (matches v1 30 m)
Earth Engine: computing CONUS farmland share ...
  farmland 1,940,307 km^2 of 8,080,060 km^2 land  => 24.01% of CONUS
GBIF x NLCD overlay: 390 chunks @ zoom 12  (resumable in ~/.csotf_pointmethod_ckpt)
  chunk 1/390 (1 done): 0 obs, 0 on-ag
  chunk 2/390 (2 done): 0 obs, 0 on-ag
  chunk 3/390 (3 done): 0 obs, 0 on-ag
  chunk 4/390 (4 done): 61 obs, 0 on-ag
  chunk 5/390 (5 done): 2,709 obs, 0 on-ag
  chunk 6/390 (6 done): 233 obs, 0 on-ag
  chunk 7/390 (7 done): 130,168 obs, 84 on-ag
  chunk 8/390 (8 done): 113,644 obs, 3,355 on-ag
  chunk 9/390 (9 done): 273,167 obs, 18,537 on-ag
  chunk 10/390 (10 done): 329,777 obs, 68,738 on-ag
  chunk 11/390 (11 done): 443,279 obs, 68,573 on-ag
  chunk 12/390 (12 done): 218,039 obs, 14,552 on-ag
  chunk 13/390 (13 done): 29,456 obs, 1,492 on-ag
  chunk 14/390 (14 done): 0 obs, 0 on-ag
  chunk 15/390 (15 done): 0 obs, 0 on-ag
  chunk 16/390 (16 done): 0 obs, 0 on-ag
  chunk 17/390 (17 done): 212 obs, 0 on-ag
  chunk 18/390 (18 done): 8,085 obs, 0 on-ag
  chunk 19/390 (19 done): 88,675 obs, 271 on-ag
  chunk 20/390 (20 done): 2,312,044 obs, 121,760 on-ag
  chunk 21/390 (21 done): 598,523 obs, 126,466 on-ag
  chunk 22/390 (22 done): 187,061 obs, 24,335 on-ag
  chunk 23/390 (23 done): 157,178 obs, 5,986 on-ag
  chunk 24/390 (24 done): 484,037 obs, 84,788 on-ag
  chunk 25/390 (25 done): 904,026 obs, 76,501 on-ag
  chunk 26/390 (26 done): 123,286 obs, 12,241 on-ag
  chunk 27/390 (27 done): 0 obs, 0 on-ag
  chunk 28/390 (28 done): 0 obs, 0 on-ag
  chunk 29/390 (29 done): 0 obs, 0 on-ag
  chunk 30/390 (30 done): 840 obs, 0 on-ag
  chunk 31/390 (31 done): 269,109 obs, 5,099 on-ag
  chunk 32/390 (32 done): 253,451 obs, 16,240 on-ag
  chunk 33/390 (33 done): 227,829 obs, 7,191 on-ag
  chunk 34/390 (34 done): 221,106 obs, 7,125 on-ag
  chunk 35/390 (35 done): 25,767 obs, 685 on-ag
  chunk 36/390 (36 done): 54,737 obs, 3,117 on-ag
  chunk 37/390 (37 done): 72,147 obs, 8,210 on-ag
  chunk 38/390 (38 done): 158,648 obs, 7,314 on-ag
  chunk 39/390 (39 done): 19,211 obs, 314 on-ag
  chunk 40/390 (40 done): 0 obs, 0 on-ag
  chunk 41/390 (41 done): 0 obs, 0 on-ag
  chunk 42/390 (42 done): 0 obs, 0 on-ag
  chunk 43/390 (43 done): 3,424 obs, 5 on-ag
  chunk 44/390 (44 done): 1,630,970 obs, 6,579 on-ag
  chunk 45/390 (45 done): 221,007 obs, 7,378 on-ag
  chunk 46/390 (46 done): 68,663 obs, 5,694 on-ag
  chunk 47/390 (47 done): 19,096 obs, 344 on-ag
  chunk 48/390 (48 done): 7,081 obs, 2,332 on-ag
  chunk 49/390 (49 done): 48,211 obs, 1,268 on-ag
  chunk 50/390 (50 done): 108,317 obs, 13,761 on-ag
  chunk 51/390 (51 done): 95,963 obs, 8,228 on-ag
  chunk 52/390 (52 done): 11,833 obs, 574 on-ag
  chunk 53/390 (53 done): 0 obs, 0 on-ag
  chunk 54/390 (54 done): 0 obs, 0 on-ag
  chunk 55/390 (55 done): 0 obs, 0 on-ag
  chunk 56/390 (56 done): 82 obs, 0 on-ag
  chunk 57/390 (57 done): 372,575 obs, 23,280 on-ag
  chunk 58/390 (58 done): 104,240 obs, 706 on-ag
  chunk 59/390 (59 done): 10,344 obs, 126 on-ag
  chunk 60/390 (60 done): 2,494 obs, 32 on-ag
  chunk 61/390 (61 done): 10,453 obs, 164 on-ag
  chunk 62/390 (62 done): 150,168 obs, 9,486 on-ag
  chunk 63/390 (63 done): 37,895 obs, 1,377 on-ag
  chunk 64/390 (64 done): 56,846 obs, 4,858 on-ag
  chunk 65/390 (65 done): 5,626 obs, 88 on-ag
  chunk 66/390 (66 done): 0 obs, 0 on-ag
  chunk 67/390 (67 done): 0 obs, 0 on-ag
  chunk 68/390 (68 done): 0 obs, 0 on-ag
  chunk 69/390 (69 done): 3,803 obs, 216 on-ag
  chunk 70/390 (70 done): 60,656 obs, 3,095 on-ag
  chunk 71/390 (71 done): 77,416 obs, 253 on-ag
  chunk 72/390 (72 done): 53,379 obs, 2,162 on-ag
  chunk 73/390 (73 done): 11,887 obs, 226 on-ag
  chunk 74/390 (74 done): 13,140 obs, 1,211 on-ag
  chunk 75/390 (75 done): 31,852 obs, 3,854 on-ag
  chunk 76/390 (76 done): 29,726 obs, 1,209 on-ag
  chunk 77/390 (77 done): 165,089 obs, 21,600 on-ag
  chunk 78/390 (78 done): 18,434 obs, 12 on-ag
  chunk 79/390 (79 done): 0 obs, 0 on-ag
  chunk 80/390 (80 done): 0 obs, 0 on-ag
  chunk 81/390 (81 done): 0 obs, 0 on-ag
  chunk 82/390 (82 done): 279,004 obs, 6,259 on-ag
  chunk 83/390 (83 done): 420,788 obs, 24,556 on-ag
  chunk 84/390 (84 done): 233,255 obs, 1,520 on-ag
  chunk 85/390 (85 done): 36,716 obs, 843 on-ag
  chunk 86/390 (86 done): 87,614 obs, 10,025 on-ag
  chunk 87/390 (87 done): 291,659 obs, 18,121 on-ag
  chunk 88/390 (88 done): 36,584 obs, 3,957 on-ag
  chunk 89/390 (89 done): 113,317 obs, 3,453 on-ag
  chunk 90/390 (90 done): 56,878 obs, 648 on-ag
  chunk 91/390 (91 done): 23,241 obs, 1,626 on-ag
  chunk 92/390 (92 done): 0 obs, 0 on-ag
  chunk 93/390 (93 done): 0 obs, 0 on-ag
  chunk 94/390 (94 done): 0 obs, 0 on-ag
  chunk 95/390 (95 done): 724,072 obs, 1,269 on-ag
  chunk 96/390 (96 done): 66,158 obs, 1,024 on-ag
  chunk 97/390 (97 done): 6,671 obs, 209 on-ag
  chunk 98/390 (98 done): 13,565 obs, 847 on-ag
  chunk 99/390 (99 done): 25,770 obs, 3,972 on-ag
  chunk 100/390 (100 done): 12,264 obs, 241 on-ag
  chunk 101/390 (101 done): 31,711 obs, 157 on-ag
  chunk 102/390 (102 done): 47,415 obs, 2,430 on-ag
  chunk 103/390 (103 done): 4,359 obs, 113 on-ag
  chunk 104/390 (104 done): 1,423 obs, 128 on-ag
  chunk 105/390 (105 done): 0 obs, 0 on-ag
  chunk 106/390 (106 done): 0 obs, 0 on-ag
  chunk 107/390 (107 done): 0 obs, 0 on-ag
  chunk 108/390 (108 done): 26,347 obs, 11 on-ag
  chunk 109/390 (109 done): 44,836 obs, 268 on-ag
  chunk 110/390 (110 done): 5,762 obs, 17 on-ag
  chunk 111/390 (111 done): 62,998 obs, 2,755 on-ag
  chunk 112/390 (112 done): 85,602 obs, 9,925 on-ag
  chunk 113/390 (113 done): 10,971 obs, 2,017 on-ag
  chunk 114/390 (114 done): 16,720 obs, 811 on-ag
  chunk 115/390 (115 done): 37,067 obs, 5,671 on-ag
  chunk 116/390 (116 done): 12,672 obs, 267 on-ag
  chunk 117/390 (117 done): 1,912 obs, 83 on-ag
  chunk 118/390 (118 done): 0 obs, 0 on-ag
  chunk 119/390 (119 done): 0 obs, 0 on-ag
  chunk 120/390 (120 done): 0 obs, 0 on-ag
  chunk 121/390 (121 done): 42,669 obs, 2,605 on-ag
  chunk 122/390 (122 done): 62,611 obs, 1,101 on-ag
  chunk 123/390 (123 done): 262,030 obs, 42,681 on-ag
  chunk 124/390 (124 done): 72,480 obs, 1,636 on-ag
  chunk 125/390 (125 done): 582,237 obs, 2,802 on-ag
  chunk 126/390 (126 done): 120,148 obs, 1,226 on-ag
  chunk 127/390 (127 done): 8,999 obs, 113 on-ag
  chunk 128/390 (128 done): 4,604 obs, 841 on-ag
  chunk 129/390 (129 done): 9,237 obs, 331 on-ag
  chunk 130/390 (130 done): 2,229 obs, 60 on-ag
  chunk 131/390 (131 done): 0 obs, 0 on-ag
  chunk 132/390 (132 done): 0 obs, 0 on-ag
  chunk 133/390 (133 done): 49,274 obs, 0 on-ag
  chunk 134/390 (134 done): 61,358 obs, 6,059 on-ag
  chunk 135/390 (135 done): 29,496 obs, 234 on-ag
  chunk 136/390 (136 done): 17,472 obs, 238 on-ag
  chunk 137/390 (137 done): 103,300 obs, 391 on-ag
  chunk 138/390 (138 done): 429,583 obs, 8,780 on-ag
  chunk 139/390 (139 done): 101,785 obs, 3,954 on-ag
  chunk 140/390 (140 done): 32,943 obs, 33 on-ag
  chunk 141/390 (141 done): 8,892 obs, 713 on-ag
  chunk 142/390 (142 done): 21,758 obs, 1,066 on-ag
  chunk 143/390 (143 done): 11,794 obs, 194 on-ag
  chunk 144/390 (144 done): 0 obs, 0 on-ag
  chunk 145/390 (145 done): 0 obs, 0 on-ag
  chunk 146/390 (146 done): 18,644 obs, 0 on-ag
  chunk 147/390 (147 done): 26,459 obs, 189 on-ag
  chunk 148/390 (148 done): 56,446 obs, 11,678 on-ag
  chunk 149/390 (149 done): 19,892 obs, 273 on-ag
  chunk 150/390 (150 done): 75,809 obs, 8,807 on-ag
  chunk 151/390 (151 done): 25,629 obs, 1,585 on-ag
  chunk 152/390 (152 done): 24,777 obs, 1,078 on-ag
  chunk 153/390 (153 done): 9,110 obs, 108 on-ag
  chunk 154/390 (154 done): 1,867 obs, 12 on-ag
  chunk 155/390 (155 done): 23,125 obs, 1,055 on-ag
  chunk 156/390 (156 done): 9,727 obs, 1,079 on-ag
  chunk 157/390 (157 done): 1,247 obs, 0 on-ag
  chunk 158/390 (158 done): 90,067 obs, 411 on-ag
  chunk 159/390 (159 done): 104,834 obs, 774 on-ag
  chunk 160/390 (160 done): 37,911 obs, 373 on-ag
  chunk 161/390 (161 done): 19,417 obs, 1,389 on-ag
  chunk 162/390 (162 done): 14,783 obs, 519 on-ag
  chunk 163/390 (163 done): 24,475 obs, 681 on-ag
  chunk 164/390 (164 done): 11,408 obs, 359 on-ag
  chunk 165/390 (165 done): 22,938 obs, 570 on-ag
  chunk 166/390 (166 done): 13,318 obs, 311 on-ag
  chunk 167/390 (167 done): 6,509 obs, 244 on-ag
  chunk 168/390 (168 done): 29,197 obs, 1,181 on-ag
  chunk 169/390 (169 done): 3,346 obs, 178 on-ag
  chunk 170/390 (170 done): 642,688 obs, 51,561 on-ag
  chunk 171/390 (171 done): 342,463 obs, 30,351 on-ag
  chunk 172/390 (172 done): 587,776 obs, 44,853 on-ag
  chunk 173/390 (173 done): 204,701 obs, 3,792 on-ag
  chunk 174/390 (174 done): 265,879 obs, 4,764 on-ag
  chunk 175/390 (175 done): 153,399 obs, 3,006 on-ag
  chunk 176/390 (176 done): 98,644 obs, 2,696 on-ag
  chunk 177/390 (177 done): 34,252 obs, 2,651 on-ag
  chunk 178/390 (178 done): 19,265 obs, 649 on-ag
  chunk 179/390 (179 done): 31,611 obs, 5,357 on-ag
  chunk 180/390 (180 done): 19,373 obs, 2,987 on-ag
  chunk 181/390 (181 done): 53,524 obs, 6,721 on-ag
  chunk 182/390 (182 done): 665 obs, 79 on-ag
  chunk 183/390 (183 done): 574 obs, 0 on-ag
  chunk 184/390 (184 done): 71,405 obs, 954 on-ag
  chunk 185/390 (185 done): 497,548 obs, 60,651 on-ag
  chunk 186/390 (186 done): 94,252 obs, 12,111 on-ag
  chunk 187/390 (187 done): 243,171 obs, 17,136 on-ag
  chunk 188/390 (188 done): 48,188 obs, 5,659 on-ag
  chunk 189/390 (189 done): 65,446 obs, 8,611 on-ag
  chunk 190/390 (190 done): 221,205 obs, 48,240 on-ag
  chunk 191/390 (191 done): 111,761 obs, 8,000 on-ag
  chunk 192/390 (192 done): 61,121 obs, 10,960 on-ag
  chunk 193/390 (193 done): 57,923 obs, 9,726 on-ag
  chunk 194/390 (194 done): 49,774 obs, 7,695 on-ag
  chunk 195/390 (195 done): 3,040 obs, 357 on-ag
  chunk 196/390 (196 done): 0 obs, 0 on-ag
  chunk 197/390 (197 done): 37,547 obs, 0 on-ag
  chunk 198/390 (198 done): 480,643 obs, 31,737 on-ag
  chunk 199/390 (199 done): 57,312 obs, 7,089 on-ag
  chunk 200/390 (200 done): 74,897 obs, 8,467 on-ag
  chunk 201/390 (201 done): 90,559 obs, 11,900 on-ag
  chunk 202/390 (202 done): 123,415 obs, 26,060 on-ag
  chunk 203/390 (203 done): 228,841 obs, 32,425 on-ag
  chunk 204/390 (204 done): 86,985 obs, 12,706 on-ag
  chunk 205/390 (205 done): 57,308 obs, 16,406 on-ag
  chunk 206/390 (206 done): 671,249 obs, 51,445 on-ag
  chunk 207/390 (207 done): 25,137 obs, 359 on-ag
  chunk 208/390 (208 done): 1,297 obs, 12 on-ag
  chunk 209/390 (209 done): 3 obs, 0 on-ag
  chunk 210/390 (210 done): 630 obs, 0 on-ag
  chunk 211/390 (211 done): 130,772 obs, 24,323 on-ag
  chunk 212/390 (212 done): 47,162 obs, 6,031 on-ag
  chunk 213/390 (213 done): 40,213 obs, 7,402 on-ag
  chunk 214/390 (214 done): 106,229 obs, 18,247 on-ag
  chunk 215/390 (215 done): 62,322 obs, 11,344 on-ag
  chunk 216/390 (216 done): 130,938 obs, 21,866 on-ag
  chunk 217/390 (217 done): 113,287 obs, 19,791 on-ag
  chunk 218/390 (218 done): 127,135 obs, 19,608 on-ag
  chunk 219/390 (219 done): 346,027 obs, 42,427 on-ag
  chunk 220/390 (220 done): 146,368 obs, 2,430 on-ag
  chunk 221/390 (221 done): 208 obs, 0 on-ag
  chunk 222/390 (222 done): 23 obs, 0 on-ag
  chunk 223/390 (223 done): 25,521 obs, 0 on-ag
  chunk 224/390 (224 done): 206,572 obs, 2,140 on-ag
  chunk 225/390 (225 done): 42,475 obs, 2,150 on-ag
  chunk 226/390 (226 done): 26,315 obs, 6,155 on-ag
  chunk 227/390 (227 done): 105,108 obs, 32,705 on-ag
  chunk 228/390 (228 done): 153,753 obs, 34,067 on-ag
  chunk 229/390 (229 done): 323,394 obs, 40,787 on-ag
  chunk 230/390 (230 done): 172,044 obs, 21,195 on-ag
  chunk 231/390 (231 done): 442,323 obs, 80,252 on-ag
  chunk 232/390 (232 done): 132,023 obs, 8,771 on-ag
  chunk 233/390 (233 done): 33,593 obs, 544 on-ag
  chunk 234/390 (234 done): 0 obs, 0 on-ag
  chunk 235/390 (235 done): 1 obs, 0 on-ag
  chunk 236/390 (236 done): 84,379 obs, 0 on-ag
  chunk 237/390 (237 done): 273,834 obs, 880 on-ag
  chunk 238/390 (238 done): 74,089 obs, 5,688 on-ag
  chunk 239/390 (239 done): 66,116 obs, 8,330 on-ag
  chunk 240/390 (240 done): 143,043 obs, 46,174 on-ag
  chunk 241/390 (241 done): 186,566 obs, 30,990 on-ag
  chunk 242/390 (242 done): 196,887 obs, 34,785 on-ag
  chunk 243/390 (243 done): 2,179,252 obs, 927,442 on-ag
  chunk 244/390 (244 done): 601,954 obs, 66,166 on-ag
  chunk 245/390 (245 done): 167,837 obs, 8,621 on-ag
  chunk 246/390 (246 done): 45,637 obs, 214 on-ag
  chunk 247/390 (247 done): 0 obs, 0 on-ag
  chunk 248/390 (248 done): 0 obs, 0 on-ag
  chunk 249/390 (249 done): 30,931 obs, 0 on-ag
  chunk 250/390 (250 done): 59,965 obs, 1,001 on-ag
  chunk 251/390 (251 done): 81,180 obs, 15,927 on-ag
  chunk 252/390 (252 done): 97,758 obs, 17,112 on-ag
  chunk 253/390 (253 done): 282,677 obs, 45,477 on-ag
  chunk 254/390 (254 done): 140,444 obs, 24,845 on-ag
  chunk 255/390 (255 done): 347,682 obs, 50,027 on-ag
  chunk 256/390 (256 done): 385,678 obs, 56,307 on-ag
  chunk 257/390 (257 done): 331,787 obs, 31,932 on-ag
  chunk 258/390 (258 done): 127,313 obs, 4,556 on-ag
  chunk 259/390 (259 done): 8,891 obs, 0 on-ag
  chunk 260/390 (260 done): 0 obs, 0 on-ag
  chunk 261/390 (261 done): 24,040 obs, 0 on-ag
  chunk 262/390 (262 done): 236 obs, 0 on-ag
  chunk 263/390 (263 done): 167,274 obs, 8,527 on-ag
  chunk 264/390 (264 done): 149,431 obs, 21,884 on-ag
  chunk 265/390 (265 done): 544,747 obs, 65,370 on-ag
  chunk 266/390 (266 done): 290,672 obs, 58,401 on-ag
  chunk 267/390 (267 done): 94,260 obs, 21,302 on-ag
  chunk 268/390 (268 done): 492,607 obs, 80,188 on-ag
  chunk 269/390 (269 done): 977,765 obs, 99,515 on-ag
  chunk 270/390 (270 done): 466,726 obs, 28,004 on-ag
  chunk 271/390 (271 done): 97,135 obs, 4,087 on-ag
  chunk 272/390 (272 done): 32,685 obs, 0 on-ag
  chunk 273/390 (273 done): 0 obs, 0 on-ag
  chunk 274/390 (274 done): 422,709 obs, 2,003 on-ag
  chunk 275/390 (275 done): 1,099,756 obs, 39,617 on-ag
  chunk 276/390 (276 done): 800,285 obs, 93,262 on-ag
  chunk 277/390 (277 done): 254,741 obs, 5,037 on-ag
  chunk 278/390 (278 done): 126,121 obs, 4,252 on-ag
  chunk 279/390 (279 done): 367,820 obs, 44,941 on-ag
  chunk 280/390 (280 done): 97,368 obs, 6,541 on-ag
  chunk 281/390 (281 done): 311,694 obs, 30,317 on-ag
  chunk 282/390 (282 done): 598,673 obs, 51,623 on-ag
  chunk 283/390 (283 done): 105,022 obs, 5,287 on-ag
  chunk 284/390 (284 done): 10 obs, 0 on-ag
  chunk 285/390 (285 done): 0 obs, 0 on-ag
  chunk 286/390 (286 done): 0 obs, 0 on-ag
  chunk 287/390 (287 done): 482,383 obs, 10,914 on-ag
  chunk 288/390 (288 done): 387,292 obs, 48,456 on-ag
  chunk 289/390 (289 done): 174,392 obs, 21,553 on-ag
  chunk 290/390 (290 done): 63,779 obs, 226 on-ag
  chunk 291/390 (291 done): 360,067 obs, 27,535 on-ag
  chunk 292/390 (292 done): 395,222 obs, 30,401 on-ag
  chunk 293/390 (293 done): 251,468 obs, 43,638 on-ag
  chunk 294/390 (294 done): 298,180 obs, 25,642 on-ag
  chunk 295/390 (295 done): 378,273 obs, 49,175 on-ag
  chunk 296/390 (296 done): 30,771 obs, 576 on-ag
  chunk 297/390 (297 done): 0 obs, 0 on-ag
  chunk 298/390 (298 done): 0 obs, 0 on-ag
  chunk 299/390 (299 done): 0 obs, 0 on-ag
  chunk 300/390 (300 done): 0 obs, 0 on-ag
  chunk 301/390 (301 done): 2 obs, 0 on-ag
  chunk 302/390 (302 done): 9 obs, 0 on-ag
  chunk 303/390 (303 done): 385 obs, 0 on-ag
  chunk 304/390 (304 done): 76,342 obs, 414 on-ag
  chunk 305/390 (305 done): 279,025 obs, 35,888 on-ag
  chunk 306/390 (306 done): 414,159 obs, 47,563 on-ag
  chunk 307/390 (307 done): 1,169,074 obs, 169,920 on-ag
  chunk 308/390 (308 done): 347,608 obs, 40,937 on-ag
  chunk 309/390 (309 done): 458,225 obs, 58,953 on-ag
  chunk 310/390 (310 done): 0 obs, 0 on-ag
  chunk 311/390 (311 done): 0 obs, 0 on-ag
  chunk 312/390 (312 done): 0 obs, 0 on-ag
  chunk 313/390 (313 done): 0 obs, 0 on-ag
  chunk 314/390 (314 done): 0 obs, 0 on-ag
  chunk 315/390 (315 done): 0 obs, 0 on-ag
  chunk 316/390 (316 done): 38 obs, 0 on-ag
  chunk 317/390 (317 done): 243 obs, 0 on-ag
  chunk 318/390 (318 done): 194,342 obs, 5,371 on-ag
  chunk 319/390 (319 done): 658,844 obs, 30,930 on-ag
  chunk 320/390 (320 done): 2,531,220 obs, 346,449 on-ag
  chunk 321/390 (321 done): 956,615 obs, 103,930 on-ag
  chunk 322/390 (322 done): 481,744 obs, 81,999 on-ag
  chunk 323/390 (323 done): 15,715 obs, 2,613 on-ag
  chunk 324/390 (324 done): 0 obs, 0 on-ag
  chunk 325/390 (325 done): 0 obs, 0 on-ag
  chunk 326/390 (326 done): 0 obs, 0 on-ag
  chunk 327/390 (327 done): 0 obs, 0 on-ag
  chunk 328/390 (328 done): 0 obs, 0 on-ag
  chunk 329/390 (329 done): 15 obs, 0 on-ag
  chunk 330/390 (330 done): 11 obs, 0 on-ag
  chunk 331/390 (331 done): 1,691 obs, 0 on-ag
  chunk 332/390 (332 done): 8,399 obs, 0 on-ag
  chunk 333/390 (333 done): 1,049,550 obs, 59,238 on-ag
  chunk 334/390 (334 done): 2,441,795 obs, 111,403 on-ag
  chunk 335/390 (335 done): 520,376 obs, 71,985 on-ag
  chunk 336/390 (336 done): 100,883 obs, 13,799 on-ag
  chunk 337/390 (337 done): 0 obs, 0 on-ag
  chunk 338/390 (338 done): 0 obs, 0 on-ag
  chunk 339/390 (339 done): 0 obs, 0 on-ag
  chunk 340/390 (340 done): 0 obs, 0 on-ag
  chunk 341/390 (341 done): 0 obs, 0 on-ag
  chunk 342/390 (342 done): 0 obs, 0 on-ag
  chunk 343/390 (343 done): 6 obs, 0 on-ag
  chunk 344/390 (344 done): 9 obs, 0 on-ag
  chunk 345/390 (345 done): 146 obs, 0 on-ag
  chunk 346/390 (346 done): 9,169 obs, 0 on-ag
  chunk 347/390 (347 done): 1,505,725 obs, 100,112 on-ag
  chunk 348/390 (348 done): 626,601 obs, 69,705 on-ag
  chunk 349/390 (349 done): 86,009 obs, 11,138 on-ag
  chunk 350/390 (350 done): 0 obs, 0 on-ag
  chunk 351/390 (351 done): 0 obs, 0 on-ag
  chunk 352/390 (352 done): 0 obs, 0 on-ag
  chunk 353/390 (353 done): 0 obs, 0 on-ag
  chunk 354/390 (354 done): 0 obs, 0 on-ag
  chunk 355/390 (355 done): 0 obs, 0 on-ag
  chunk 356/390 (356 done): 0 obs, 0 on-ag
  chunk 357/390 (357 done): 0 obs, 0 on-ag
  chunk 358/390 (358 done): 13 obs, 0 on-ag
  chunk 359/390 (359 done): 3,472 obs, 0 on-ag
  chunk 360/390 (360 done): 540,416 obs, 18,745 on-ag
  chunk 361/390 (361 done): 857,911 obs, 30,508 on-ag
  chunk 362/390 (362 done): 68,182 obs, 2,827 on-ag
  chunk 363/390 (363 done): 140 obs, 10 on-ag
  chunk 364/390 (364 done): 0 obs, 0 on-ag
  chunk 365/390 (365 done): 0 obs, 0 on-ag
  chunk 366/390 (366 done): 0 obs, 0 on-ag
  chunk 367/390 (367 done): 0 obs, 0 on-ag
  chunk 368/390 (368 done): 0 obs, 0 on-ag
  chunk 369/390 (369 done): 0 obs, 0 on-ag
  chunk 370/390 (370 done): 0 obs, 0 on-ag
  chunk 371/390 (371 done): 1 obs, 0 on-ag
  chunk 372/390 (372 done): 2,166 obs, 0 on-ag
  chunk 373/390 (373 done): 13,100 obs, 0 on-ag
  chunk 374/390 (374 done): 106,453 obs, 1,190 on-ag
  chunk 375/390 (375 done): 87,575 obs, 6,637 on-ag
  chunk 376/390 (376 done): 7,221 obs, 311 on-ag
  chunk 377/390 (377 done): 0 obs, 0 on-ag
  chunk 378/390 (378 done): 0 obs, 0 on-ag
  chunk 379/390 (379 done): 0 obs, 0 on-ag
  chunk 380/390 (380 done): 0 obs, 0 on-ag
  chunk 381/390 (381 done): 0 obs, 0 on-ag
  chunk 382/390 (382 done): 0 obs, 0 on-ag
  chunk 383/390 (383 done): 0 obs, 0 on-ag
  chunk 384/390 (384 done): 0 obs, 0 on-ag
  chunk 385/390 (385 done): 4 obs, 0 on-ag
  chunk 386/390 (386 done): 1,710 obs, 0 on-ag
  chunk 387/390 (387 done): 0 obs, 0 on-ag
  chunk 388/390 (388 done): 9,581 obs, 3,667 on-ag
  chunk 389/390 (389 done): 0 obs, 0 on-ag
  chunk 390/390 (390 done): 0 obs, 0 on-ag

================================================================
  CONUS 2016  (point ~30 m (v1-style))
  total observations         : 57,379,061
  % observations on farmland : 9.93%
  % of CONUS that is farmland: 24.01%
  OBSERVATIONAL DISPARITY    : 2.42   (>1 => farmland under-observed)
================================================================
  saved -> <project>/replication/outputs/pointmethod_2016_z12_RESULT.csv
