*** Earth Engine *** Share your feedback by taking our Annual Developer Satisfaction Survey: https://google.qualtrics.com/jfe/form/SV_9oS0DRcPvElRMNw?source=python
YEAR 2014 | zoom 12 (~19 m cells) | BINARY point classification (matches v1 30 m)
Earth Engine: computing CONUS farmland share ...
  farmland 1,944,641 km^2 of 8,080,060 km^2 land  => 24.07% of CONUS
GBIF x NLCD overlay: 239,644 unique tiles in 464 chunks @ zoom 12  (resumable in ~/.csotf_pointmethod_ckpt)
  chunk 1/464 (1 done): 70,850 obs, 1,387 on-ag
  chunk 2/464 (2 done): 90,713 obs, 10,821 on-ag
  chunk 3/464 (3 done): 96,568 obs, 5,855 on-ag
  chunk 4/464 (4 done): 324,785 obs, 71,402 on-ag
  chunk 5/464 (5 done): 57,700 obs, 2,487 on-ag
  chunk 6/464 (6 done): 71,387 obs, 1,769 on-ag
  chunk 7/464 (7 done): 162,440 obs, 5,623 on-ag
  chunk 8/464 (8 done): 327,972 obs, 793 on-ag
  chunk 9/464 (9 done): 1,259 obs, 0 on-ag
  chunk 10/464 (10 done): 130 obs, 0 on-ag
  chunk 11/464 (11 done): 177 obs, 0 on-ag
  chunk 12/464 (12 done): 5,099 obs, 0 on-ag
  chunk 13/464 (13 done): 0 obs, 0 on-ag
  chunk 14/464 (14 done): 0 obs, 0 on-ag
  chunk 15/464 (15 done): 0 obs, 0 on-ag
  chunk 16/464 (16 done): 0 obs, 0 on-ag
  chunk 17/464 (17 done): 137,041 obs, 19,493 on-ag
  chunk 18/464 (18 done): 524,808 obs, 37,897 on-ag
  chunk 19/464 (19 done): 339,796 obs, 42,374 on-ag
  chunk 20/464 (20 done): 131,718 obs, 11,168 on-ag
  chunk 21/464 (21 done): 45,651 obs, 11,895 on-ag
  chunk 22/464 (22 done): 82,949 obs, 8,448 on-ag
  chunk 23/464 (23 done): 88,885 obs, 6,183 on-ag
  chunk 24/464 (24 done): 1,062,016 obs, 125,784 on-ag
  chunk 25/464 (25 done): 1,238,549 obs, 31,188 on-ag
  chunk 26/464 (26 done): 14,979 obs, 10 on-ag
  chunk 27/464 (27 done): 10,655 obs, 0 on-ag
  chunk 28/464 (28 done): 318 obs, 0 on-ag
  chunk 29/464 (29 done): 79 obs, 0 on-ag
  chunk 30/464 (30 done): 0 obs, 0 on-ag
  chunk 31/464 (31 done): 0 obs, 0 on-ag
  chunk 32/464 (32 done): 0 obs, 0 on-ag
  chunk 33/464 (33 done): 13,890 obs, 246 on-ag
  chunk 34/464 (34 done): 102,062 obs, 7,498 on-ag
  chunk 35/464 (35 done): 77,673 obs, 10,489 on-ag
  chunk 36/464 (36 done): 16,117 obs, 470 on-ag
  chunk 37/464 (37 done): 18,101 obs, 1,187 on-ag
  chunk 38/464 (38 done): 8,364 obs, 186 on-ag
  chunk 39/464 (39 done): 74,788 obs, 2,430 on-ag
  chunk 40/464 (40 done): 141,939 obs, 3,470 on-ag
  chunk 41/464 (41 done): 114,810 obs, 10,788 on-ag
  chunk 42/464 (42 done): 144,839 obs, 11,546 on-ag
  chunk 43/464 (43 done): 348,251 obs, 7,229 on-ag
  chunk 44/464 (44 done): 1,405 obs, 0 on-ag
  chunk 45/464 (45 done): 1 obs, 0 on-ag
  chunk 46/464 (46 done): 0 obs, 0 on-ag
  chunk 47/464 (47 done): 0 obs, 0 on-ag
  chunk 48/464 (48 done): 0 obs, 0 on-ag
  chunk 49/464 (49 done): 24,745 obs, 1,595 on-ag
  chunk 50/464 (50 done): 67,059 obs, 5,643 on-ag
  chunk 51/464 (51 done): 62,047 obs, 9,853 on-ag
  chunk 52/464 (52 done): 39,275 obs, 3,416 on-ag
  chunk 53/464 (53 done): 37,546 obs, 530 on-ag
  chunk 54/464 (54 done): 3,369 obs, 846 on-ag
  chunk 55/464 (55 done): 24,785 obs, 1,033 on-ag
  chunk 56/464 (56 done): 10,723 obs, 291 on-ag
  chunk 57/464 (57 done): 73,279 obs, 6,986 on-ag
  chunk 58/464 (58 done): 142,385 obs, 6,669 on-ag
  chunk 59/464 (59 done): 1,105,802 obs, 5,508 on-ag
  chunk 60/464 (60 done): 176,181 obs, 2,963 on-ag
  chunk 61/464 (61 done): 0 obs, 0 on-ag
  chunk 62/464 (62 done): 0 obs, 0 on-ag
  chunk 63/464 (63 done): 0 obs, 0 on-ag
  chunk 64/464 (64 done): 0 obs, 0 on-ag
  chunk 65/464 (65 done): 17,131 obs, 278 on-ag
  chunk 66/464 (66 done): 23,742 obs, 665 on-ag
  chunk 67/464 (67 done): 16,360 obs, 973 on-ag
  chunk 68/464 (68 done): 24,192 obs, 600 on-ag
  chunk 69/464 (69 done): 91,172 obs, 9,780 on-ag
  chunk 70/464 (70 done): 5,216 obs, 38 on-ag
  chunk 71/464 (71 done): 5,449 obs, 40 on-ag
  chunk 72/464 (72 done): 885 obs, 3 on-ag
  chunk 73/464 (73 done): 23,610 obs, 20 on-ag
  chunk 74/464 (74 done): 44,092 obs, 571 on-ag
  chunk 75/464 (75 done): 208,107 obs, 20,648 on-ag
  chunk 76/464 (76 done): 28,028 obs, 472 on-ag
  chunk 77/464 (77 done): 0 obs, 0 on-ag
  chunk 78/464 (78 done): 0 obs, 0 on-ag
  chunk 79/464 (79 done): 0 obs, 0 on-ag
  chunk 80/464 (80 done): 0 obs, 0 on-ag
  chunk 81/464 (81 done): 40,853 obs, 15,461 on-ag
  chunk 82/464 (82 done): 47,179 obs, 1,265 on-ag
  chunk 83/464 (83 done): 22,230 obs, 731 on-ag
  chunk 84/464 (84 done): 8,652 obs, 215 on-ag
  chunk 85/464 (85 done): 14,843 obs, 1,369 on-ag
  chunk 86/464 (86 done): 5,682 obs, 199 on-ag
  chunk 87/464 (87 done): 3,662 obs, 54 on-ag
  chunk 88/464 (88 done): 4,952 obs, 25 on-ag
  chunk 89/464 (89 done): 46,954 obs, 1,710 on-ag
  chunk 90/464 (90 done): 25,841 obs, 258 on-ag
  chunk 91/464 (91 done): 64,700 obs, 5,965 on-ag
  chunk 92/464 (92 done): 13,046 obs, 795 on-ag
  chunk 93/464 (93 done): 0 obs, 0 on-ag
  chunk 94/464 (94 done): 0 obs, 0 on-ag
  chunk 95/464 (95 done): 0 obs, 0 on-ag
  chunk 96/464 (96 done): 0 obs, 0 on-ag
  chunk 97/464 (97 done): 7,336 obs, 314 on-ag
  chunk 98/464 (98 done): 23,579 obs, 162 on-ag
  chunk 99/464 (99 done): 80,440 obs, 2,243 on-ag
  chunk 100/464 (100 done): 12,976 obs, 251 on-ag
  chunk 101/464 (101 done): 20,819 obs, 2,424 on-ag
  chunk 102/464 (102 done): 132,622 obs, 4,682 on-ag
  chunk 103/464 (103 done): 144,099 obs, 10,310 on-ag
  chunk 104/464 (104 done): 11,246 obs, 1,528 on-ag
  chunk 105/464 (105 done): 18,603 obs, 99 on-ag
  chunk 106/464 (106 done): 153,448 obs, 1,217 on-ag
  chunk 107/464 (107 done): 206,973 obs, 19,891 on-ag
  chunk 108/464 (108 done): 201,769 obs, 8,918 on-ag
  chunk 109/464 (109 done): 0 obs, 0 on-ag
  chunk 110/464 (110 done): 0 obs, 0 on-ag
  chunk 111/464 (111 done): 0 obs, 0 on-ag
  chunk 112/464 (112 done): 0 obs, 0 on-ag
  chunk 113/464 (113 done): 859 obs, 113 on-ag
  chunk 114/464 (114 done): 1,790 obs, 52 on-ag
  chunk 115/464 (115 done): 11,645 obs, 672 on-ag
  chunk 116/464 (116 done): 16,051 obs, 82 on-ag
  chunk 117/464 (117 done): 14,765 obs, 92 on-ag
  chunk 118/464 (118 done): 8,314 obs, 140 on-ag
  chunk 119/464 (119 done): 14,838 obs, 1,457 on-ag
  chunk 120/464 (120 done): 16,955 obs, 2,651 on-ag
  chunk 121/464 (121 done): 5,571 obs, 2 on-ag
  chunk 122/464 (122 done): 4,978 obs, 446 on-ag
  chunk 123/464 (123 done): 34,608 obs, 1,640 on-ag
  chunk 124/464 (124 done): 499,933 obs, 652 on-ag
  chunk 125/464 (125 done): 0 obs, 0 on-ag
  chunk 126/464 (126 done): 0 obs, 0 on-ag
  chunk 127/464 (127 done): 0 obs, 0 on-ag
  chunk 128/464 (128 done): 0 obs, 0 on-ag
  chunk 129/464 (129 done): 6,376 obs, 184 on-ag
  chunk 130/464 (130 done): 2,441 obs, 45 on-ag
  chunk 131/464 (131 done): 19,211 obs, 127 on-ag
  chunk 132/464 (132 done): 4,245 obs, 132 on-ag
  chunk 133/464 (133 done): 9,642 obs, 101 on-ag
  chunk 134/464 (134 done): 1,505 obs, 0 on-ag
  chunk 135/464 (135 done): 14,103 obs, 1,420 on-ag
  chunk 136/464 (136 done): 50,812 obs, 5,478 on-ag
  chunk 137/464 (137 done): 22,946 obs, 665 on-ag
  chunk 138/464 (138 done): 3,589 obs, 16 on-ag
  chunk 139/464 (139 done): 52,023 obs, 573 on-ag
  chunk 140/464 (140 done): 19,110 obs, 135 on-ag
  chunk 141/464 (141 done): 0 obs, 0 on-ag
  chunk 142/464 (142 done): 0 obs, 0 on-ag
  chunk 143/464 (143 done): 0 obs, 0 on-ag
  chunk 144/464 (144 done): 0 obs, 0 on-ag
  chunk 145/464 (145 done): 912 obs, 49 on-ag
  chunk 146/464 (146 done): 6,651 obs, 73 on-ag
  chunk 147/464 (147 done): 18,653 obs, 305 on-ag
  chunk 148/464 (148 done): 16,332 obs, 135 on-ag
  chunk 149/464 (149 done): 8,808 obs, 170 on-ag
  chunk 150/464 (150 done): 21,409 obs, 80 on-ag
  chunk 151/464 (151 done): 475,477 obs, 3,638 on-ag
  chunk 152/464 (152 done): 66,540 obs, 655 on-ag
  chunk 153/464 (153 done): 25,343 obs, 503 on-ag
  chunk 154/464 (154 done): 186,890 obs, 31,216 on-ag
  chunk 155/464 (155 done): 15,191 obs, 693 on-ag
  chunk 156/464 (156 done): 25,740 obs, 2,575 on-ag
  chunk 157/464 (157 done): 543 obs, 0 on-ag
  chunk 158/464 (158 done): 0 obs, 0 on-ag
  chunk 159/464 (159 done): 0 obs, 0 on-ag
  chunk 160/464 (160 done): 0 obs, 0 on-ag
  chunk 161/464 (161 done): 8,413 obs, 210 on-ag
  chunk 162/464 (162 done): 8,830 obs, 318 on-ag
  chunk 163/464 (163 done): 2,095 obs, 126 on-ag
  chunk 164/464 (164 done): 15,871 obs, 73 on-ag
  chunk 165/464 (165 done): 9,693 obs, 20 on-ag
  chunk 166/464 (166 done): 18,888 obs, 196 on-ag
  chunk 167/464 (167 done): 147,070 obs, 7,410 on-ag
  chunk 168/464 (168 done): 92,047 obs, 431 on-ag
  chunk 169/464 (169 done): 15,496 obs, 182 on-ag
  chunk 170/464 (170 done): 8,681 obs, 12 on-ag
  chunk 171/464 (171 done): 21,425 obs, 495 on-ag
  chunk 172/464 (172 done): 21,993 obs, 4,171 on-ag
  chunk 173/464 (173 done): 36,920 obs, 165 on-ag
  chunk 174/464 (174 done): 24,740 obs, 0 on-ag
  chunk 175/464 (175 done): 0 obs, 0 on-ag
  chunk 176/464 (176 done): 0 obs, 0 on-ag
  chunk 177/464 (177 done): 11,552 obs, 916 on-ag
  chunk 178/464 (178 done): 10,227 obs, 166 on-ag
  chunk 179/464 (179 done): 2,927 obs, 28 on-ag
  chunk 180/464 (180 done): 3,169 obs, 205 on-ag
  chunk 181/464 (181 done): 4,392 obs, 129 on-ag
  chunk 182/464 (182 done): 13,291 obs, 490 on-ag
  chunk 183/464 (183 done): 40,125 obs, 6,952 on-ag
  chunk 184/464 (184 done): 38,002 obs, 10,428 on-ag
  chunk 185/464 (185 done): 19,371 obs, 1,136 on-ag
  chunk 186/464 (186 done): 13,703 obs, 427 on-ag
  chunk 187/464 (187 done): 37,905 obs, 4,768 on-ag
  chunk 188/464 (188 done): 24,537 obs, 263 on-ag
  chunk 189/464 (189 done): 9,898 obs, 0 on-ag
  chunk 190/464 (190 done): 1,544 obs, 0 on-ag
  chunk 191/464 (191 done): 0 obs, 0 on-ag
  chunk 192/464 (192 done): 0 obs, 0 on-ag
  chunk 193/464 (193 done): 4,863 obs, 839 on-ag
  chunk 194/464 (194 done): 22,275 obs, 951 on-ag
  chunk 195/464 (195 done): 19,427 obs, 1,156 on-ag
  chunk 196/464 (196 done): 5,696 obs, 419 on-ag
  chunk 197/464 (197 done): 3,968 obs, 182 on-ag
  chunk 198/464 (198 done): 20,378 obs, 987 on-ag
  chunk 199/464 (199 done): 17,488 obs, 658 on-ag
  chunk 200/464 (200 done): 11,296 obs, 763 on-ag
  chunk 201/464 (201 done): 29,682 obs, 575 on-ag
  chunk 202/464 (202 done): 5,687 obs, 449 on-ag
  chunk 203/464 (203 done): 8,623 obs, 1,349 on-ag
  chunk 204/464 (204 done): 19,725 obs, 169 on-ag
  chunk 205/464 (205 done): 73,385 obs, 40 on-ag
  chunk 206/464 (206 done): 27,127 obs, 2,420 on-ag
  chunk 207/464 (207 done): 58,841 obs, 273 on-ag
  chunk 208/464 (208 done): 0 obs, 0 on-ag
  chunk 209/464 (209 done): 2,058 obs, 274 on-ag
  chunk 210/464 (210 done): 36,351 obs, 7,542 on-ag
  chunk 211/464 (211 done): 10,395 obs, 1,269 on-ag
  chunk 212/464 (212 done): 6,306 obs, 1,601 on-ag
  chunk 213/464 (213 done): 39,311 obs, 9,185 on-ag
  chunk 214/464 (214 done): 14,119 obs, 2,651 on-ag
  chunk 215/464 (215 done): 15,292 obs, 583 on-ag
  chunk 216/464 (216 done): 93,040 obs, 10,112 on-ag
  chunk 217/464 (217 done): 30,942 obs, 1,281 on-ag
  chunk 218/464 (218 done): 90,320 obs, 1,059 on-ag
  chunk 219/464 (219 done): 66,552 obs, 1,116 on-ag
  chunk 220/464 (220 done): 128,118 obs, 916 on-ag
  chunk 221/464 (221 done): 484,225 obs, 16,596 on-ag
  chunk 222/464 (222 done): 283,386 obs, 21,731 on-ag
  chunk 223/464 (223 done): 450,301 obs, 41,922 on-ag
  chunk 224/464 (224 done): 0 obs, 0 on-ag
  chunk 225/464 (225 done): 4,953 obs, 821 on-ag
  chunk 226/464 (226 done): 19,893 obs, 5,681 on-ag
  chunk 227/464 (227 done): 12,856 obs, 4,054 on-ag
  chunk 228/464 (228 done): 15,189 obs, 2,898 on-ag
  chunk 229/464 (229 done): 22,056 obs, 4,682 on-ag
  chunk 230/464 (230 done): 42,576 obs, 3,647 on-ag
  chunk 231/464 (231 done): 52,245 obs, 3,766 on-ag
  chunk 232/464 (232 done): 182,551 obs, 27,476 on-ag
  chunk 233/464 (233 done): 50,972 obs, 7,069 on-ag
  chunk 234/464 (234 done): 24,042 obs, 3,326 on-ag
  chunk 235/464 (235 done): 102,024 obs, 7,333 on-ag
  chunk 236/464 (236 done): 100,883 obs, 14,589 on-ag
  chunk 237/464 (237 done): 333,674 obs, 37,691 on-ag
  chunk 238/464 (238 done): 184,842 obs, 10,112 on-ag
  chunk 239/464 (239 done): 569 obs, 0 on-ag
  chunk 240/464 (240 done): 0 obs, 0 on-ag
  chunk 241/464 (241 done): 1,119 obs, 0 on-ag
  chunk 242/464 (242 done): 7,726 obs, 153 on-ag
  chunk 243/464 (243 done): 52,502 obs, 11,477 on-ag
  chunk 244/464 (244 done): 242,389 obs, 39,149 on-ag
  chunk 245/464 (245 done): 8,978 obs, 1,538 on-ag
  chunk 246/464 (246 done): 45,486 obs, 5,653 on-ag
  chunk 247/464 (247 done): 16,011 obs, 5,326 on-ag
  chunk 248/464 (248 done): 127,088 obs, 28,054 on-ag
  chunk 249/464 (249 done): 94,278 obs, 16,512 on-ag
  chunk 250/464 (250 done): 53,956 obs, 7,899 on-ag
  chunk 251/464 (251 done): 23,900 obs, 1,709 on-ag
  chunk 252/464 (252 done): 55,845 obs, 9,457 on-ag
  chunk 253/464 (253 done): 260,040 obs, 25,643 on-ag
  chunk 254/464 (254 done): 13,797 obs, 0 on-ag
  chunk 255/464 (255 done): 97 obs, 0 on-ag
  chunk 256/464 (256 done): 0 obs, 0 on-ag
  chunk 257/464 (257 done): 552 obs, 0 on-ag
  chunk 258/464 (258 done): 46,575 obs, 368 on-ag
  chunk 259/464 (259 done): 68,405 obs, 3,097 on-ag
  chunk 260/464 (260 done): 74,108 obs, 11,207 on-ag
  chunk 261/464 (261 done): 77,111 obs, 6,811 on-ag
  chunk 262/464 (262 done): 54,682 obs, 7,058 on-ag
  chunk 263/464 (263 done): 21,703 obs, 4,901 on-ag
  chunk 264/464 (264 done): 113,521 obs, 16,812 on-ag
  chunk 265/464 (265 done): 12,924 obs, 3,879 on-ag
  chunk 266/464 (266 done): 72,008 obs, 9,316 on-ag
  chunk 267/464 (267 done): 13,437 obs, 2,445 on-ag
  chunk 268/464 (268 done): 36,245 obs, 6,837 on-ag
  chunk 269/464 (269 done): 112,376 obs, 18,545 on-ag
  chunk 270/464 (270 done): 1,504 obs, 0 on-ag
  chunk 271/464 (271 done): 105 obs, 0 on-ag
  chunk 272/464 (272 done): 0 obs, 0 on-ag
  chunk 273/464 (273 done): 0 obs, 0 on-ag
  chunk 274/464 (274 done): 3,799 obs, 20 on-ag
  chunk 275/464 (275 done): 31,386 obs, 315 on-ag
  chunk 276/464 (276 done): 59,433 obs, 12,644 on-ag
  chunk 277/464 (277 done): 326,007 obs, 59,205 on-ag
  chunk 278/464 (278 done): 90,041 obs, 13,233 on-ag
  chunk 279/464 (279 done): 104,342 obs, 24,882 on-ag
  chunk 280/464 (280 done): 164,925 obs, 13,710 on-ag
  chunk 281/464 (281 done): 79,548 obs, 17,713 on-ag
  chunk 282/464 (282 done): 98,461 obs, 59,219 on-ag
  chunk 283/464 (283 done): 25,651 obs, 7,788 on-ag
  chunk 284/464 (284 done): 15,983 obs, 2,845 on-ag
  chunk 285/464 (285 done): 153,915 obs, 4,253 on-ag
  chunk 286/464 (286 done): 72,796 obs, 0 on-ag
  chunk 287/464 (287 done): 7,810 obs, 0 on-ag
  chunk 288/464 (288 done): 1 obs, 0 on-ag
  chunk 289/464 (289 done): 131 obs, 0 on-ag
  chunk 290/464 (290 done): 12,636 obs, 283 on-ag
  chunk 291/464 (291 done): 45,839 obs, 2,471 on-ag
  chunk 292/464 (292 done): 148,370 obs, 10,228 on-ag
  chunk 293/464 (293 done): 344,729 obs, 28,623 on-ag
  chunk 294/464 (294 done): 1,293,053 obs, 64,075 on-ag
  chunk 295/464 (295 done): 133,335 obs, 25,633 on-ag
  chunk 296/464 (296 done): 126,180 obs, 19,619 on-ag
  chunk 297/464 (297 done): 57,821 obs, 10,894 on-ag
  chunk 298/464 (298 done): 149,114 obs, 73,388 on-ag
  chunk 299/464 (299 done): 30,761 obs, 2,494 on-ag
  chunk 300/464 (300 done): 8,532 obs, 1,401 on-ag
  chunk 301/464 (301 done): 112,793 obs, 1,003 on-ag
  chunk 302/464 (302 done): 186,527 obs, 0 on-ag
  chunk 303/464 (303 done): 338 obs, 0 on-ag
  chunk 304/464 (304 done): 0 obs, 0 on-ag
  chunk 305/464 (305 done): 0 obs, 0 on-ag
  chunk 306/464 (306 done): 11,196 obs, 0 on-ag
  chunk 307/464 (307 done): 31,332 obs, 445 on-ag
  chunk 308/464 (308 done): 135,419 obs, 4,711 on-ag
  chunk 309/464 (309 done): 240,626 obs, 32,486 on-ag
  chunk 310/464 (310 done): 160,377 obs, 18,542 on-ag
  chunk 311/464 (311 done): 126,205 obs, 23,454 on-ag
  chunk 312/464 (312 done): 173,410 obs, 31,771 on-ag
  chunk 313/464 (313 done): 42,124 obs, 10,413 on-ag
  chunk 314/464 (314 done): 147,737 obs, 27,574 on-ag
  chunk 315/464 (315 done): 76,460 obs, 7,812 on-ag
  chunk 316/464 (316 done): 77,910 obs, 18,882 on-ag
  chunk 317/464 (317 done): 72,847 obs, 2,791 on-ag
  chunk 318/464 (318 done): 838 obs, 0 on-ag
  chunk 319/464 (319 done): 912 obs, 0 on-ag
  chunk 320/464 (320 done): 17 obs, 0 on-ag
  chunk 321/464 (321 done): 0 obs, 0 on-ag
  chunk 322/464 (322 done): 0 obs, 0 on-ag
  chunk 323/464 (323 done): 10,147 obs, 1,240 on-ag
  chunk 324/464 (324 done): 79,364 obs, 3,347 on-ag
  chunk 325/464 (325 done): 316,582 obs, 19,230 on-ag
  chunk 326/464 (326 done): 605,231 obs, 47,876 on-ag
  chunk 327/464 (327 done): 340,757 obs, 63,703 on-ag
  chunk 328/464 (328 done): 136,677 obs, 19,586 on-ag
  chunk 329/464 (329 done): 48,198 obs, 12,402 on-ag
  chunk 330/464 (330 done): 209,840 obs, 36,403 on-ag
  chunk 331/464 (331 done): 413,382 obs, 59,328 on-ag
  chunk 332/464 (332 done): 78,096 obs, 16,596 on-ag
  chunk 333/464 (333 done): 130,612 obs, 8,127 on-ag
  chunk 334/464 (334 done): 224,271 obs, 601 on-ag
  chunk 335/464 (335 done): 13,855 obs, 6 on-ag
  chunk 336/464 (336 done): 93,776 obs, 0 on-ag
  chunk 337/464 (337 done): 0 obs, 0 on-ag
  chunk 338/464 (338 done): 0 obs, 0 on-ag
  chunk 339/464 (339 done): 0 obs, 0 on-ag
  chunk 340/464 (340 done): 14 obs, 0 on-ag
  chunk 341/464 (341 done): 11,342 obs, 1,449 on-ag
  chunk 342/464 (342 done): 375,414 obs, 27,914 on-ag
  chunk 343/464 (343 done): 121,803 obs, 21,543 on-ag
  chunk 344/464 (344 done): 59,545 obs, 3,331 on-ag
  chunk 345/464 (345 done): 102,598 obs, 17,273 on-ag
  chunk 346/464 (346 done): 207,886 obs, 29,803 on-ag
  chunk 347/464 (347 done): 102,391 obs, 6,129 on-ag
  chunk 348/464 (348 done): 192,155 obs, 5,345 on-ag
  chunk 349/464 (349 done): 324,704 obs, 33,371 on-ag
  chunk 350/464 (350 done): 588,785 obs, 77,735 on-ag
  chunk 351/464 (351 done): 453,230 obs, 23,104 on-ag
  chunk 352/464 (352 done): 155,750 obs, 1,830 on-ag
  chunk 353/464 (353 done): 0 obs, 0 on-ag
  chunk 354/464 (354 done): 0 obs, 0 on-ag
  chunk 355/464 (355 done): 0 obs, 0 on-ag
  chunk 356/464 (356 done): 0 obs, 0 on-ag
  chunk 357/464 (357 done): 79,385 obs, 2,034 on-ag
  chunk 358/464 (358 done): 156,078 obs, 12,703 on-ag
  chunk 359/464 (359 done): 330,385 obs, 39,000 on-ag
  chunk 360/464 (360 done): 142,805 obs, 39,385 on-ag
  chunk 361/464 (361 done): 140,166 obs, 20,936 on-ag
  chunk 362/464 (362 done): 273,123 obs, 28,986 on-ag
  chunk 363/464 (363 done): 117,787 obs, 3,709 on-ag
  chunk 364/464 (364 done): 146,154 obs, 17,110 on-ag
  chunk 365/464 (365 done): 1,126 obs, 0 on-ag
  chunk 366/464 (366 done): 24,910 obs, 718 on-ag
  chunk 367/464 (367 done): 325,908 obs, 11,842 on-ag
  chunk 368/464 (368 done): 150,475 obs, 2,379 on-ag
  chunk 369/464 (369 done): 0 obs, 0 on-ag
  chunk 370/464 (370 done): 0 obs, 0 on-ag
  chunk 371/464 (371 done): 0 obs, 0 on-ag
  chunk 372/464 (372 done): 0 obs, 0 on-ag
  chunk 373/464 (373 done): 350,855 obs, 57,326 on-ag
  chunk 374/464 (374 done): 130,473 obs, 17,569 on-ag
  chunk 375/464 (375 done): 397,158 obs, 73,589 on-ag
  chunk 376/464 (376 done): 1,158,175 obs, 129,520 on-ag
  chunk 377/464 (377 done): 162,480 obs, 11,184 on-ag
  chunk 378/464 (378 done): 67,464 obs, 4,261 on-ag
  chunk 379/464 (379 done): 50,294 obs, 374 on-ag
  chunk 380/464 (380 done): 291 obs, 0 on-ag
  chunk 381/464 (381 done): 0 obs, 0 on-ag
  chunk 382/464 (382 done): 0 obs, 0 on-ag
  chunk 383/464 (383 done): 0 obs, 0 on-ag
  chunk 384/464 (384 done): 0 obs, 0 on-ag
  chunk 385/464 (385 done): 0 obs, 0 on-ag
  chunk 386/464 (386 done): 0 obs, 0 on-ag
  chunk 387/464 (387 done): 0 obs, 0 on-ag
  chunk 388/464 (388 done): 38,855 obs, 3,635 on-ag
  chunk 389/464 (389 done): 408,708 obs, 66,590 on-ag
  chunk 390/464 (390 done): 232,716 obs, 36,011 on-ag
  chunk 391/464 (391 done): 1,195,744 obs, 169,440 on-ag
  chunk 392/464 (392 done): 1,214,539 obs, 81,509 on-ag
  chunk 393/464 (393 done): 185,976 obs, 6,120 on-ag
  chunk 394/464 (394 done): 97,637 obs, 5,125 on-ag
  chunk 395/464 (395 done): 190 obs, 0 on-ag
  chunk 396/464 (396 done): 0 obs, 0 on-ag
  chunk 397/464 (397 done): 0 obs, 0 on-ag
  chunk 398/464 (398 done): 0 obs, 0 on-ag
  chunk 399/464 (399 done): 0 obs, 0 on-ag
  chunk 400/464 (400 done): 0 obs, 0 on-ag
  chunk 401/464 (401 done): 0 obs, 0 on-ag
  chunk 402/464 (402 done): 0 obs, 0 on-ag
  chunk 403/464 (403 done): 0 obs, 0 on-ag
  chunk 404/464 (404 done): 256,740 obs, 58,769 on-ag
  chunk 405/464 (405 done): 270,964 obs, 42,660 on-ag
  chunk 406/464 (406 done): 976,421 obs, 80,991 on-ag
  chunk 407/464 (407 done): 1,179,987 obs, 21,358 on-ag
  chunk 408/464 (408 done): 14,694 obs, 0 on-ag
  chunk 409/464 (409 done): 2,705 obs, 0 on-ag
  chunk 410/464 (410 done): 34 obs, 0 on-ag
  chunk 411/464 (411 done): 1 obs, 0 on-ag
  chunk 412/464 (412 done): 2 obs, 0 on-ag
  chunk 413/464 (413 done): 0 obs, 0 on-ag
  chunk 414/464 (414 done): 0 obs, 0 on-ag
  chunk 415/464 (415 done): 0 obs, 0 on-ag
  chunk 416/464 (416 done): 0 obs, 0 on-ag
  chunk 417/464 (417 done): 0 obs, 0 on-ag
  chunk 418/464 (418 done): 0 obs, 0 on-ag
  chunk 419/464 (419 done): 256 obs, 0 on-ag
  chunk 420/464 (420 done): 87,804 obs, 5,728 on-ag
  chunk 421/464 (421 done): 730,981 obs, 45,345 on-ag
  chunk 422/464 (422 done): 829,552 obs, 57,891 on-ag
  chunk 423/464 (423 done): 15,870 obs, 49 on-ag
  chunk 424/464 (424 done): 1,206 obs, 0 on-ag
  chunk 425/464 (425 done): 2 obs, 0 on-ag
  chunk 426/464 (426 done): 1 obs, 0 on-ag
  chunk 427/464 (427 done): 0 obs, 0 on-ag
  chunk 428/464 (428 done): 0 obs, 0 on-ag
  chunk 429/464 (429 done): 0 obs, 0 on-ag
  chunk 430/464 (430 done): 0 obs, 0 on-ag
  chunk 431/464 (431 done): 0 obs, 0 on-ag
  chunk 432/464 (432 done): 0 obs, 0 on-ag
  chunk 433/464 (433 done): 0 obs, 0 on-ag
  chunk 434/464 (434 done): 220 obs, 2 on-ag
  chunk 435/464 (435 done): 13,003 obs, 12 on-ag
  chunk 436/464 (436 done): 142,116 obs, 12,156 on-ag
  chunk 437/464 (437 done): 177,409 obs, 3,001 on-ag
  chunk 438/464 (438 done): 232,956 obs, 723 on-ag
  chunk 439/464 (439 done): 8,535 obs, 0 on-ag
  chunk 440/464 (440 done): 4 obs, 0 on-ag
  chunk 441/464 (441 done): 0 obs, 0 on-ag
  chunk 442/464 (442 done): 0 obs, 0 on-ag
  chunk 443/464 (443 done): 0 obs, 0 on-ag
  chunk 444/464 (444 done): 0 obs, 0 on-ag
  chunk 445/464 (445 done): 0 obs, 0 on-ag
  chunk 446/464 (446 done): 0 obs, 0 on-ag
  chunk 447/464 (447 done): 0 obs, 0 on-ag
  chunk 448/464 (448 done): 0 obs, 0 on-ag
  chunk 449/464 (449 done): 0 obs, 0 on-ag
  chunk 450/464 (450 done): 3,359 obs, 409 on-ag
  chunk 451/464 (451 done): 3,461 obs, 180 on-ag
  chunk 452/464 (452 done): 68,618 obs, 2,171 on-ag
  chunk 453/464 (453 done): 6,366 obs, 0 on-ag
  chunk 454/464 (454 done): 4,368 obs, 0 on-ag
  chunk 455/464 (455 done): 7,305 obs, 0 on-ag
  chunk 456/464 (456 done): 1 obs, 0 on-ag
  chunk 457/464 (457 done): 0 obs, 0 on-ag
  chunk 458/464 (458 done): 0 obs, 0 on-ag
  chunk 459/464 (459 done): 0 obs, 0 on-ag
  chunk 460/464 (460 done): 0 obs, 0 on-ag
  chunk 461/464 (461 done): 0 obs, 0 on-ag
  chunk 462/464 (462 done): 0 obs, 0 on-ag
  chunk 463/464 (463 done): 0 obs, 0 on-ag
  chunk 464/464 (464 done): 0 obs, 0 on-ag

================================================================
  CONUS 2014  (point ~30 m (v1-style))
  total observations         : 40,013,892
  % observations on farmland : 8.89%
  % of CONUS that is farmland: 24.07%
  OBSERVATIONAL DISPARITY    : 2.71   (>1 => farmland under-observed)
================================================================
  saved -> <repo>/03_disparity_trend_2014_2024/outputs/pointmethod_2014_z12_RESULT.csv
