*** Earth Engine *** Share your feedback by taking our Annual Developer Satisfaction Survey: https://google.qualtrics.com/jfe/form/SV_9oS0DRcPvElRMNw?source=python
YEAR 2014 | zoom 9 (~153 m cells) | FRACTIONAL (v2 cross-check)
Earth Engine: computing CONUS farmland share ...
  farmland 1,944,641 km^2 of 8,080,060 km^2 land  => 24.07% of CONUS
GBIF x NLCD overlay: 3,901 unique tiles in 448 chunks @ zoom 9  (resumable in ~/.csotf_pointmethod_ckpt)
  chunk 1/448 (1 done): 9,317 obs, 784 on-ag
  chunk 2/448 (2 done): 92,771 obs, 5,547 on-ag
  chunk 3/448 (3 done): 124,786 obs, 10,035 on-ag
  chunk 4/448 (4 done): 297,513 obs, 74,923 on-ag
  chunk 5/448 (5 done): 109,024 obs, 21,808 on-ag
  chunk 6/448 (6 done): 71,197 obs, 3,562 on-ag
  chunk 7/448 (7 done): 172,978 obs, 10,061 on-ag
  chunk 8/448 (8 done): 328,053 obs, 2,255 on-ag
  chunk 9/448 (9 done): 1,211 obs, 0 on-ag
  chunk 10/448 (10 done): 120 obs, 0 on-ag
  chunk 11/448 (11 done): 5,140 obs, 0 on-ag
  chunk 12/448 (12 done): 120 obs, 0 on-ag
  chunk 13/448 (13 done): 0 obs, 0 on-ag
  chunk 14/448 (14 done): 0 obs, 0 on-ag
  chunk 15/448 (15 done): 0 obs, 0 on-ag
  chunk 16/448 (16 done): 0 obs, 0 on-ag
  chunk 17/448 (17 done): 83,752 obs, 12,427 on-ag
  chunk 18/448 (18 done): 553,400 obs, 36,533 on-ag
  chunk 19/448 (19 done): 177,912 obs, 32,476 on-ag
  chunk 20/448 (20 done): 294,441 obs, 34,164 on-ag
  chunk 21/448 (21 done): 60,109 obs, 3,327 on-ag
  chunk 22/448 (22 done): 101,640 obs, 22,253 on-ag
  chunk 23/448 (23 done): 93,571 obs, 10,605 on-ag
  chunk 24/448 (24 done): 1,211,738 obs, 122,539 on-ag
  chunk 25/448 (25 done): 1,114,432 obs, 36,832 on-ag
  chunk 26/448 (26 done): 20,845 obs, 3 on-ag
  chunk 27/448 (27 done): 10,588 obs, 0 on-ag
  chunk 28/448 (28 done): 327 obs, 0 on-ag
  chunk 29/448 (29 done): 1 obs, 0 on-ag
  chunk 30/448 (30 done): 0 obs, 0 on-ag
  chunk 31/448 (31 done): 0 obs, 0 on-ag
  chunk 32/448 (32 done): 0 obs, 0 on-ag
  chunk 33/448 (33 done): 10,130 obs, 341 on-ag
  chunk 34/448 (34 done): 61,771 obs, 5,873 on-ag
  chunk 35/448 (35 done): 127,281 obs, 17,882 on-ag
  chunk 36/448 (36 done): 19,153 obs, 648 on-ag
  chunk 37/448 (37 done): 49,446 obs, 2,290 on-ag
  chunk 38/448 (38 done): 9,754 obs, 350 on-ag
  chunk 39/448 (39 done): 73,637 obs, 4,492 on-ag
  chunk 40/448 (40 done): 142,809 obs, 6,571 on-ag
  chunk 41/448 (41 done): 112,929 obs, 15,406 on-ag
  chunk 42/448 (42 done): 247,016 obs, 9,028 on-ag
  chunk 43/448 (43 done): 260,184 obs, 10,129 on-ag
  chunk 44/448 (44 done): 1,016 obs, 0 on-ag
  chunk 45/448 (45 done): 0 obs, 0 on-ag
  chunk 46/448 (46 done): 0 obs, 0 on-ag
  chunk 47/448 (47 done): 0 obs, 0 on-ag
  chunk 48/448 (48 done): 0 obs, 0 on-ag
  chunk 49/448 (49 done): 19,433 obs, 1,321 on-ag
  chunk 50/448 (50 done): 74,955 obs, 6,699 on-ag
  chunk 51/448 (51 done): 60,964 obs, 7,885 on-ag
  chunk 52/448 (52 done): 40,874 obs, 5,097 on-ag
  chunk 53/448 (53 done): 18,797 obs, 2,610 on-ag
  chunk 54/448 (54 done): 3,364 obs, 178 on-ag
  chunk 55/448 (55 done): 22,631 obs, 1,642 on-ag
  chunk 56/448 (56 done): 11,402 obs, 461 on-ag
  chunk 57/448 (57 done): 67,659 obs, 6,234 on-ag
  chunk 58/448 (58 done): 182,945 obs, 8,140 on-ag
  chunk 59/448 (59 done): 1,258,825 obs, 9,597 on-ag
  chunk 60/448 (60 done): 3,148 obs, 126 on-ag
  chunk 61/448 (61 done): 0 obs, 0 on-ag
  chunk 62/448 (62 done): 0 obs, 0 on-ag
  chunk 63/448 (63 done): 0 obs, 0 on-ag
  chunk 64/448 (64 done): 0 obs, 0 on-ag
  chunk 65/448 (65 done): 6,722 obs, 299 on-ag
  chunk 66/448 (66 done): 16,502 obs, 347 on-ag
  chunk 67/448 (67 done): 7,800 obs, 446 on-ag
  chunk 68/448 (68 done): 20,344 obs, 665 on-ag
  chunk 69/448 (69 done): 92,239 obs, 10,329 on-ag
  chunk 70/448 (70 done): 5,370 obs, 188 on-ag
  chunk 71/448 (71 done): 5,499 obs, 153 on-ag
  chunk 72/448 (72 done): 1,189 obs, 9 on-ag
  chunk 73/448 (73 done): 48,745 obs, 2,509 on-ag
  chunk 74/448 (74 done): 20,655 obs, 134 on-ag
  chunk 75/448 (75 done): 189,555 obs, 27,241 on-ag
  chunk 76/448 (76 done): 31 obs, 6 on-ag
  chunk 77/448 (77 done): 0 obs, 0 on-ag
  chunk 78/448 (78 done): 0 obs, 0 on-ag
  chunk 79/448 (79 done): 0 obs, 0 on-ag
  chunk 80/448 (80 done): 0 obs, 0 on-ag
  chunk 81/448 (81 done): 11,595 obs, 73 on-ag
  chunk 82/448 (82 done): 43,504 obs, 18,110 on-ag
  chunk 83/448 (83 done): 63,601 obs, 6,196 on-ag
  chunk 84/448 (84 done): 9,654 obs, 1,837 on-ag
  chunk 85/448 (85 done): 12,444 obs, 1,688 on-ag
  chunk 86/448 (86 done): 6,106 obs, 667 on-ag
  chunk 87/448 (87 done): 7,490 obs, 45 on-ag
  chunk 88/448 (88 done): 7,746 obs, 277 on-ag
  chunk 89/448 (89 done): 51,785 obs, 2,093 on-ag
  chunk 90/448 (90 done): 37,130 obs, 365 on-ag
  chunk 91/448 (91 done): 73,736 obs, 6,866 on-ag
  chunk 92/448 (92 done): 9,771 obs, 0 on-ag
  chunk 93/448 (93 done): 0 obs, 0 on-ag
  chunk 94/448 (94 done): 0 obs, 0 on-ag
  chunk 95/448 (95 done): 0 obs, 0 on-ag
  chunk 96/448 (96 done): 0 obs, 0 on-ag
  chunk 97/448 (97 done): 5,499 obs, 434 on-ag
  chunk 98/448 (98 done): 22,134 obs, 367 on-ag
  chunk 99/448 (99 done): 70,937 obs, 6,230 on-ag
  chunk 100/448 (100 done): 28,386 obs, 1,018 on-ag
  chunk 101/448 (101 done): 35,927 obs, 2,769 on-ag
  chunk 102/448 (102 done): 104,922 obs, 12,680 on-ag
  chunk 103/448 (103 done): 172,987 obs, 10,609 on-ag
  chunk 104/448 (104 done): 11,218 obs, 1,624 on-ag
  chunk 105/448 (105 done): 26,863 obs, 211 on-ag
  chunk 106/448 (106 done): 151,218 obs, 4,575 on-ag
  chunk 107/448 (107 done): 198,502 obs, 18,937 on-ag
  chunk 108/448 (108 done): 467,841 obs, 3,351 on-ag
  chunk 109/448 (109 done): 0 obs, 0 on-ag
  chunk 110/448 (110 done): 0 obs, 0 on-ag
  chunk 111/448 (111 done): 0 obs, 0 on-ag
  chunk 112/448 (112 done): 0 obs, 0 on-ag
  chunk 113/448 (113 done): 831 obs, 200 on-ag
  chunk 114/448 (114 done): 2,923 obs, 67 on-ag
  chunk 115/448 (115 done): 7,226 obs, 182 on-ag
  chunk 116/448 (116 done): 6,113 obs, 76 on-ag
  chunk 117/448 (117 done): 10,605 obs, 496 on-ag
  chunk 118/448 (118 done): 6,736 obs, 108 on-ag
  chunk 119/448 (119 done): 13,502 obs, 1,295 on-ag
  chunk 120/448 (120 done): 39,701 obs, 4,408 on-ag
  chunk 121/448 (121 done): 10,679 obs, 470 on-ag
  chunk 122/448 (122 done): 7,704 obs, 213 on-ag
  chunk 123/448 (123 done): 38,485 obs, 1,949 on-ag
  chunk 124/448 (124 done): 205,195 obs, 3,167 on-ag
  chunk 125/448 (125 done): 0 obs, 0 on-ag
  chunk 126/448 (126 done): 0 obs, 0 on-ag
  chunk 127/448 (127 done): 0 obs, 0 on-ag
  chunk 128/448 (128 done): 0 obs, 0 on-ag
  chunk 129/448 (129 done): 1,468 obs, 245 on-ag
  chunk 130/448 (130 done): 11,682 obs, 195 on-ag
  chunk 131/448 (131 done): 23,384 obs, 463 on-ag
  chunk 132/448 (132 done): 25,982 obs, 333 on-ag
  chunk 133/448 (133 done): 9,102 obs, 166 on-ag
  chunk 134/448 (134 done): 4,203 obs, 59 on-ag
  chunk 135/448 (135 done): 32,604 obs, 1,807 on-ag
  chunk 136/448 (136 done): 33,554 obs, 3,980 on-ag
  chunk 137/448 (137 done): 22,377 obs, 1,006 on-ag
  chunk 138/448 (138 done): 147,707 obs, 13,161 on-ag
  chunk 139/448 (139 done): 53,815 obs, 2,960 on-ag
  chunk 140/448 (140 done): 30,361 obs, 2,801 on-ag
  chunk 141/448 (141 done): 0 obs, 0 on-ag
  chunk 142/448 (142 done): 0 obs, 0 on-ag
  chunk 143/448 (143 done): 0 obs, 0 on-ag
  chunk 144/448 (144 done): 0 obs, 0 on-ag
  chunk 145/448 (145 done): 2,802 obs, 43 on-ag
  chunk 146/448 (146 done): 1,761 obs, 90 on-ag
  chunk 147/448 (147 done): 1,632 obs, 54 on-ag
  chunk 148/448 (148 done): 3,451 obs, 20 on-ag
  chunk 149/448 (149 done): 1,413 obs, 21 on-ag
  chunk 150/448 (150 done): 32,577 obs, 317 on-ag
  chunk 151/448 (151 done): 570,099 obs, 11,265 on-ag
  chunk 152/448 (152 done): 132,814 obs, 923 on-ag
  chunk 153/448 (153 done): 26,771 obs, 781 on-ag
  chunk 154/448 (154 done): 49,874 obs, 3,192 on-ag
  chunk 155/448 (155 done): 18,674 obs, 756 on-ag
  chunk 156/448 (156 done): 21,157 obs, 2,518 on-ag
  chunk 157/448 (157 done): 6,178 obs, 0 on-ag
  chunk 158/448 (158 done): 0 obs, 0 on-ag
  chunk 159/448 (159 done): 0 obs, 0 on-ag
  chunk 160/448 (160 done): 0 obs, 0 on-ag
  chunk 161/448 (161 done): 4,258 obs, 230 on-ag
  chunk 162/448 (162 done): 7,051 obs, 711 on-ag
  chunk 163/448 (163 done): 9,649 obs, 806 on-ag
  chunk 164/448 (164 done): 6,900 obs, 221 on-ag
  chunk 165/448 (165 done): 21,667 obs, 458 on-ag
  chunk 166/448 (166 done): 7,641 obs, 475 on-ag
  chunk 167/448 (167 done): 76,619 obs, 10,645 on-ag
  chunk 168/448 (168 done): 54,249 obs, 12,493 on-ag
  chunk 169/448 (169 done): 18,131 obs, 843 on-ag
  chunk 170/448 (170 done): 10,706 obs, 324 on-ag
  chunk 171/448 (171 done): 17,739 obs, 1,932 on-ag
  chunk 172/448 (172 done): 17,770 obs, 272 on-ag
  chunk 173/448 (173 done): 49,453 obs, 0 on-ag
  chunk 174/448 (174 done): 0 obs, 0 on-ag
  chunk 175/448 (175 done): 0 obs, 0 on-ag
  chunk 176/448 (176 done): 0 obs, 0 on-ag
  chunk 177/448 (177 done): 3,762 obs, 826 on-ag
  chunk 178/448 (178 done): 16,116 obs, 1,454 on-ag
  chunk 179/448 (179 done): 12,295 obs, 508 on-ag
  chunk 180/448 (180 done): 4,378 obs, 202 on-ag
  chunk 181/448 (181 done): 5,447 obs, 201 on-ag
  chunk 182/448 (182 done): 19,362 obs, 4,174 on-ag
  chunk 183/448 (183 done): 12,549 obs, 1,635 on-ag
  chunk 184/448 (184 done): 13,249 obs, 1,275 on-ag
  chunk 185/448 (185 done): 15,299 obs, 1,598 on-ag
  chunk 186/448 (186 done): 14,704 obs, 613 on-ag
  chunk 187/448 (187 done): 31,196 obs, 4,583 on-ag
  chunk 188/448 (188 done): 19,940 obs, 460 on-ag
  chunk 189/448 (189 done): 25,543 obs, 16 on-ag
  chunk 190/448 (190 done): 698 obs, 15 on-ag
  chunk 191/448 (191 done): 0 obs, 0 on-ag
  chunk 192/448 (192 done): 0 obs, 0 on-ag
  chunk 193/448 (193 done): 1,113 obs, 157 on-ag
  chunk 194/448 (194 done): 17,053 obs, 4,424 on-ag
  chunk 195/448 (195 done): 24,419 obs, 2,616 on-ag
  chunk 196/448 (196 done): 2,478 obs, 667 on-ag
  chunk 197/448 (197 done): 17,361 obs, 4,952 on-ag
  chunk 198/448 (198 done): 6,210 obs, 305 on-ag
  chunk 199/448 (199 done): 14,798 obs, 1,280 on-ag
  chunk 200/448 (200 done): 77,105 obs, 9,235 on-ag
  chunk 201/448 (201 done): 34,509 obs, 1,718 on-ag
  chunk 202/448 (202 done): 18,297 obs, 1,170 on-ag
  chunk 203/448 (203 done): 23,516 obs, 1,177 on-ag
  chunk 204/448 (204 done): 33,592 obs, 279 on-ag
  chunk 205/448 (205 done): 420,625 obs, 8,407 on-ag
  chunk 206/448 (206 done): 69,539 obs, 10,136 on-ag
  chunk 207/448 (207 done): 293,050 obs, 53,106 on-ag
  chunk 208/448 (208 done): 0 obs, 0 on-ag
  chunk 209/448 (209 done): 1,809 obs, 437 on-ag
  chunk 210/448 (210 done): 27,684 obs, 8,080 on-ag
  chunk 211/448 (211 done): 31,810 obs, 8,324 on-ag
  chunk 212/448 (212 done): 17,112 obs, 4,176 on-ag
  chunk 213/448 (213 done): 39,469 obs, 9,736 on-ag
  chunk 214/448 (214 done): 48,283 obs, 6,396 on-ag
  chunk 215/448 (215 done): 42,025 obs, 3,335 on-ag
  chunk 216/448 (216 done): 110,417 obs, 15,176 on-ag
  chunk 217/448 (217 done): 60,729 obs, 4,296 on-ag
  chunk 218/448 (218 done): 75,236 obs, 2,234 on-ag
  chunk 219/448 (219 done): 260,944 obs, 21,304 on-ag
  chunk 220/448 (220 done): 85,631 obs, 9,533 on-ag
  chunk 221/448 (221 done): 321,496 obs, 66,089 on-ag
  chunk 222/448 (222 done): 247,438 obs, 15,446 on-ag
  chunk 223/448 (223 done): 167,084 obs, 31,087 on-ag
  chunk 224/448 (224 done): 0 obs, 0 on-ag
  chunk 225/448 (225 done): 1,644 obs, 75 on-ag
  chunk 226/448 (226 done): 6,831 obs, 191 on-ag
  chunk 227/448 (227 done): 29,580 obs, 7,172 on-ag
  chunk 228/448 (228 done): 52,335 obs, 13,089 on-ag
  chunk 229/448 (229 done): 11,936 obs, 2,961 on-ag
  chunk 230/448 (230 done): 38,026 obs, 4,726 on-ag
  chunk 231/448 (231 done): 39,948 obs, 6,582 on-ag
  chunk 232/448 (232 done): 216,390 obs, 51,272 on-ag
  chunk 233/448 (233 done): 85,325 obs, 22,136 on-ag
  chunk 234/448 (234 done): 36,850 obs, 5,951 on-ag
  chunk 235/448 (235 done): 45,947 obs, 8,359 on-ag
  chunk 236/448 (236 done): 56,188 obs, 6,373 on-ag
  chunk 237/448 (237 done): 537,329 obs, 57,695 on-ag
  chunk 238/448 (238 done): 8,175 obs, 5 on-ag
  chunk 239/448 (239 done): 7 obs, 0 on-ag
  chunk 240/448 (240 done): 0 obs, 0 on-ag
  chunk 241/448 (241 done): 141 obs, 0 on-ag
  chunk 242/448 (242 done): 18,500 obs, 229 on-ag
  chunk 243/448 (243 done): 69,912 obs, 4,074 on-ag
  chunk 244/448 (244 done): 258,579 obs, 32,128 on-ag
  chunk 245/448 (245 done): 37,413 obs, 10,250 on-ag
  chunk 246/448 (246 done): 68,540 obs, 11,469 on-ag
  chunk 247/448 (247 done): 17,525 obs, 4,273 on-ag
  chunk 248/448 (248 done): 98,888 obs, 29,022 on-ag
  chunk 249/448 (249 done): 51,387 obs, 12,797 on-ag
  chunk 250/448 (250 done): 85,680 obs, 12,729 on-ag
  chunk 251/448 (251 done): 24,220 obs, 5,573 on-ag
  chunk 252/448 (252 done): 42,787 obs, 10,058 on-ag
  chunk 253/448 (253 done): 102,844 obs, 24,288 on-ag
  chunk 254/448 (254 done): 131 obs, 0 on-ag
  chunk 255/448 (255 done): 61 obs, 0 on-ag
  chunk 256/448 (256 done): 0 obs, 0 on-ag
  chunk 257/448 (257 done): 0 obs, 0 on-ag
  chunk 258/448 (258 done): 5,467 obs, 1 on-ag
  chunk 259/448 (259 done): 40,947 obs, 2,920 on-ag
  chunk 260/448 (260 done): 60,990 obs, 9,329 on-ag
  chunk 261/448 (261 done): 310,085 obs, 61,870 on-ag
  chunk 262/448 (262 done): 72,060 obs, 15,532 on-ag
  chunk 263/448 (263 done): 79,719 obs, 20,480 on-ag
  chunk 264/448 (264 done): 176,031 obs, 17,425 on-ag
  chunk 265/448 (265 done): 49,861 obs, 11,348 on-ag
  chunk 266/448 (266 done): 56,331 obs, 15,927 on-ag
  chunk 267/448 (267 done): 10,507 obs, 4,100 on-ag
  chunk 268/448 (268 done): 21,778 obs, 3,230 on-ag
  chunk 269/448 (269 done): 224,893 obs, 9,993 on-ag
  chunk 270/448 (270 done): 10,404 obs, 0 on-ag
  chunk 271/448 (271 done): 62 obs, 0 on-ag
  chunk 272/448 (272 done): 0 obs, 0 on-ag
  chunk 273/448 (273 done): 0 obs, 0 on-ag
  chunk 274/448 (274 done): 11,134 obs, 114 on-ag
  chunk 275/448 (275 done): 38,279 obs, 1,292 on-ag
  chunk 276/448 (276 done): 139,632 obs, 14,318 on-ag
  chunk 277/448 (277 done): 401,984 obs, 50,853 on-ag
  chunk 278/448 (278 done): 1,326,942 obs, 85,837 on-ag
  chunk 279/448 (279 done): 108,114 obs, 18,591 on-ag
  chunk 280/448 (280 done): 123,612 obs, 34,571 on-ag
  chunk 281/448 (281 done): 70,209 obs, 13,707 on-ag
  chunk 282/448 (282 done): 101,890 obs, 38,909 on-ag
  chunk 283/448 (283 done): 28,843 obs, 5,262 on-ag
  chunk 284/448 (284 done): 12,635 obs, 1,285 on-ag
  chunk 285/448 (285 done): 127,708 obs, 1,117 on-ag
  chunk 286/448 (286 done): 202,386 obs, 0 on-ag
  chunk 287/448 (287 done): 338 obs, 0 on-ag
  chunk 288/448 (288 done): 0 obs, 0 on-ag
  chunk 289/448 (289 done): 0 obs, 0 on-ag
  chunk 290/448 (290 done): 10 obs, 0 on-ag
  chunk 291/448 (291 done): 23,237 obs, 473 on-ag
  chunk 292/448 (292 done): 112,362 obs, 7,911 on-ag
  chunk 293/448 (293 done): 205,155 obs, 23,669 on-ag
  chunk 294/448 (294 done): 185,192 obs, 28,027 on-ag
  chunk 295/448 (295 done): 168,975 obs, 33,846 on-ag
  chunk 296/448 (296 done): 164,697 obs, 23,114 on-ag
  chunk 297/448 (297 done): 96,216 obs, 17,479 on-ag
  chunk 298/448 (298 done): 168,466 obs, 62,102 on-ag
  chunk 299/448 (299 done): 37,407 obs, 5,146 on-ag
  chunk 300/448 (300 done): 51,257 obs, 9,795 on-ag
  chunk 301/448 (301 done): 48,661 obs, 1,090 on-ag
  chunk 302/448 (302 done): 26 obs, 0 on-ag
  chunk 303/448 (303 done): 0 obs, 0 on-ag
  chunk 304/448 (304 done): 1 obs, 0 on-ag
  chunk 305/448 (305 done): 0 obs, 0 on-ag
  chunk 306/448 (306 done): 0 obs, 0 on-ag
  chunk 307/448 (307 done): 31,052 obs, 1,408 on-ag
  chunk 308/448 (308 done): 103,803 obs, 4,427 on-ag
  chunk 309/448 (309 done): 235,640 obs, 27,212 on-ag
  chunk 310/448 (310 done): 629,900 obs, 61,667 on-ag
  chunk 311/448 (311 done): 280,409 obs, 67,417 on-ag
  chunk 312/448 (312 done): 166,693 obs, 43,187 on-ag
  chunk 313/448 (313 done): 58,780 obs, 13,922 on-ag
  chunk 314/448 (314 done): 216,413 obs, 38,422 on-ag
  chunk 315/448 (315 done): 471,782 obs, 65,069 on-ag
  chunk 316/448 (316 done): 83,756 obs, 20,244 on-ag
  chunk 317/448 (317 done): 155,305 obs, 9,675 on-ag
  chunk 318/448 (318 done): 2,045 obs, 0 on-ag
  chunk 319/448 (319 done): 1,767 obs, 0 on-ag
  chunk 320/448 (320 done): 31,984 obs, 0 on-ag
  chunk 321/448 (321 done): 0 obs, 0 on-ag
  chunk 322/448 (322 done): 0 obs, 0 on-ag
  chunk 323/448 (323 done): 0 obs, 0 on-ag
  chunk 324/448 (324 done): 16 obs, 0 on-ag
  chunk 325/448 (325 done): 69,860 obs, 6,322 on-ag
  chunk 326/448 (326 done): 393,039 obs, 30,548 on-ag
  chunk 327/448 (327 done): 211,348 obs, 43,191 on-ag
  chunk 328/448 (328 done): 67,717 obs, 4,154 on-ag
  chunk 329/448 (329 done): 130,253 obs, 26,621 on-ag
  chunk 330/448 (330 done): 188,221 obs, 26,289 on-ag
  chunk 331/448 (331 done): 91,306 obs, 6,827 on-ag
  chunk 332/448 (332 done): 189,198 obs, 7,009 on-ag
  chunk 333/448 (333 done): 354,050 obs, 20,375 on-ag
  chunk 334/448 (334 done): 735,869 obs, 79,068 on-ag
  chunk 335/448 (335 done): 340,114 obs, 14,079 on-ag
  chunk 336/448 (336 done): 167,430 obs, 53 on-ag
  chunk 337/448 (337 done): 0 obs, 0 on-ag
  chunk 338/448 (338 done): 0 obs, 0 on-ag
  chunk 339/448 (339 done): 0 obs, 0 on-ag
  chunk 340/448 (340 done): 0 obs, 0 on-ag
  chunk 341/448 (341 done): 49,878 obs, 1,709 on-ag
  chunk 342/448 (342 done): 163,206 obs, 20,347 on-ag
  chunk 343/448 (343 done): 345,087 obs, 38,154 on-ag
  chunk 344/448 (344 done): 127,557 obs, 36,436 on-ag
  chunk 345/448 (345 done): 208,589 obs, 24,953 on-ag
  chunk 346/448 (346 done): 196,614 obs, 17,773 on-ag
  chunk 347/448 (347 done): 281,498 obs, 11,289 on-ag
  chunk 348/448 (348 done): 28,544 obs, 54 on-ag
  chunk 349/448 (349 done): 1,237 obs, 0 on-ag
  chunk 350/448 (350 done): 175,543 obs, 21,642 on-ag
  chunk 351/448 (351 done): 466,549 obs, 18,059 on-ag
  chunk 352/448 (352 done): 45,410 obs, 0 on-ag
  chunk 353/448 (353 done): 0 obs, 0 on-ag
  chunk 354/448 (354 done): 0 obs, 0 on-ag
  chunk 355/448 (355 done): 0 obs, 0 on-ag
  chunk 356/448 (356 done): 0 obs, 0 on-ag
  chunk 357/448 (357 done): 353,209 obs, 65,103 on-ag
  chunk 358/448 (358 done): 133,608 obs, 24,416 on-ag
  chunk 359/448 (359 done): 388,194 obs, 87,445 on-ag
  chunk 360/448 (360 done): 1,127,807 obs, 147,823 on-ag
  chunk 361/448 (361 done): 151,083 obs, 12,205 on-ag
  chunk 362/448 (362 done): 115,190 obs, 15,453 on-ag
  chunk 363/448 (363 done): 46,809 obs, 177 on-ag
  chunk 364/448 (364 done): 1 obs, 0 on-ag
  chunk 365/448 (365 done): 0 obs, 0 on-ag
  chunk 366/448 (366 done): 0 obs, 0 on-ag
  chunk 367/448 (367 done): 0 obs, 0 on-ag
  chunk 368/448 (368 done): 0 obs, 0 on-ag
  chunk 369/448 (369 done): 0 obs, 0 on-ag
  chunk 370/448 (370 done): 0 obs, 0 on-ag
  chunk 371/448 (371 done): 0 obs, 0 on-ag
  chunk 372/448 (372 done): 25,904 obs, 2,898 on-ag
  chunk 373/448 (373 done): 214,537 obs, 45,821 on-ag
  chunk 374/448 (374 done): 433,182 obs, 57,675 on-ag
  chunk 375/448 (375 done): 1,244,625 obs, 201,831 on-ag
  chunk 376/448 (376 done): 1,273,617 obs, 95,752 on-ag
  chunk 377/448 (377 done): 197,523 obs, 9,967 on-ag
  chunk 378/448 (378 done): 99,750 obs, 6,433 on-ag
  chunk 379/448 (379 done): 189 obs, 0 on-ag
  chunk 380/448 (380 done): 0 obs, 0 on-ag
  chunk 381/448 (381 done): 0 obs, 0 on-ag
  chunk 382/448 (382 done): 0 obs, 0 on-ag
  chunk 383/448 (383 done): 0 obs, 0 on-ag
  chunk 384/448 (384 done): 0 obs, 0 on-ag
  chunk 385/448 (385 done): 0 obs, 0 on-ag
  chunk 386/448 (386 done): 0 obs, 0 on-ag
  chunk 387/448 (387 done): 0 obs, 0 on-ag
  chunk 388/448 (388 done): 205,268 obs, 40,213 on-ag
  chunk 389/448 (389 done): 339,030 obs, 69,353 on-ag
  chunk 390/448 (390 done): 1,002,620 obs, 93,421 on-ag
  chunk 391/448 (391 done): 1,237,121 obs, 18,321 on-ag
  chunk 392/448 (392 done): 15,724 obs, 0 on-ag
  chunk 393/448 (393 done): 2,714 obs, 0 on-ag
  chunk 394/448 (394 done): 25 obs, 0 on-ag
  chunk 395/448 (395 done): 2 obs, 0 on-ag
  chunk 396/448 (396 done): 0 obs, 0 on-ag
  chunk 397/448 (397 done): 0 obs, 0 on-ag
  chunk 398/448 (398 done): 0 obs, 0 on-ag
  chunk 399/448 (399 done): 0 obs, 0 on-ag
  chunk 400/448 (400 done): 0 obs, 0 on-ag
  chunk 401/448 (401 done): 0 obs, 0 on-ag
  chunk 402/448 (402 done): 0 obs, 0 on-ag
  chunk 403/448 (403 done): 0 obs, 0 on-ag
  chunk 404/448 (404 done): 64,271 obs, 5,223 on-ag
  chunk 405/448 (405 done): 617,858 obs, 39,916 on-ag
  chunk 406/448 (406 done): 975,010 obs, 55,158 on-ag
  chunk 407/448 (407 done): 17,049 obs, 793 on-ag
  chunk 408/448 (408 done): 179 obs, 0 on-ag
  chunk 409/448 (409 done): 0 obs, 0 on-ag
  chunk 410/448 (410 done): 1 obs, 0 on-ag
  chunk 411/448 (411 done): 0 obs, 0 on-ag
  chunk 412/448 (412 done): 0 obs, 0 on-ag
  chunk 413/448 (413 done): 0 obs, 0 on-ag
  chunk 414/448 (414 done): 0 obs, 0 on-ag
  chunk 415/448 (415 done): 0 obs, 0 on-ag
  chunk 416/448 (416 done): 0 obs, 0 on-ag
  chunk 417/448 (417 done): 0 obs, 0 on-ag
  chunk 418/448 (418 done): 542 obs, 33 on-ag
  chunk 419/448 (419 done): 8,350 obs, 77 on-ag
  chunk 420/448 (420 done): 137,380 obs, 11,593 on-ag
  chunk 421/448 (421 done): 147,136 obs, 8,507 on-ag
  chunk 422/448 (422 done): 195,778 obs, 377 on-ag
  chunk 423/448 (423 done): 9,077 obs, 0 on-ag
  chunk 424/448 (424 done): 4 obs, 0 on-ag
  chunk 425/448 (425 done): 0 obs, 0 on-ag
  chunk 426/448 (426 done): 0 obs, 0 on-ag
  chunk 427/448 (427 done): 0 obs, 0 on-ag
  chunk 428/448 (428 done): 0 obs, 0 on-ag
  chunk 429/448 (429 done): 0 obs, 0 on-ag
  chunk 430/448 (430 done): 0 obs, 0 on-ag
  chunk 431/448 (431 done): 0 obs, 0 on-ag
  chunk 432/448 (432 done): 0 obs, 0 on-ag
  chunk 433/448 (433 done): 0 obs, 0 on-ag
  chunk 434/448 (434 done): 180 obs, 45 on-ag
  chunk 435/448 (435 done): 5,218 obs, 718 on-ag
  chunk 436/448 (436 done): 38,454 obs, 745 on-ag
  chunk 437/448 (437 done): 6,281 obs, 0 on-ag
  chunk 438/448 (438 done): 3,500 obs, 0 on-ag
  chunk 439/448 (439 done): 6,640 obs, 0 on-ag
  chunk 440/448 (440 done): 1 obs, 0 on-ag
  chunk 441/448 (441 done): 0 obs, 0 on-ag
  chunk 442/448 (442 done): 0 obs, 0 on-ag
  chunk 443/448 (443 done): 0 obs, 0 on-ag
  chunk 444/448 (444 done): 0 obs, 0 on-ag
  chunk 445/448 (445 done): 0 obs, 0 on-ag
  chunk 446/448 (446 done): 0 obs, 0 on-ag
  chunk 447/448 (447 done): 0 obs, 0 on-ag
  chunk 448/448 (448 done): 0 obs, 0 on-ag

================================================================
  CONUS 2014  (fractional ~137 m (v2))
  total observations         : 40,018,826
  % observations on farmland : 10.09%
  % of CONUS that is farmland: 24.07%
  OBSERVATIONAL DISPARITY    : 2.39   (>1 => farmland under-observed)
================================================================
  saved -> <repo>/03_disparity_trend_2014_2024/outputs/pointmethod_2014_z9_RESULT.csv
