YEAR 2017 | zoom 12 (~19 m cells) | BINARY point classification (matches v1 30 m)
Earth Engine: computing CONUS farmland share ...
  farmland 1,938,677 km^2 of 8,080,060 km^2 land  => 23.99% of CONUS
GBIF x NLCD overlay: 390 chunks @ zoom 12  (resumable in ~/.csotf_pointmethod_ckpt)
  chunk 1/390 (1 done): 0 obs, 0 on-ag
  chunk 2/390 (2 done): 0 obs, 0 on-ag
  chunk 3/390 (3 done): 0 obs, 0 on-ag
  chunk 4/390 (4 done): 76 obs, 0 on-ag
  chunk 5/390 (5 done): 180 obs, 0 on-ag
  chunk 6/390 (6 done): 143 obs, 0 on-ag
  chunk 7/390 (7 done): 155,621 obs, 22 on-ag
  chunk 8/390 (8 done): 122,895 obs, 4,109 on-ag
  chunk 9/390 (9 done): 283,278 obs, 17,411 on-ag
  chunk 10/390 (10 done): 360,929 obs, 68,852 on-ag
  chunk 11/390 (11 done): 504,700 obs, 81,964 on-ag
  chunk 12/390 (12 done): 259,701 obs, 18,641 on-ag
  chunk 13/390 (13 done): 25,166 obs, 1,703 on-ag
  chunk 14/390 (14 done): 0 obs, 0 on-ag
  chunk 15/390 (15 done): 0 obs, 0 on-ag
  chunk 16/390 (16 done): 0 obs, 0 on-ag
  chunk 17/390 (17 done): 226 obs, 0 on-ag
  chunk 18/390 (18 done): 821 obs, 0 on-ag
  chunk 19/390 (19 done): 105,517 obs, 684 on-ag
  chunk 20/390 (20 done): 2,611,038 obs, 146,386 on-ag
  chunk 21/390 (21 done): 720,389 obs, 140,800 on-ag
  chunk 22/390 (22 done): 187,421 obs, 20,565 on-ag
  chunk 23/390 (23 done): 153,071 obs, 9,152 on-ag
  chunk 24/390 (24 done): 591,276 obs, 92,579 on-ag
  chunk 25/390 (25 done): 1,179,759 obs, 90,744 on-ag
  chunk 26/390 (26 done): 155,332 obs, 16,887 on-ag
  chunk 27/390 (27 done): 0 obs, 0 on-ag
  chunk 28/390 (28 done): 0 obs, 0 on-ag
  chunk 29/390 (29 done): 0 obs, 0 on-ag
  chunk 30/390 (30 done): 5,798 obs, 0 on-ag
  chunk 31/390 (31 done): 293,124 obs, 4,286 on-ag
  chunk 32/390 (32 done): 303,936 obs, 16,856 on-ag
  chunk 33/390 (33 done): 254,919 obs, 9,926 on-ag
  chunk 34/390 (34 done): 219,270 obs, 5,773 on-ag
  chunk 35/390 (35 done): 22,115 obs, 1,550 on-ag
  chunk 36/390 (36 done): 71,000 obs, 2,757 on-ag
  chunk 37/390 (37 done): 81,101 obs, 8,259 on-ag
  chunk 38/390 (38 done): 179,099 obs, 10,716 on-ag
  chunk 39/390 (39 done): 93,571 obs, 94 on-ag
  chunk 40/390 (40 done): 0 obs, 0 on-ag
  chunk 41/390 (41 done): 0 obs, 0 on-ag
  chunk 42/390 (42 done): 0 obs, 0 on-ag
  chunk 43/390 (43 done): 4,559 obs, 16 on-ag
  chunk 44/390 (44 done): 1,841,907 obs, 9,251 on-ag
  chunk 45/390 (45 done): 220,107 obs, 6,659 on-ag
  chunk 46/390 (46 done): 88,904 obs, 4,582 on-ag
  chunk 47/390 (47 done): 16,824 obs, 442 on-ag
  chunk 48/390 (48 done): 7,500 obs, 1,641 on-ag
  chunk 49/390 (49 done): 73,075 obs, 1,129 on-ag
  chunk 50/390 (50 done): 120,021 obs, 14,299 on-ag
  chunk 51/390 (51 done): 110,338 obs, 10,886 on-ag
  chunk 52/390 (52 done): 16,527 obs, 536 on-ag
  chunk 53/390 (53 done): 0 obs, 0 on-ag
  chunk 54/390 (54 done): 0 obs, 0 on-ag
  chunk 55/390 (55 done): 0 obs, 0 on-ag
  chunk 56/390 (56 done): 102 obs, 5 on-ag
  chunk 57/390 (57 done): 428,280 obs, 27,992 on-ag
  chunk 58/390 (58 done): 137,793 obs, 637 on-ag
  chunk 59/390 (59 done): 11,712 obs, 97 on-ag
  chunk 60/390 (60 done): 3,002 obs, 0 on-ag
  chunk 61/390 (61 done): 10,979 obs, 89 on-ag
  chunk 62/390 (62 done): 174,073 obs, 9,577 on-ag
  chunk 63/390 (63 done): 43,866 obs, 2,540 on-ag
  chunk 64/390 (64 done): 57,818 obs, 6,436 on-ag
  chunk 65/390 (65 done): 9,439 obs, 435 on-ag
  chunk 66/390 (66 done): 0 obs, 0 on-ag
  chunk 67/390 (67 done): 0 obs, 0 on-ag
  chunk 68/390 (68 done): 0 obs, 0 on-ag
  chunk 69/390 (69 done): 2,279 obs, 284 on-ag
  chunk 70/390 (70 done): 56,866 obs, 3,400 on-ag
  chunk 71/390 (71 done): 96,102 obs, 208 on-ag
  chunk 72/390 (72 done): 65,812 obs, 2,018 on-ag
  chunk 73/390 (73 done): 9,004 obs, 209 on-ag
  chunk 74/390 (74 done): 22,619 obs, 1,948 on-ag
  chunk 75/390 (75 done): 54,428 obs, 5,415 on-ag
  chunk 76/390 (76 done): 38,744 obs, 2,065 on-ag
  chunk 77/390 (77 done): 160,099 obs, 13,170 on-ag
  chunk 78/390 (78 done): 24,164 obs, 3 on-ag
  chunk 79/390 (79 done): 0 obs, 0 on-ag
  chunk 80/390 (80 done): 0 obs, 0 on-ag
  chunk 81/390 (81 done): 0 obs, 0 on-ag
  chunk 82/390 (82 done): 390,067 obs, 4,491 on-ag
  chunk 83/390 (83 done): 486,232 obs, 26,914 on-ag
  chunk 84/390 (84 done): 264,934 obs, 2,479 on-ag
  chunk 85/390 (85 done): 46,900 obs, 1,248 on-ag
  chunk 86/390 (86 done): 90,076 obs, 13,550 on-ag
  chunk 87/390 (87 done): 339,762 obs, 19,449 on-ag
  chunk 88/390 (88 done): 51,755 obs, 3,602 on-ag
  chunk 89/390 (89 done): 134,858 obs, 4,134 on-ag
  chunk 90/390 (90 done): 84,322 obs, 1,591 on-ag
  chunk 91/390 (91 done): 18,514 obs, 1,347 on-ag
  chunk 92/390 (92 done): 0 obs, 0 on-ag
  chunk 93/390 (93 done): 0 obs, 0 on-ag
  chunk 94/390 (94 done): 0 obs, 0 on-ag
  chunk 95/390 (95 done): 842,939 obs, 1,387 on-ag
  chunk 96/390 (96 done): 69,387 obs, 831 on-ag
  chunk 97/390 (97 done): 11,769 obs, 604 on-ag
  chunk 98/390 (98 done): 17,048 obs, 1,595 on-ag
  chunk 99/390 (99 done): 31,731 obs, 5,596 on-ag
  chunk 100/390 (100 done): 21,010 obs, 479 on-ag
  chunk 101/390 (101 done): 42,262 obs, 258 on-ag
  chunk 102/390 (102 done): 52,543 obs, 2,221 on-ag
  chunk 103/390 (103 done): 8,826 obs, 194 on-ag
  chunk 104/390 (104 done): 1,663 obs, 127 on-ag
  chunk 105/390 (105 done): 0 obs, 0 on-ag
  chunk 106/390 (106 done): 0 obs, 0 on-ag
  chunk 107/390 (107 done): 0 obs, 0 on-ag
  chunk 108/390 (108 done): 28,203 obs, 247 on-ag
  chunk 109/390 (109 done): 57,300 obs, 165 on-ag
  chunk 110/390 (110 done): 10,871 obs, 20 on-ag
  chunk 111/390 (111 done): 82,961 obs, 4,829 on-ag
  chunk 112/390 (112 done): 112,853 obs, 14,379 on-ag
  chunk 113/390 (113 done): 24,812 obs, 6,207 on-ag
  chunk 114/390 (114 done): 32,509 obs, 1,377 on-ag
  chunk 115/390 (115 done): 43,677 obs, 5,473 on-ag
  chunk 116/390 (116 done): 20,537 obs, 324 on-ag
  chunk 117/390 (117 done): 3,007 obs, 132 on-ag
  chunk 118/390 (118 done): 0 obs, 0 on-ag
  chunk 119/390 (119 done): 0 obs, 0 on-ag
  chunk 120/390 (120 done): 0 obs, 0 on-ag
  chunk 121/390 (121 done): 56,268 obs, 2,706 on-ag
  chunk 122/390 (122 done): 84,492 obs, 1,704 on-ag
  chunk 123/390 (123 done): 392,822 obs, 65,668 on-ag
  chunk 124/390 (124 done): 83,525 obs, 1,386 on-ag
  chunk 125/390 (125 done): 697,968 obs, 3,676 on-ag
  chunk 126/390 (126 done): 168,217 obs, 1,328 on-ag
  chunk 127/390 (127 done): 17,892 obs, 111 on-ag
  chunk 128/390 (128 done): 7,800 obs, 468 on-ag
  chunk 129/390 (129 done): 8,587 obs, 157 on-ag
  chunk 130/390 (130 done): 1,511 obs, 92 on-ag
  chunk 131/390 (131 done): 0 obs, 0 on-ag
  chunk 132/390 (132 done): 0 obs, 0 on-ag
  chunk 133/390 (133 done): 61,098 obs, 0 on-ag
  chunk 134/390 (134 done): 82,116 obs, 7,808 on-ag
  chunk 135/390 (135 done): 36,357 obs, 469 on-ag
  chunk 136/390 (136 done): 17,171 obs, 229 on-ag
  chunk 137/390 (137 done): 118,921 obs, 330 on-ag
  chunk 138/390 (138 done): 505,570 obs, 8,738 on-ag
  chunk 139/390 (139 done): 117,979 obs, 3,884 on-ag
  chunk 140/390 (140 done): 40,142 obs, 61 on-ag
  chunk 141/390 (141 done): 15,619 obs, 594 on-ag
  chunk 142/390 (142 done): 27,820 obs, 769 on-ag
  chunk 143/390 (143 done): 9,003 obs, 202 on-ag
  chunk 144/390 (144 done): 0 obs, 0 on-ag
  chunk 145/390 (145 done): 0 obs, 0 on-ag
  chunk 146/390 (146 done): 23,658 obs, 0 on-ag
  chunk 147/390 (147 done): 37,952 obs, 219 on-ag
  chunk 148/390 (148 done): 49,734 obs, 8,115 on-ag
  chunk 149/390 (149 done): 21,824 obs, 445 on-ag
  chunk 150/390 (150 done): 81,994 obs, 7,988 on-ag
  chunk 151/390 (151 done): 32,546 obs, 2,144 on-ag
  chunk 152/390 (152 done): 37,250 obs, 1,953 on-ag
  chunk 153/390 (153 done): 13,651 obs, 243 on-ag
  chunk 154/390 (154 done): 3,283 obs, 35 on-ag
  chunk 155/390 (155 done): 32,220 obs, 408 on-ag
  chunk 156/390 (156 done): 16,709 obs, 1,739 on-ag
  chunk 157/390 (157 done): 4,830 obs, 2 on-ag
  chunk 158/390 (158 done): 79,243 obs, 383 on-ag
  chunk 159/390 (159 done): 118,926 obs, 406 on-ag
  chunk 160/390 (160 done): 65,572 obs, 402 on-ag
  chunk 161/390 (161 done): 25,188 obs, 1,534 on-ag
  chunk 162/390 (162 done): 19,602 obs, 631 on-ag
  chunk 163/390 (163 done): 34,690 obs, 1,486 on-ag
  chunk 164/390 (164 done): 22,442 obs, 487 on-ag
  chunk 165/390 (165 done): 20,122 obs, 597 on-ag
  chunk 166/390 (166 done): 18,411 obs, 271 on-ag
  chunk 167/390 (167 done): 11,221 obs, 404 on-ag
  chunk 168/390 (168 done): 51,261 obs, 1,367 on-ag
  chunk 169/390 (169 done): 4,263 obs, 300 on-ag
  chunk 170/390 (170 done): 651,256 obs, 53,800 on-ag
  chunk 171/390 (171 done): 332,331 obs, 27,807 on-ag
  chunk 172/390 (172 done): 699,898 obs, 47,902 on-ag
  chunk 173/390 (173 done): 240,112 obs, 4,426 on-ag
  chunk 174/390 (174 done): 271,629 obs, 9,390 on-ag
  chunk 175/390 (175 done): 183,282 obs, 5,367 on-ag
  chunk 176/390 (176 done): 126,664 obs, 3,604 on-ag
  chunk 177/390 (177 done): 46,194 obs, 2,598 on-ag
  chunk 178/390 (178 done): 27,839 obs, 1,554 on-ag
  chunk 179/390 (179 done): 33,793 obs, 5,814 on-ag
  chunk 180/390 (180 done): 24,438 obs, 3,487 on-ag
  chunk 181/390 (181 done): 57,300 obs, 6,600 on-ag
  chunk 182/390 (182 done): 1,124 obs, 124 on-ag
  chunk 183/390 (183 done): 33 obs, 0 on-ag
  chunk 184/390 (184 done): 74,161 obs, 786 on-ag
  chunk 185/390 (185 done): 529,912 obs, 52,836 on-ag
  chunk 186/390 (186 done): 100,334 obs, 15,333 on-ag
  chunk 187/390 (187 done): 297,904 obs, 19,015 on-ag
  chunk 188/390 (188 done): 52,686 obs, 7,243 on-ag
  chunk 189/390 (189 done): 66,549 obs, 15,100 on-ag
  chunk 190/390 (190 done): 242,410 obs, 53,157 on-ag
  chunk 191/390 (191 done): 144,574 obs, 10,616 on-ag
  chunk 192/390 (192 done): 75,350 obs, 13,949 on-ag
  chunk 193/390 (193 done): 96,392 obs, 26,561 on-ag
  chunk 194/390 (194 done): 80,288 obs, 18,555 on-ag
  chunk 195/390 (195 done): 4,995 obs, 280 on-ag
  chunk 196/390 (196 done): 20 obs, 0 on-ag
  chunk 197/390 (197 done): 449 obs, 0 on-ag
  chunk 198/390 (198 done): 477,389 obs, 42,105 on-ag
  chunk 199/390 (199 done): 72,430 obs, 10,848 on-ag
  chunk 200/390 (200 done): 91,594 obs, 6,318 on-ag
  chunk 201/390 (201 done): 96,436 obs, 12,490 on-ag
  chunk 202/390 (202 done): 142,443 obs, 26,778 on-ag
  chunk 203/390 (203 done): 259,976 obs, 41,169 on-ag
  chunk 204/390 (204 done): 116,532 obs, 17,410 on-ag
  chunk 205/390 (205 done): 78,907 obs, 18,871 on-ag
  chunk 206/390 (206 done): 465,921 obs, 64,248 on-ag
  chunk 207/390 (207 done): 48,285 obs, 1,491 on-ag
  chunk 208/390 (208 done): 1,854 obs, 50 on-ag
  chunk 209/390 (209 done): 55 obs, 0 on-ag
  chunk 210/390 (210 done): 3,715 obs, 0 on-ag
  chunk 211/390 (211 done): 128,961 obs, 21,865 on-ag
  chunk 212/390 (212 done): 62,814 obs, 7,524 on-ag
  chunk 213/390 (213 done): 45,618 obs, 8,412 on-ag
  chunk 214/390 (214 done): 100,027 obs, 17,012 on-ag
  chunk 215/390 (215 done): 60,510 obs, 14,273 on-ag
  chunk 216/390 (216 done): 159,692 obs, 25,421 on-ag
  chunk 217/390 (217 done): 119,057 obs, 19,402 on-ag
  chunk 218/390 (218 done): 150,066 obs, 22,351 on-ag
  chunk 219/390 (219 done): 317,407 obs, 44,284 on-ag
  chunk 220/390 (220 done): 185,013 obs, 4,482 on-ag
  chunk 221/390 (221 done): 195 obs, 0 on-ag
  chunk 222/390 (222 done): 13 obs, 0 on-ag
  chunk 223/390 (223 done): 369 obs, 0 on-ag
  chunk 224/390 (224 done): 249,424 obs, 3,778 on-ag
  chunk 225/390 (225 done): 59,204 obs, 4,971 on-ag
  chunk 226/390 (226 done): 29,802 obs, 7,127 on-ag
  chunk 227/390 (227 done): 114,064 obs, 35,201 on-ag
  chunk 228/390 (228 done): 186,853 obs, 38,587 on-ag
  chunk 229/390 (229 done): 348,937 obs, 43,615 on-ag
  chunk 230/390 (230 done): 229,794 obs, 34,399 on-ag
  chunk 231/390 (231 done): 513,981 obs, 102,256 on-ag
  chunk 232/390 (232 done): 140,773 obs, 8,347 on-ag
  chunk 233/390 (233 done): 42,513 obs, 805 on-ag
  chunk 234/390 (234 done): 0 obs, 0 on-ag
  chunk 235/390 (235 done): 8 obs, 0 on-ag
  chunk 236/390 (236 done): 704 obs, 0 on-ag
  chunk 237/390 (237 done): 216,265 obs, 1,282 on-ag
  chunk 238/390 (238 done): 111,346 obs, 6,508 on-ag
  chunk 239/390 (239 done): 106,869 obs, 14,262 on-ag
  chunk 240/390 (240 done): 151,959 obs, 47,667 on-ag
  chunk 241/390 (241 done): 212,874 obs, 28,119 on-ag
  chunk 242/390 (242 done): 235,323 obs, 39,590 on-ag
  chunk 243/390 (243 done): 1,289,898 obs, 117,958 on-ag
  chunk 244/390 (244 done): 628,837 obs, 69,752 on-ag
  chunk 245/390 (245 done): 195,031 obs, 8,823 on-ag
  chunk 246/390 (246 done): 54,117 obs, 258 on-ag
  chunk 247/390 (247 done): 0 obs, 0 on-ag
  chunk 248/390 (248 done): 10 obs, 0 on-ag
  chunk 249/390 (249 done): 347 obs, 0 on-ag
  chunk 250/390 (250 done): 64,399 obs, 1,273 on-ag
  chunk 251/390 (251 done): 83,325 obs, 11,025 on-ag
  chunk 252/390 (252 done): 139,503 obs, 26,927 on-ag
  chunk 253/390 (253 done): 382,333 obs, 68,449 on-ag
  chunk 254/390 (254 done): 168,961 obs, 27,060 on-ag
  chunk 255/390 (255 done): 370,305 obs, 50,354 on-ag
  chunk 256/390 (256 done): 456,047 obs, 64,778 on-ag
  chunk 257/390 (257 done): 352,542 obs, 33,927 on-ag
  chunk 258/390 (258 done): 172,982 obs, 7,591 on-ag
  chunk 259/390 (259 done): 13,343 obs, 0 on-ag
  chunk 260/390 (260 done): 0 obs, 0 on-ag
  chunk 261/390 (261 done): 3,524 obs, 0 on-ag
  chunk 262/390 (262 done): 1,353 obs, 0 on-ag
  chunk 263/390 (263 done): 203,979 obs, 10,182 on-ag
  chunk 264/390 (264 done): 195,485 obs, 29,312 on-ag
  chunk 265/390 (265 done): 633,703 obs, 68,081 on-ag
  chunk 266/390 (266 done): 326,320 obs, 62,748 on-ag
  chunk 267/390 (267 done): 113,012 obs, 25,175 on-ag
  chunk 268/390 (268 done): 551,229 obs, 106,620 on-ag
  chunk 269/390 (269 done): 1,166,137 obs, 101,914 on-ag
  chunk 270/390 (270 done): 533,563 obs, 29,844 on-ag
  chunk 271/390 (271 done): 136,691 obs, 10,454 on-ag
  chunk 272/390 (272 done): 51,279 obs, 0 on-ag
  chunk 273/390 (273 done): 0 obs, 0 on-ag
  chunk 274/390 (274 done): 336,785 obs, 2,997 on-ag
  chunk 275/390 (275 done): 1,195,143 obs, 40,165 on-ag
  chunk 276/390 (276 done): 871,897 obs, 95,923 on-ag
  chunk 277/390 (277 done): 264,701 obs, 4,275 on-ag
  chunk 278/390 (278 done): 149,844 obs, 6,088 on-ag
  chunk 279/390 (279 done): 461,140 obs, 58,686 on-ag
  chunk 280/390 (280 done): 230,514 obs, 9,025 on-ag
  chunk 281/390 (281 done): 351,728 obs, 39,176 on-ag
  chunk 282/390 (282 done): 882,461 obs, 57,086 on-ag
  chunk 283/390 (283 done): 122,879 obs, 8,268 on-ag
  chunk 284/390 (284 done): 0 obs, 0 on-ag
  chunk 285/390 (285 done): 0 obs, 0 on-ag
  chunk 286/390 (286 done): 0 obs, 0 on-ag
  chunk 287/390 (287 done): 444,590 obs, 9,760 on-ag
  chunk 288/390 (288 done): 462,854 obs, 59,941 on-ag
  chunk 289/390 (289 done): 177,956 obs, 28,790 on-ag
  chunk 290/390 (290 done): 75,453 obs, 8 on-ag
  chunk 291/390 (291 done): 465,315 obs, 49,533 on-ag
  chunk 292/390 (292 done): 484,462 obs, 39,424 on-ag
  chunk 293/390 (293 done): 289,536 obs, 50,658 on-ag
  chunk 294/390 (294 done): 361,004 obs, 32,841 on-ag
  chunk 295/390 (295 done): 430,758 obs, 60,668 on-ag
  chunk 296/390 (296 done): 40,741 obs, 992 on-ag
  chunk 297/390 (297 done): 0 obs, 0 on-ag
  chunk 298/390 (298 done): 0 obs, 0 on-ag
  chunk 299/390 (299 done): 0 obs, 0 on-ag
  chunk 300/390 (300 done): 0 obs, 0 on-ag
  chunk 301/390 (301 done): 2 obs, 0 on-ag
  chunk 302/390 (302 done): 2 obs, 0 on-ag
  chunk 303/390 (303 done): 383 obs, 0 on-ag
  chunk 304/390 (304 done): 85,792 obs, 433 on-ag
  chunk 305/390 (305 done): 333,429 obs, 31,272 on-ag
  chunk 306/390 (306 done): 463,837 obs, 53,686 on-ag
  chunk 307/390 (307 done): 1,323,217 obs, 174,846 on-ag
  chunk 308/390 (308 done): 385,377 obs, 50,064 on-ag
  chunk 309/390 (309 done): 503,997 obs, 69,965 on-ag
  chunk 310/390 (310 done): 0 obs, 0 on-ag
  chunk 311/390 (311 done): 0 obs, 0 on-ag
  chunk 312/390 (312 done): 0 obs, 0 on-ag
  chunk 313/390 (313 done): 0 obs, 0 on-ag
  chunk 314/390 (314 done): 0 obs, 0 on-ag
  chunk 315/390 (315 done): 0 obs, 0 on-ag
  chunk 316/390 (316 done): 2 obs, 0 on-ag
  chunk 317/390 (317 done): 185 obs, 0 on-ag
  chunk 318/390 (318 done): 244,856 obs, 5,694 on-ag
  chunk 319/390 (319 done): 825,305 obs, 36,347 on-ag
  chunk 320/390 (320 done): 3,006,511 obs, 399,338 on-ag
  chunk 321/390 (321 done): 950,117 obs, 116,406 on-ag
  chunk 322/390 (322 done): 524,760 obs, 88,455 on-ag
  chunk 323/390 (323 done): 22,272 obs, 4,675 on-ag
  chunk 324/390 (324 done): 0 obs, 0 on-ag
  chunk 325/390 (325 done): 0 obs, 0 on-ag
  chunk 326/390 (326 done): 0 obs, 0 on-ag
  chunk 327/390 (327 done): 0 obs, 0 on-ag
  chunk 328/390 (328 done): 0 obs, 0 on-ag
  chunk 329/390 (329 done): 0 obs, 0 on-ag
  chunk 330/390 (330 done): 7 obs, 0 on-ag
  chunk 331/390 (331 done): 1,211 obs, 0 on-ag
  chunk 332/390 (332 done): 4,332 obs, 0 on-ag
  chunk 333/390 (333 done): 1,185,830 obs, 61,000 on-ag
  chunk 334/390 (334 done): 2,428,224 obs, 136,634 on-ag
  chunk 335/390 (335 done): 586,020 obs, 80,171 on-ag
  chunk 336/390 (336 done): 118,414 obs, 13,524 on-ag
  chunk 337/390 (337 done): 0 obs, 0 on-ag
  chunk 338/390 (338 done): 0 obs, 0 on-ag
  chunk 339/390 (339 done): 0 obs, 0 on-ag
  chunk 340/390 (340 done): 0 obs, 0 on-ag
  chunk 341/390 (341 done): 0 obs, 0 on-ag
  chunk 342/390 (342 done): 0 obs, 0 on-ag
  chunk 343/390 (343 done): 2 obs, 0 on-ag
  chunk 344/390 (344 done): 0 obs, 0 on-ag
  chunk 345/390 (345 done): 57 obs, 0 on-ag
  chunk 346/390 (346 done): 33,499 obs, 0 on-ag
  chunk 347/390 (347 done): 1,660,309 obs, 107,521 on-ag
  chunk 348/390 (348 done): 705,228 obs, 73,704 on-ag
  chunk 349/390 (349 done): 86,078 obs, 11,582 on-ag
  chunk 350/390 (350 done): 0 obs, 0 on-ag
  chunk 351/390 (351 done): 0 obs, 0 on-ag
  chunk 352/390 (352 done): 0 obs, 0 on-ag
  chunk 353/390 (353 done): 0 obs, 0 on-ag
  chunk 354/390 (354 done): 0 obs, 0 on-ag
  chunk 355/390 (355 done): 0 obs, 0 on-ag
  chunk 356/390 (356 done): 0 obs, 0 on-ag
  chunk 357/390 (357 done): 0 obs, 0 on-ag
  chunk 358/390 (358 done): 0 obs, 0 on-ag
  chunk 359/390 (359 done): 2,019 obs, 0 on-ag
  chunk 360/390 (360 done): 664,773 obs, 19,937 on-ag
  chunk 361/390 (361 done): 918,086 obs, 39,268 on-ag
  chunk 362/390 (362 done): 85,086 obs, 3,887 on-ag
  chunk 363/390 (363 done): 74 obs, 0 on-ag
  chunk 364/390 (364 done): 0 obs, 0 on-ag
  chunk 365/390 (365 done): 0 obs, 0 on-ag
  chunk 366/390 (366 done): 0 obs, 0 on-ag
  chunk 367/390 (367 done): 0 obs, 0 on-ag
  chunk 368/390 (368 done): 0 obs, 0 on-ag
  chunk 369/390 (369 done): 0 obs, 0 on-ag
  chunk 370/390 (370 done): 0 obs, 0 on-ag
  chunk 371/390 (371 done): 0 obs, 0 on-ag
  chunk 372/390 (372 done): 80 obs, 0 on-ag
  chunk 373/390 (373 done): 7,362 obs, 0 on-ag
  chunk 374/390 (374 done): 149,862 obs, 1,830 on-ag
  chunk 375/390 (375 done): 102,819 obs, 8,721 on-ag
  chunk 376/390 (376 done): 4,285 obs, 100 on-ag
  chunk 377/390 (377 done): 0 obs, 0 on-ag
  chunk 378/390 (378 done): 0 obs, 0 on-ag
  chunk 379/390 (379 done): 0 obs, 0 on-ag
  chunk 380/390 (380 done): 0 obs, 0 on-ag
  chunk 381/390 (381 done): 0 obs, 0 on-ag
  chunk 382/390 (382 done): 0 obs, 0 on-ag
  chunk 383/390 (383 done): 0 obs, 0 on-ag
  chunk 384/390 (384 done): 0 obs, 0 on-ag
  chunk 385/390 (385 done): 0 obs, 0 on-ag
  chunk 386/390 (386 done): 733 obs, 0 on-ag
  chunk 387/390 (387 done): 0 obs, 0 on-ag
  chunk 388/390 (388 done): 13,271 obs, 6,264 on-ag
  chunk 389/390 (389 done): 0 obs, 0 on-ag
  chunk 390/390 (390 done): 0 obs, 0 on-ag

================================================================
  CONUS 2017  (point ~30 m (v1-style))
  total observations         : 64,062,823
  % observations on farmland : 8.72%
  % of CONUS that is farmland: 23.99%
  OBSERVATIONAL DISPARITY    : 2.75   (>1 => farmland under-observed)
================================================================
  saved -> <project>/replication/outputs/pointmethod_2017_z12_RESULT.csv
