YEAR 2015 | zoom 12 (~19 m cells) | BINARY point classification (matches v1 30 m)
Earth Engine: computing CONUS farmland share ...
  farmland 1,941,799 km^2 of 8,080,060 km^2 land  => 24.03% of CONUS
GBIF x NLCD overlay: 390 chunks @ zoom 12  (resumable in ~/.csotf_pointmethod_ckpt)
  chunk 1/390 (1 done): 0 obs, 0 on-ag
  chunk 2/390 (2 done): 0 obs, 0 on-ag
  chunk 3/390 (3 done): 0 obs, 0 on-ag
  chunk 4/390 (4 done): 90 obs, 0 on-ag
  chunk 5/390 (5 done): 162 obs, 0 on-ag
  chunk 6/390 (6 done): 223 obs, 0 on-ag
  chunk 7/390 (7 done): 122,887 obs, 42 on-ag
  chunk 8/390 (8 done): 130,916 obs, 2,672 on-ag
  chunk 9/390 (9 done): 248,193 obs, 8,008 on-ag
  chunk 10/390 (10 done): 303,564 obs, 59,036 on-ag
  chunk 11/390 (11 done): 398,886 obs, 65,723 on-ag
  chunk 12/390 (12 done): 197,198 obs, 15,071 on-ag
  chunk 13/390 (13 done): 29,515 obs, 1,610 on-ag
  chunk 14/390 (14 done): 0 obs, 0 on-ag
  chunk 15/390 (15 done): 0 obs, 0 on-ag
  chunk 16/390 (16 done): 0 obs, 0 on-ag
  chunk 17/390 (17 done): 338 obs, 0 on-ag
  chunk 18/390 (18 done): 957 obs, 0 on-ag
  chunk 19/390 (19 done): 103,685 obs, 494 on-ag
  chunk 20/390 (20 done): 2,588,529 obs, 522,637 on-ag
  chunk 21/390 (21 done): 948,581 obs, 504,739 on-ag
  chunk 22/390 (22 done): 172,431 obs, 24,204 on-ag
  chunk 23/390 (23 done): 138,689 obs, 7,810 on-ag
  chunk 24/390 (24 done): 407,783 obs, 53,022 on-ag
  chunk 25/390 (25 done): 767,919 obs, 62,289 on-ag
  chunk 26/390 (26 done): 100,504 obs, 8,912 on-ag
  chunk 27/390 (27 done): 0 obs, 0 on-ag
  chunk 28/390 (28 done): 0 obs, 0 on-ag
  chunk 29/390 (29 done): 0 obs, 0 on-ag
  chunk 30/390 (30 done): 721 obs, 0 on-ag
  chunk 31/390 (31 done): 262,336 obs, 12,194 on-ag
  chunk 32/390 (32 done): 231,031 obs, 26,833 on-ag
  chunk 33/390 (33 done): 212,218 obs, 7,137 on-ag
  chunk 34/390 (34 done): 167,688 obs, 3,880 on-ag
  chunk 35/390 (35 done): 16,724 obs, 435 on-ag
  chunk 36/390 (36 done): 43,975 obs, 2,154 on-ag
  chunk 37/390 (37 done): 79,872 obs, 8,310 on-ag
  chunk 38/390 (38 done): 136,154 obs, 8,233 on-ag
  chunk 39/390 (39 done): 15,764 obs, 590 on-ag
  chunk 40/390 (40 done): 0 obs, 0 on-ag
  chunk 41/390 (41 done): 0 obs, 0 on-ag
  chunk 42/390 (42 done): 0 obs, 0 on-ag
  chunk 43/390 (43 done): 3,786 obs, 8 on-ag
  chunk 44/390 (44 done): 1,417,516 obs, 7,623 on-ag
  chunk 45/390 (45 done): 203,157 obs, 6,480 on-ag
  chunk 46/390 (46 done): 70,652 obs, 5,581 on-ag
  chunk 47/390 (47 done): 20,171 obs, 383 on-ag
  chunk 48/390 (48 done): 6,448 obs, 1,919 on-ag
  chunk 49/390 (49 done): 58,896 obs, 1,501 on-ag
  chunk 50/390 (50 done): 76,677 obs, 9,090 on-ag
  chunk 51/390 (51 done): 105,974 obs, 9,281 on-ag
  chunk 52/390 (52 done): 34,876 obs, 620 on-ag
  chunk 53/390 (53 done): 0 obs, 0 on-ag
  chunk 54/390 (54 done): 0 obs, 0 on-ag
  chunk 55/390 (55 done): 0 obs, 0 on-ag
  chunk 56/390 (56 done): 12 obs, 0 on-ag
  chunk 57/390 (57 done): 308,654 obs, 28,502 on-ag
  chunk 58/390 (58 done): 111,400 obs, 776 on-ag
  chunk 59/390 (59 done): 8,040 obs, 47 on-ag
  chunk 60/390 (60 done): 2,100 obs, 16 on-ag
  chunk 61/390 (61 done): 12,244 obs, 154 on-ag
  chunk 62/390 (62 done): 151,130 obs, 11,464 on-ag
  chunk 63/390 (63 done): 44,686 obs, 2,948 on-ag
  chunk 64/390 (64 done): 67,814 obs, 5,430 on-ag
  chunk 65/390 (65 done): 10,935 obs, 306 on-ag
  chunk 66/390 (66 done): 0 obs, 0 on-ag
  chunk 67/390 (67 done): 0 obs, 0 on-ag
  chunk 68/390 (68 done): 0 obs, 0 on-ag
  chunk 69/390 (69 done): 4,954 obs, 0 on-ag
  chunk 70/390 (70 done): 68,590 obs, 7,570 on-ag
  chunk 71/390 (71 done): 74,775 obs, 173 on-ag
  chunk 72/390 (72 done): 63,196 obs, 2,276 on-ag
  chunk 73/390 (73 done): 9,261 obs, 150 on-ag
  chunk 74/390 (74 done): 10,940 obs, 1,085 on-ag
  chunk 75/390 (75 done): 27,886 obs, 2,974 on-ag
  chunk 76/390 (76 done): 28,291 obs, 804 on-ag
  chunk 77/390 (77 done): 138,995 obs, 21,131 on-ag
  chunk 78/390 (78 done): 13,116 obs, 10 on-ag
  chunk 79/390 (79 done): 0 obs, 0 on-ag
  chunk 80/390 (80 done): 0 obs, 0 on-ag
  chunk 81/390 (81 done): 0 obs, 0 on-ag
  chunk 82/390 (82 done): 279,413 obs, 5,276 on-ag
  chunk 83/390 (83 done): 333,050 obs, 19,259 on-ag
  chunk 84/390 (84 done): 205,369 obs, 1,164 on-ag
  chunk 85/390 (85 done): 31,877 obs, 719 on-ag
  chunk 86/390 (86 done): 67,650 obs, 9,399 on-ag
  chunk 87/390 (87 done): 253,464 obs, 13,919 on-ag
  chunk 88/390 (88 done): 36,789 obs, 4,767 on-ag
  chunk 89/390 (89 done): 106,001 obs, 3,449 on-ag
  chunk 90/390 (90 done): 54,594 obs, 852 on-ag
  chunk 91/390 (91 done): 11,774 obs, 1,184 on-ag
  chunk 92/390 (92 done): 0 obs, 0 on-ag
  chunk 93/390 (93 done): 0 obs, 0 on-ag
  chunk 94/390 (94 done): 0 obs, 0 on-ag
  chunk 95/390 (95 done): 615,085 obs, 2,343 on-ag
  chunk 96/390 (96 done): 58,458 obs, 1,311 on-ag
  chunk 97/390 (97 done): 6,285 obs, 216 on-ag
  chunk 98/390 (98 done): 11,800 obs, 306 on-ag
  chunk 99/390 (99 done): 29,896 obs, 3,878 on-ag
  chunk 100/390 (100 done): 11,997 obs, 283 on-ag
  chunk 101/390 (101 done): 27,024 obs, 136 on-ag
  chunk 102/390 (102 done): 49,271 obs, 843 on-ag
  chunk 103/390 (103 done): 5,224 obs, 162 on-ag
  chunk 104/390 (104 done): 573 obs, 58 on-ag
  chunk 105/390 (105 done): 0 obs, 0 on-ag
  chunk 106/390 (106 done): 0 obs, 0 on-ag
  chunk 107/390 (107 done): 0 obs, 0 on-ag
  chunk 108/390 (108 done): 23,287 obs, 26 on-ag
  chunk 109/390 (109 done): 44,577 obs, 449 on-ag
  chunk 110/390 (110 done): 7,972 obs, 112 on-ag
  chunk 111/390 (111 done): 41,183 obs, 1,038 on-ag
  chunk 112/390 (112 done): 62,130 obs, 7,472 on-ag
  chunk 113/390 (113 done): 9,281 obs, 1,641 on-ag
  chunk 114/390 (114 done): 15,379 obs, 493 on-ag
  chunk 115/390 (115 done): 41,052 obs, 1,852 on-ag
  chunk 116/390 (116 done): 10,941 obs, 250 on-ag
  chunk 117/390 (117 done): 1,359 obs, 44 on-ag
  chunk 118/390 (118 done): 0 obs, 0 on-ag
  chunk 119/390 (119 done): 0 obs, 0 on-ag
  chunk 120/390 (120 done): 0 obs, 0 on-ag
  chunk 121/390 (121 done): 54,164 obs, 2,595 on-ag
  chunk 122/390 (122 done): 58,295 obs, 1,200 on-ag
  chunk 123/390 (123 done): 259,527 obs, 47,357 on-ag
  chunk 124/390 (124 done): 61,812 obs, 2,105 on-ag
  chunk 125/390 (125 done): 556,872 obs, 3,751 on-ag
  chunk 126/390 (126 done): 113,137 obs, 1,221 on-ag
  chunk 127/390 (127 done): 7,408 obs, 78 on-ag
  chunk 128/390 (128 done): 4,823 obs, 620 on-ag
  chunk 129/390 (129 done): 8,581 obs, 55 on-ag
  chunk 130/390 (130 done): 1,237 obs, 160 on-ag
  chunk 131/390 (131 done): 0 obs, 0 on-ag
  chunk 132/390 (132 done): 0 obs, 0 on-ag
  chunk 133/390 (133 done): 42,428 obs, 0 on-ag
  chunk 134/390 (134 done): 52,085 obs, 5,424 on-ag
  chunk 135/390 (135 done): 24,721 obs, 420 on-ag
  chunk 136/390 (136 done): 10,644 obs, 60 on-ag
  chunk 137/390 (137 done): 66,746 obs, 278 on-ag
  chunk 138/390 (138 done): 332,198 obs, 11,704 on-ag
  chunk 139/390 (139 done): 86,505 obs, 5,175 on-ag
  chunk 140/390 (140 done): 30,420 obs, 9 on-ag
  chunk 141/390 (141 done): 8,643 obs, 149 on-ag
  chunk 142/390 (142 done): 18,381 obs, 1,415 on-ag
  chunk 143/390 (143 done): 7,656 obs, 222 on-ag
  chunk 144/390 (144 done): 0 obs, 0 on-ag
  chunk 145/390 (145 done): 0 obs, 0 on-ag
  chunk 146/390 (146 done): 15,533 obs, 1 on-ag
  chunk 147/390 (147 done): 23,363 obs, 139 on-ag
  chunk 148/390 (148 done): 32,739 obs, 4,809 on-ag
  chunk 149/390 (149 done): 14,149 obs, 534 on-ag
  chunk 150/390 (150 done): 60,529 obs, 10,518 on-ag
  chunk 151/390 (151 done): 20,975 obs, 702 on-ag
  chunk 152/390 (152 done): 25,613 obs, 1,561 on-ag
  chunk 153/390 (153 done): 8,326 obs, 168 on-ag
  chunk 154/390 (154 done): 2,292 obs, 107 on-ag
  chunk 155/390 (155 done): 26,222 obs, 1,546 on-ag
  chunk 156/390 (156 done): 7,236 obs, 751 on-ag
  chunk 157/390 (157 done): 2,754 obs, 0 on-ag
  chunk 158/390 (158 done): 61,547 obs, 853 on-ag
  chunk 159/390 (159 done): 78,046 obs, 569 on-ag
  chunk 160/390 (160 done): 35,862 obs, 217 on-ag
  chunk 161/390 (161 done): 15,718 obs, 1,645 on-ag
  chunk 162/390 (162 done): 18,214 obs, 644 on-ag
  chunk 163/390 (163 done): 31,752 obs, 789 on-ag
  chunk 164/390 (164 done): 14,257 obs, 224 on-ag
  chunk 165/390 (165 done): 27,096 obs, 912 on-ag
  chunk 166/390 (166 done): 12,710 obs, 228 on-ag
  chunk 167/390 (167 done): 4,936 obs, 345 on-ag
  chunk 168/390 (168 done): 35,469 obs, 1,932 on-ag
  chunk 169/390 (169 done): 3,200 obs, 152 on-ag
  chunk 170/390 (170 done): 532,701 obs, 42,927 on-ag
  chunk 171/390 (171 done): 284,894 obs, 31,993 on-ag
  chunk 172/390 (172 done): 524,657 obs, 45,460 on-ag
  chunk 173/390 (173 done): 195,515 obs, 6,006 on-ag
  chunk 174/390 (174 done): 167,766 obs, 4,405 on-ag
  chunk 175/390 (175 done): 141,196 obs, 2,045 on-ag
  chunk 176/390 (176 done): 85,092 obs, 3,892 on-ag
  chunk 177/390 (177 done): 19,866 obs, 1,303 on-ag
  chunk 178/390 (178 done): 14,613 obs, 738 on-ag
  chunk 179/390 (179 done): 30,782 obs, 6,005 on-ag
  chunk 180/390 (180 done): 21,061 obs, 3,313 on-ag
  chunk 181/390 (181 done): 58,157 obs, 10,133 on-ag
  chunk 182/390 (182 done): 775 obs, 153 on-ag
  chunk 183/390 (183 done): 2,626 obs, 0 on-ag
  chunk 184/390 (184 done): 53,222 obs, 1,395 on-ag
  chunk 185/390 (185 done): 453,872 obs, 52,659 on-ag
  chunk 186/390 (186 done): 98,921 obs, 14,768 on-ag
  chunk 187/390 (187 done): 180,809 obs, 12,493 on-ag
  chunk 188/390 (188 done): 42,480 obs, 4,226 on-ag
  chunk 189/390 (189 done): 47,880 obs, 5,453 on-ag
  chunk 190/390 (190 done): 192,739 obs, 30,554 on-ag
  chunk 191/390 (191 done): 83,512 obs, 5,204 on-ag
  chunk 192/390 (192 done): 40,378 obs, 8,459 on-ag
  chunk 193/390 (193 done): 36,043 obs, 6,707 on-ag
  chunk 194/390 (194 done): 45,798 obs, 9,608 on-ag
  chunk 195/390 (195 done): 5,178 obs, 530 on-ag
  chunk 196/390 (196 done): 0 obs, 0 on-ag
  chunk 197/390 (197 done): 740 obs, 0 on-ag
  chunk 198/390 (198 done): 424,640 obs, 31,120 on-ag
  chunk 199/390 (199 done): 64,443 obs, 9,771 on-ag
  chunk 200/390 (200 done): 53,501 obs, 5,522 on-ag
  chunk 201/390 (201 done): 84,955 obs, 10,323 on-ag
  chunk 202/390 (202 done): 112,144 obs, 23,511 on-ag
  chunk 203/390 (203 done): 202,153 obs, 30,439 on-ag
  chunk 204/390 (204 done): 57,478 obs, 8,809 on-ag
  chunk 205/390 (205 done): 34,956 obs, 12,922 on-ag
  chunk 206/390 (206 done): 249,009 obs, 38,404 on-ag
  chunk 207/390 (207 done): 13,317 obs, 295 on-ag
  chunk 208/390 (208 done): 679 obs, 7 on-ag
  chunk 209/390 (209 done): 0 obs, 0 on-ag
  chunk 210/390 (210 done): 223 obs, 0 on-ag
  chunk 211/390 (211 done): 129,463 obs, 20,700 on-ag
  chunk 212/390 (212 done): 41,756 obs, 3,820 on-ag
  chunk 213/390 (213 done): 38,924 obs, 9,455 on-ag
  chunk 214/390 (214 done): 81,199 obs, 10,425 on-ag
  chunk 215/390 (215 done): 59,915 obs, 9,682 on-ag
  chunk 216/390 (216 done): 112,897 obs, 18,455 on-ag
  chunk 217/390 (217 done): 85,554 obs, 13,834 on-ag
  chunk 218/390 (218 done): 104,981 obs, 13,472 on-ag
  chunk 219/390 (219 done): 203,008 obs, 31,656 on-ag
  chunk 220/390 (220 done): 115,743 obs, 2,102 on-ag
  chunk 221/390 (221 done): 107 obs, 0 on-ag
  chunk 222/390 (222 done): 2 obs, 0 on-ag
  chunk 223/390 (223 done): 1,428 obs, 0 on-ag
  chunk 224/390 (224 done): 196,141 obs, 2,113 on-ag
  chunk 225/390 (225 done): 41,033 obs, 2,926 on-ag
  chunk 226/390 (226 done): 16,596 obs, 3,607 on-ag
  chunk 227/390 (227 done): 80,395 obs, 26,117 on-ag
  chunk 228/390 (228 done): 132,007 obs, 29,233 on-ag
  chunk 229/390 (229 done): 263,559 obs, 33,885 on-ag
  chunk 230/390 (230 done): 155,043 obs, 20,559 on-ag
  chunk 231/390 (231 done): 401,964 obs, 70,640 on-ag
  chunk 232/390 (232 done): 103,411 obs, 6,770 on-ag
  chunk 233/390 (233 done): 26,515 obs, 377 on-ag
  chunk 234/390 (234 done): 0 obs, 0 on-ag
  chunk 235/390 (235 done): 0 obs, 0 on-ag
  chunk 236/390 (236 done): 388 obs, 0 on-ag
  chunk 237/390 (237 done): 145,038 obs, 855 on-ag
  chunk 238/390 (238 done): 69,010 obs, 5,715 on-ag
  chunk 239/390 (239 done): 45,010 obs, 4,477 on-ag
  chunk 240/390 (240 done): 115,240 obs, 38,906 on-ag
  chunk 241/390 (241 done): 163,436 obs, 22,827 on-ag
  chunk 242/390 (242 done): 194,207 obs, 29,010 on-ag
  chunk 243/390 (243 done): 959,554 obs, 82,887 on-ag
  chunk 244/390 (244 done): 532,852 obs, 56,342 on-ag
  chunk 245/390 (245 done): 161,991 obs, 7,120 on-ag
  chunk 246/390 (246 done): 35,457 obs, 193 on-ag
  chunk 247/390 (247 done): 0 obs, 0 on-ag
  chunk 248/390 (248 done): 0 obs, 0 on-ag
  chunk 249/390 (249 done): 64 obs, 0 on-ag
  chunk 250/390 (250 done): 54,868 obs, 1,068 on-ag
  chunk 251/390 (251 done): 70,813 obs, 15,507 on-ag
  chunk 252/390 (252 done): 80,121 obs, 7,708 on-ag
  chunk 253/390 (253 done): 250,349 obs, 40,863 on-ag
  chunk 254/390 (254 done): 130,815 obs, 23,384 on-ag
  chunk 255/390 (255 done): 226,926 obs, 36,888 on-ag
  chunk 256/390 (256 done): 266,254 obs, 39,210 on-ag
  chunk 257/390 (257 done): 274,550 obs, 36,896 on-ag
  chunk 258/390 (258 done): 109,582 obs, 3,722 on-ag
  chunk 259/390 (259 done): 7,313 obs, 0 on-ag
  chunk 260/390 (260 done): 0 obs, 0 on-ag
  chunk 261/390 (261 done): 499 obs, 0 on-ag
  chunk 262/390 (262 done): 459 obs, 0 on-ag
  chunk 263/390 (263 done): 129,581 obs, 5,077 on-ag
  chunk 264/390 (264 done): 128,927 obs, 18,402 on-ag
  chunk 265/390 (265 done): 512,489 obs, 65,452 on-ag
  chunk 266/390 (266 done): 266,251 obs, 53,402 on-ag
  chunk 267/390 (267 done): 83,482 obs, 19,160 on-ag
  chunk 268/390 (268 done): 404,158 obs, 70,630 on-ag
  chunk 269/390 (269 done): 788,996 obs, 78,843 on-ag
  chunk 270/390 (270 done): 370,658 obs, 21,987 on-ag
  chunk 271/390 (271 done): 76,184 obs, 3,158 on-ag
  chunk 272/390 (272 done): 16,616 obs, 0 on-ag
  chunk 273/390 (273 done): 0 obs, 0 on-ag
  chunk 274/390 (274 done): 306,338 obs, 2,376 on-ag
  chunk 275/390 (275 done): 862,017 obs, 34,591 on-ag
  chunk 276/390 (276 done): 686,283 obs, 71,718 on-ag
  chunk 277/390 (277 done): 246,887 obs, 6,298 on-ag
  chunk 278/390 (278 done): 113,076 obs, 3,925 on-ag
  chunk 279/390 (279 done): 322,908 obs, 43,588 on-ag
  chunk 280/390 (280 done): 77,332 obs, 6,488 on-ag
  chunk 281/390 (281 done): 235,298 obs, 24,193 on-ag
  chunk 282/390 (282 done): 478,237 obs, 40,575 on-ag
  chunk 283/390 (283 done): 88,930 obs, 5,404 on-ag
  chunk 284/390 (284 done): 20 obs, 0 on-ag
  chunk 285/390 (285 done): 0 obs, 0 on-ag
  chunk 286/390 (286 done): 0 obs, 0 on-ag
  chunk 287/390 (287 done): 436,610 obs, 9,370 on-ag
  chunk 288/390 (288 done): 348,993 obs, 40,839 on-ag
  chunk 289/390 (289 done): 145,226 obs, 16,744 on-ag
  chunk 290/390 (290 done): 55,214 obs, 107 on-ag
  chunk 291/390 (291 done): 340,664 obs, 25,343 on-ag
  chunk 292/390 (292 done): 375,895 obs, 31,637 on-ag
  chunk 293/390 (293 done): 212,754 obs, 31,263 on-ag
  chunk 294/390 (294 done): 279,158 obs, 34,209 on-ag
  chunk 295/390 (295 done): 346,215 obs, 54,730 on-ag
  chunk 296/390 (296 done): 24,492 obs, 1,024 on-ag
  chunk 297/390 (297 done): 0 obs, 0 on-ag
  chunk 298/390 (298 done): 0 obs, 0 on-ag
  chunk 299/390 (299 done): 0 obs, 0 on-ag
  chunk 300/390 (300 done): 0 obs, 0 on-ag
  chunk 301/390 (301 done): 0 obs, 0 on-ag
  chunk 302/390 (302 done): 13 obs, 0 on-ag
  chunk 303/390 (303 done): 139 obs, 0 on-ag
  chunk 304/390 (304 done): 67,019 obs, 290 on-ag
  chunk 305/390 (305 done): 216,317 obs, 20,625 on-ag
  chunk 306/390 (306 done): 271,529 obs, 32,404 on-ag
  chunk 307/390 (307 done): 994,186 obs, 148,305 on-ag
  chunk 308/390 (308 done): 252,957 obs, 32,730 on-ag
  chunk 309/390 (309 done): 334,411 obs, 43,271 on-ag
  chunk 310/390 (310 done): 0 obs, 0 on-ag
  chunk 311/390 (311 done): 0 obs, 0 on-ag
  chunk 312/390 (312 done): 0 obs, 0 on-ag
  chunk 313/390 (313 done): 0 obs, 0 on-ag
  chunk 314/390 (314 done): 0 obs, 0 on-ag
  chunk 315/390 (315 done): 1 obs, 0 on-ag
  chunk 316/390 (316 done): 0 obs, 0 on-ag
  chunk 317/390 (317 done): 112 obs, 0 on-ag
  chunk 318/390 (318 done): 168,482 obs, 4,258 on-ag
  chunk 319/390 (319 done): 536,568 obs, 25,093 on-ag
  chunk 320/390 (320 done): 2,231,183 obs, 287,773 on-ag
  chunk 321/390 (321 done): 762,347 obs, 102,159 on-ag
  chunk 322/390 (322 done): 390,562 obs, 69,767 on-ag
  chunk 323/390 (323 done): 11,356 obs, 955 on-ag
  chunk 324/390 (324 done): 0 obs, 0 on-ag
  chunk 325/390 (325 done): 0 obs, 0 on-ag
  chunk 326/390 (326 done): 0 obs, 0 on-ag
  chunk 327/390 (327 done): 0 obs, 0 on-ag
  chunk 328/390 (328 done): 0 obs, 0 on-ag
  chunk 329/390 (329 done): 1 obs, 0 on-ag
  chunk 330/390 (330 done): 0 obs, 0 on-ag
  chunk 331/390 (331 done): 375 obs, 0 on-ag
  chunk 332/390 (332 done): 4,576 obs, 0 on-ag
  chunk 333/390 (333 done): 934,408 obs, 46,853 on-ag
  chunk 334/390 (334 done): 2,358,333 obs, 94,610 on-ag
  chunk 335/390 (335 done): 451,371 obs, 70,483 on-ag
  chunk 336/390 (336 done): 72,575 obs, 8,989 on-ag
  chunk 337/390 (337 done): 0 obs, 0 on-ag
  chunk 338/390 (338 done): 0 obs, 0 on-ag
  chunk 339/390 (339 done): 0 obs, 0 on-ag
  chunk 340/390 (340 done): 0 obs, 0 on-ag
  chunk 341/390 (341 done): 0 obs, 0 on-ag
  chunk 342/390 (342 done): 0 obs, 0 on-ag
  chunk 343/390 (343 done): 0 obs, 0 on-ag
  chunk 344/390 (344 done): 3 obs, 0 on-ag
  chunk 345/390 (345 done): 5 obs, 0 on-ag
  chunk 346/390 (346 done): 6,426 obs, 0 on-ag
  chunk 347/390 (347 done): 1,619,646 obs, 397,239 on-ag
  chunk 348/390 (348 done): 541,472 obs, 57,426 on-ag
  chunk 349/390 (349 done): 67,981 obs, 7,307 on-ag
  chunk 350/390 (350 done): 0 obs, 0 on-ag
  chunk 351/390 (351 done): 0 obs, 0 on-ag
  chunk 352/390 (352 done): 0 obs, 0 on-ag
  chunk 353/390 (353 done): 0 obs, 0 on-ag
  chunk 354/390 (354 done): 0 obs, 0 on-ag
  chunk 355/390 (355 done): 0 obs, 0 on-ag
  chunk 356/390 (356 done): 0 obs, 0 on-ag
  chunk 357/390 (357 done): 0 obs, 0 on-ag
  chunk 358/390 (358 done): 0 obs, 0 on-ag
  chunk 359/390 (359 done): 2,908 obs, 0 on-ag
  chunk 360/390 (360 done): 437,055 obs, 13,012 on-ag
  chunk 361/390 (361 done): 689,119 obs, 34,365 on-ag
  chunk 362/390 (362 done): 58,603 obs, 2,064 on-ag
  chunk 363/390 (363 done): 59 obs, 0 on-ag
  chunk 364/390 (364 done): 0 obs, 0 on-ag
  chunk 365/390 (365 done): 0 obs, 0 on-ag
  chunk 366/390 (366 done): 0 obs, 0 on-ag
  chunk 367/390 (367 done): 0 obs, 0 on-ag
  chunk 368/390 (368 done): 0 obs, 0 on-ag
  chunk 369/390 (369 done): 0 obs, 0 on-ag
  chunk 370/390 (370 done): 0 obs, 0 on-ag
  chunk 371/390 (371 done): 0 obs, 0 on-ag
  chunk 372/390 (372 done): 7,523 obs, 0 on-ag
  chunk 373/390 (373 done): 7,160 obs, 0 on-ag
  chunk 374/390 (374 done): 95,828 obs, 749 on-ag
  chunk 375/390 (375 done): 75,449 obs, 6,683 on-ag
  chunk 376/390 (376 done): 4,673 obs, 261 on-ag
  chunk 377/390 (377 done): 0 obs, 0 on-ag
  chunk 378/390 (378 done): 0 obs, 0 on-ag
  chunk 379/390 (379 done): 0 obs, 0 on-ag
  chunk 380/390 (380 done): 0 obs, 0 on-ag
  chunk 381/390 (381 done): 0 obs, 0 on-ag
  chunk 382/390 (382 done): 0 obs, 0 on-ag
  chunk 383/390 (383 done): 0 obs, 0 on-ag
  chunk 384/390 (384 done): 0 obs, 0 on-ag
  chunk 385/390 (385 done): 0 obs, 0 on-ag
  chunk 386/390 (386 done): 802 obs, 0 on-ag
  chunk 387/390 (387 done): 0 obs, 0 on-ag
  chunk 388/390 (388 done): 9,056 obs, 4,127 on-ag
  chunk 389/390 (389 done): 0 obs, 0 on-ag
  chunk 390/390 (390 done): 0 obs, 0 on-ag

================================================================
  CONUS 2015  (point ~30 m (v1-style))
  total observations         : 49,207,967
  % observations on farmland : 10.83%
  % of CONUS that is farmland: 24.03%
  OBSERVATIONAL DISPARITY    : 2.22   (>1 => farmland under-observed)
================================================================
  saved -> <project>/replication/outputs/pointmethod_2015_z12_RESULT.csv
