YEAR 2019 | zoom 12 (~19 m cells) | BINARY point classification (matches v1 30 m)
Earth Engine: computing CONUS farmland share ...
  farmland 1,934,380 km^2 of 8,080,060 km^2 land  => 23.94% of CONUS
GBIF x NLCD overlay: 390 chunks @ zoom 12  (resumable in ~/.csotf_pointmethod_ckpt)
  chunk 1/390 (1 done): 0 obs, 0 on-ag
  chunk 2/390 (2 done): 0 obs, 0 on-ag
  chunk 3/390 (3 done): 0 obs, 0 on-ag
  chunk 4/390 (4 done): 18 obs, 0 on-ag
  chunk 5/390 (5 done): 78 obs, 0 on-ag
  chunk 6/390 (6 done): 9 obs, 0 on-ag
  chunk 7/390 (7 done): 182,995 obs, 81 on-ag
  chunk 8/390 (8 done): 163,613 obs, 4,153 on-ag
  chunk 9/390 (9 done): 367,571 obs, 25,687 on-ag
  chunk 10/390 (10 done): 525,123 obs, 95,526 on-ag
  chunk 11/390 (11 done): 829,428 obs, 106,487 on-ag
  chunk 12/390 (12 done): 372,418 obs, 37,327 on-ag
  chunk 13/390 (13 done): 47,047 obs, 6,196 on-ag
  chunk 14/390 (14 done): 0 obs, 0 on-ag
  chunk 15/390 (15 done): 0 obs, 0 on-ag
  chunk 16/390 (16 done): 0 obs, 0 on-ag
  chunk 17/390 (17 done): 200 obs, 0 on-ag
  chunk 18/390 (18 done): 699 obs, 0 on-ag
  chunk 19/390 (19 done): 177,328 obs, 772 on-ag
  chunk 20/390 (20 done): 3,612,642 obs, 174,660 on-ag
  chunk 21/390 (21 done): 871,291 obs, 143,346 on-ag
  chunk 22/390 (22 done): 279,405 obs, 22,811 on-ag
  chunk 23/390 (23 done): 263,003 obs, 9,326 on-ag
  chunk 24/390 (24 done): 986,297 obs, 120,057 on-ag
  chunk 25/390 (25 done): 1,593,404 obs, 89,953 on-ag
  chunk 26/390 (26 done): 185,453 obs, 21,762 on-ag
  chunk 27/390 (27 done): 0 obs, 0 on-ag
  chunk 28/390 (28 done): 0 obs, 0 on-ag
  chunk 29/390 (29 done): 0 obs, 0 on-ag
  chunk 30/390 (30 done): 858 obs, 0 on-ag
  chunk 31/390 (31 done): 393,096 obs, 3,383 on-ag
  chunk 32/390 (32 done): 454,644 obs, 16,145 on-ag
  chunk 33/390 (33 done): 364,070 obs, 13,173 on-ag
  chunk 34/390 (34 done): 290,421 obs, 6,194 on-ag
  chunk 35/390 (35 done): 33,979 obs, 1,176 on-ag
  chunk 36/390 (36 done): 97,980 obs, 4,656 on-ag
  chunk 37/390 (37 done): 117,497 obs, 15,275 on-ag
  chunk 38/390 (38 done): 272,473 obs, 13,892 on-ag
  chunk 39/390 (39 done): 32,567 obs, 1,179 on-ag
  chunk 40/390 (40 done): 0 obs, 0 on-ag
  chunk 41/390 (41 done): 0 obs, 0 on-ag
  chunk 42/390 (42 done): 0 obs, 0 on-ag
  chunk 43/390 (43 done): 9,200 obs, 143 on-ag
  chunk 44/390 (44 done): 2,439,951 obs, 17,169 on-ag
  chunk 45/390 (45 done): 212,286 obs, 8,507 on-ag
  chunk 46/390 (46 done): 106,991 obs, 5,331 on-ag
  chunk 47/390 (47 done): 11,517 obs, 189 on-ag
  chunk 48/390 (48 done): 11,148 obs, 1,826 on-ag
  chunk 49/390 (49 done): 106,808 obs, 1,982 on-ag
  chunk 50/390 (50 done): 186,132 obs, 16,328 on-ag
  chunk 51/390 (51 done): 181,851 obs, 11,534 on-ag
  chunk 52/390 (52 done): 17,216 obs, 550 on-ag
  chunk 53/390 (53 done): 0 obs, 0 on-ag
  chunk 54/390 (54 done): 0 obs, 0 on-ag
  chunk 55/390 (55 done): 0 obs, 0 on-ag
  chunk 56/390 (56 done): 296 obs, 18 on-ag
  chunk 57/390 (57 done): 624,143 obs, 28,509 on-ag
  chunk 58/390 (58 done): 170,814 obs, 860 on-ag
  chunk 59/390 (59 done): 11,861 obs, 44 on-ag
  chunk 60/390 (60 done): 3,929 obs, 10 on-ag
  chunk 61/390 (61 done): 11,400 obs, 104 on-ag
  chunk 62/390 (62 done): 250,809 obs, 19,369 on-ag
  chunk 63/390 (63 done): 58,925 obs, 1,613 on-ag
  chunk 64/390 (64 done): 91,271 obs, 5,773 on-ag
  chunk 65/390 (65 done): 14,815 obs, 734 on-ag
  chunk 66/390 (66 done): 0 obs, 0 on-ag
  chunk 67/390 (67 done): 0 obs, 0 on-ag
  chunk 68/390 (68 done): 0 obs, 0 on-ag
  chunk 69/390 (69 done): 2,515 obs, 51 on-ag
  chunk 70/390 (70 done): 69,418 obs, 3,746 on-ag
  chunk 71/390 (71 done): 119,473 obs, 87 on-ag
  chunk 72/390 (72 done): 93,014 obs, 1,019 on-ag
  chunk 73/390 (73 done): 9,435 obs, 75 on-ag
  chunk 74/390 (74 done): 35,988 obs, 3,586 on-ag
  chunk 75/390 (75 done): 66,971 obs, 8,685 on-ag
  chunk 76/390 (76 done): 41,337 obs, 2,232 on-ag
  chunk 77/390 (77 done): 257,698 obs, 16,539 on-ag
  chunk 78/390 (78 done): 30,675 obs, 1 on-ag
  chunk 79/390 (79 done): 0 obs, 0 on-ag
  chunk 80/390 (80 done): 0 obs, 0 on-ag
  chunk 81/390 (81 done): 0 obs, 0 on-ag
  chunk 82/390 (82 done): 550,920 obs, 8,397 on-ag
  chunk 83/390 (83 done): 614,431 obs, 57,686 on-ag
  chunk 84/390 (84 done): 268,821 obs, 3,967 on-ag
  chunk 85/390 (85 done): 61,918 obs, 1,710 on-ag
  chunk 86/390 (86 done): 108,090 obs, 11,063 on-ag
  chunk 87/390 (87 done): 402,133 obs, 20,638 on-ag
  chunk 88/390 (88 done): 79,939 obs, 5,880 on-ag
  chunk 89/390 (89 done): 197,203 obs, 6,344 on-ag
  chunk 90/390 (90 done): 94,104 obs, 1,404 on-ag
  chunk 91/390 (91 done): 6,181 obs, 222 on-ag
  chunk 92/390 (92 done): 0 obs, 0 on-ag
  chunk 93/390 (93 done): 0 obs, 0 on-ag
  chunk 94/390 (94 done): 0 obs, 0 on-ag
  chunk 95/390 (95 done): 1,286,147 obs, 578 on-ag
  chunk 96/390 (96 done): 98,075 obs, 1,527 on-ag
  chunk 97/390 (97 done): 20,608 obs, 382 on-ag
  chunk 98/390 (98 done): 18,134 obs, 2,243 on-ag
  chunk 99/390 (99 done): 42,056 obs, 5,794 on-ag
  chunk 100/390 (100 done): 16,839 obs, 445 on-ag
  chunk 101/390 (101 done): 67,061 obs, 271 on-ag
  chunk 102/390 (102 done): 88,816 obs, 2,896 on-ag
  chunk 103/390 (103 done): 12,808 obs, 219 on-ag
  chunk 104/390 (104 done): 2,354 obs, 181 on-ag
  chunk 105/390 (105 done): 0 obs, 0 on-ag
  chunk 106/390 (106 done): 0 obs, 0 on-ag
  chunk 107/390 (107 done): 0 obs, 0 on-ag
  chunk 108/390 (108 done): 37,953 obs, 247 on-ag
  chunk 109/390 (109 done): 74,367 obs, 321 on-ag
  chunk 110/390 (110 done): 9,099 obs, 54 on-ag
  chunk 111/390 (111 done): 141,927 obs, 8,465 on-ag
  chunk 112/390 (112 done): 149,923 obs, 12,199 on-ag
  chunk 113/390 (113 done): 20,613 obs, 1,862 on-ag
  chunk 114/390 (114 done): 42,377 obs, 1,287 on-ag
  chunk 115/390 (115 done): 54,514 obs, 4,607 on-ag
  chunk 116/390 (116 done): 24,743 obs, 266 on-ag
  chunk 117/390 (117 done): 2,506 obs, 29 on-ag
  chunk 118/390 (118 done): 0 obs, 0 on-ag
  chunk 119/390 (119 done): 0 obs, 0 on-ag
  chunk 120/390 (120 done): 0 obs, 0 on-ag
  chunk 121/390 (121 done): 90,387 obs, 6,534 on-ag
  chunk 122/390 (122 done): 157,248 obs, 1,686 on-ag
  chunk 123/390 (123 done): 552,687 obs, 84,776 on-ag
  chunk 124/390 (124 done): 96,112 obs, 2,802 on-ag
  chunk 125/390 (125 done): 1,067,697 obs, 6,493 on-ag
  chunk 126/390 (126 done): 243,239 obs, 1,489 on-ag
  chunk 127/390 (127 done): 29,370 obs, 456 on-ag
  chunk 128/390 (128 done): 12,703 obs, 2,003 on-ag
  chunk 129/390 (129 done): 8,886 obs, 117 on-ag
  chunk 130/390 (130 done): 2,340 obs, 6 on-ag
  chunk 131/390 (131 done): 0 obs, 0 on-ag
  chunk 132/390 (132 done): 0 obs, 0 on-ag
  chunk 133/390 (133 done): 94,262 obs, 0 on-ag
  chunk 134/390 (134 done): 113,251 obs, 8,287 on-ag
  chunk 135/390 (135 done): 51,231 obs, 883 on-ag
  chunk 136/390 (136 done): 22,421 obs, 208 on-ag
  chunk 137/390 (137 done): 149,544 obs, 137 on-ag
  chunk 138/390 (138 done): 652,077 obs, 8,406 on-ag
  chunk 139/390 (139 done): 165,931 obs, 4,855 on-ag
  chunk 140/390 (140 done): 49,331 obs, 72 on-ag
  chunk 141/390 (141 done): 20,043 obs, 181 on-ag
  chunk 142/390 (142 done): 48,489 obs, 752 on-ag
  chunk 143/390 (143 done): 13,991 obs, 270 on-ag
  chunk 144/390 (144 done): 0 obs, 0 on-ag
  chunk 145/390 (145 done): 0 obs, 0 on-ag
  chunk 146/390 (146 done): 36,852 obs, 0 on-ag
  chunk 147/390 (147 done): 55,038 obs, 182 on-ag
  chunk 148/390 (148 done): 67,819 obs, 4,658 on-ag
  chunk 149/390 (149 done): 42,736 obs, 753 on-ag
  chunk 150/390 (150 done): 96,542 obs, 10,550 on-ag
  chunk 151/390 (151 done): 38,722 obs, 1,354 on-ag
  chunk 152/390 (152 done): 36,103 obs, 1,116 on-ag
  chunk 153/390 (153 done): 15,956 obs, 152 on-ag
  chunk 154/390 (154 done): 7,612 obs, 273 on-ag
  chunk 155/390 (155 done): 45,103 obs, 729 on-ag
  chunk 156/390 (156 done): 16,997 obs, 1,771 on-ag
  chunk 157/390 (157 done): 3,598 obs, 3 on-ag
  chunk 158/390 (158 done): 104,119 obs, 719 on-ag
  chunk 159/390 (159 done): 188,927 obs, 759 on-ag
  chunk 160/390 (160 done): 126,730 obs, 846 on-ag
  chunk 161/390 (161 done): 36,220 obs, 2,636 on-ag
  chunk 162/390 (162 done): 19,244 obs, 514 on-ag
  chunk 163/390 (163 done): 32,356 obs, 1,409 on-ag
  chunk 164/390 (164 done): 25,565 obs, 1,128 on-ag
  chunk 165/390 (165 done): 23,514 obs, 724 on-ag
  chunk 166/390 (166 done): 27,426 obs, 438 on-ag
  chunk 167/390 (167 done): 21,220 obs, 333 on-ag
  chunk 168/390 (168 done): 89,436 obs, 2,993 on-ag
  chunk 169/390 (169 done): 5,382 obs, 367 on-ag
  chunk 170/390 (170 done): 921,885 obs, 74,122 on-ag
  chunk 171/390 (171 done): 422,258 obs, 38,574 on-ag
  chunk 172/390 (172 done): 1,003,136 obs, 64,816 on-ag
  chunk 173/390 (173 done): 378,054 obs, 7,848 on-ag
  chunk 174/390 (174 done): 341,283 obs, 3,184 on-ag
  chunk 175/390 (175 done): 181,594 obs, 3,151 on-ag
  chunk 176/390 (176 done): 187,743 obs, 5,508 on-ag
  chunk 177/390 (177 done): 42,819 obs, 1,569 on-ag
  chunk 178/390 (178 done): 56,418 obs, 2,696 on-ag
  chunk 179/390 (179 done): 32,904 obs, 3,849 on-ag
  chunk 180/390 (180 done): 28,952 obs, 4,424 on-ag
  chunk 181/390 (181 done): 64,422 obs, 6,114 on-ag
  chunk 182/390 (182 done): 2,228 obs, 243 on-ag
  chunk 183/390 (183 done): 16 obs, 0 on-ag
  chunk 184/390 (184 done): 89,294 obs, 1,128 on-ag
  chunk 185/390 (185 done): 868,749 obs, 66,304 on-ag
  chunk 186/390 (186 done): 178,095 obs, 25,395 on-ag
  chunk 187/390 (187 done): 373,710 obs, 17,029 on-ag
  chunk 188/390 (188 done): 76,846 obs, 7,756 on-ag
  chunk 189/390 (189 done): 69,565 obs, 10,158 on-ag
  chunk 190/390 (190 done): 267,119 obs, 56,995 on-ag
  chunk 191/390 (191 done): 185,553 obs, 8,582 on-ag
  chunk 192/390 (192 done): 92,633 obs, 17,948 on-ag
  chunk 193/390 (193 done): 97,507 obs, 20,627 on-ag
  chunk 194/390 (194 done): 108,759 obs, 23,706 on-ag
  chunk 195/390 (195 done): 11,752 obs, 1,232 on-ag
  chunk 196/390 (196 done): 9 obs, 0 on-ag
  chunk 197/390 (197 done): 95 obs, 0 on-ag
  chunk 198/390 (198 done): 685,670 obs, 49,107 on-ag
  chunk 199/390 (199 done): 126,850 obs, 15,157 on-ag
  chunk 200/390 (200 done): 75,965 obs, 4,972 on-ag
  chunk 201/390 (201 done): 162,391 obs, 26,432 on-ag
  chunk 202/390 (202 done): 144,494 obs, 29,097 on-ag
  chunk 203/390 (203 done): 287,196 obs, 37,559 on-ag
  chunk 204/390 (204 done): 138,852 obs, 23,903 on-ag
  chunk 205/390 (205 done): 118,946 obs, 25,382 on-ag
  chunk 206/390 (206 done): 727,074 obs, 88,526 on-ag
  chunk 207/390 (207 done): 69,870 obs, 1,414 on-ag
  chunk 208/390 (208 done): 3,325 obs, 21 on-ag
  chunk 209/390 (209 done): 0 obs, 0 on-ag
  chunk 210/390 (210 done): 72 obs, 0 on-ag
  chunk 211/390 (211 done): 185,503 obs, 13,611 on-ag
  chunk 212/390 (212 done): 93,741 obs, 10,105 on-ag
  chunk 213/390 (213 done): 55,550 obs, 7,203 on-ag
  chunk 214/390 (214 done): 175,926 obs, 28,539 on-ag
  chunk 215/390 (215 done): 84,451 obs, 21,205 on-ag
  chunk 216/390 (216 done): 197,535 obs, 25,493 on-ag
  chunk 217/390 (217 done): 149,323 obs, 22,981 on-ag
  chunk 218/390 (218 done): 209,057 obs, 38,130 on-ag
  chunk 219/390 (219 done): 414,165 obs, 58,047 on-ag
  chunk 220/390 (220 done): 227,449 obs, 5,525 on-ag
  chunk 221/390 (221 done): 410 obs, 0 on-ag
  chunk 222/390 (222 done): 3 obs, 0 on-ag
  chunk 223/390 (223 done): 426 obs, 0 on-ag
  chunk 224/390 (224 done): 329,522 obs, 3,652 on-ag
  chunk 225/390 (225 done): 94,482 obs, 8,602 on-ag
  chunk 226/390 (226 done): 27,759 obs, 3,599 on-ag
  chunk 227/390 (227 done): 226,996 obs, 59,291 on-ag
  chunk 228/390 (228 done): 232,459 obs, 40,083 on-ag
  chunk 229/390 (229 done): 480,099 obs, 53,098 on-ag
  chunk 230/390 (230 done): 280,663 obs, 60,082 on-ag
  chunk 231/390 (231 done): 663,443 obs, 130,006 on-ag
  chunk 232/390 (232 done): 219,575 obs, 19,023 on-ag
  chunk 233/390 (233 done): 64,547 obs, 1,332 on-ag
  chunk 234/390 (234 done): 0 obs, 0 on-ag
  chunk 235/390 (235 done): 15 obs, 0 on-ag
  chunk 236/390 (236 done): 73 obs, 0 on-ag
  chunk 237/390 (237 done): 289,334 obs, 2,358 on-ag
  chunk 238/390 (238 done): 166,293 obs, 7,467 on-ag
  chunk 239/390 (239 done): 146,599 obs, 19,180 on-ag
  chunk 240/390 (240 done): 223,628 obs, 61,759 on-ag
  chunk 241/390 (241 done): 314,514 obs, 45,894 on-ag
  chunk 242/390 (242 done): 304,984 obs, 49,812 on-ag
  chunk 243/390 (243 done): 1,670,481 obs, 116,444 on-ag
  chunk 244/390 (244 done): 761,712 obs, 84,457 on-ag
  chunk 245/390 (245 done): 227,987 obs, 11,288 on-ag
  chunk 246/390 (246 done): 51,282 obs, 75 on-ag
  chunk 247/390 (247 done): 0 obs, 0 on-ag
  chunk 248/390 (248 done): 288 obs, 0 on-ag
  chunk 249/390 (249 done): 1,773 obs, 0 on-ag
  chunk 250/390 (250 done): 67,667 obs, 2,180 on-ag
  chunk 251/390 (251 done): 129,113 obs, 20,943 on-ag
  chunk 252/390 (252 done): 207,424 obs, 28,898 on-ag
  chunk 253/390 (253 done): 476,102 obs, 79,949 on-ag
  chunk 254/390 (254 done): 287,365 obs, 55,170 on-ag
  chunk 255/390 (255 done): 556,750 obs, 52,241 on-ag
  chunk 256/390 (256 done): 643,108 obs, 78,112 on-ag
  chunk 257/390 (257 done): 459,537 obs, 39,305 on-ag
  chunk 258/390 (258 done): 202,482 obs, 7,458 on-ag
  chunk 259/390 (259 done): 12,109 obs, 0 on-ag
  chunk 260/390 (260 done): 0 obs, 0 on-ag
  chunk 261/390 (261 done): 780 obs, 0 on-ag
  chunk 262/390 (262 done): 1,516 obs, 0 on-ag
  chunk 263/390 (263 done): 280,667 obs, 13,209 on-ag
  chunk 264/390 (264 done): 240,015 obs, 32,889 on-ag
  chunk 265/390 (265 done): 823,829 obs, 80,936 on-ag
  chunk 266/390 (266 done): 458,764 obs, 86,680 on-ag
  chunk 267/390 (267 done): 189,628 obs, 55,146 on-ag
  chunk 268/390 (268 done): 756,358 obs, 142,960 on-ag
  chunk 269/390 (269 done): 1,599,214 obs, 115,184 on-ag
  chunk 270/390 (270 done): 714,399 obs, 39,860 on-ag
  chunk 271/390 (271 done): 149,538 obs, 8,892 on-ag
  chunk 272/390 (272 done): 37,200 obs, 0 on-ag
  chunk 273/390 (273 done): 0 obs, 0 on-ag
  chunk 274/390 (274 done): 415,120 obs, 2,423 on-ag
  chunk 275/390 (275 done): 1,547,833 obs, 49,743 on-ag
  chunk 276/390 (276 done): 1,288,507 obs, 119,966 on-ag
  chunk 277/390 (277 done): 354,741 obs, 12,361 on-ag
  chunk 278/390 (278 done): 210,392 obs, 10,335 on-ag
  chunk 279/390 (279 done): 726,853 obs, 79,391 on-ag
  chunk 280/390 (280 done): 189,941 obs, 15,467 on-ag
  chunk 281/390 (281 done): 545,590 obs, 60,907 on-ag
  chunk 282/390 (282 done): 1,157,971 obs, 96,926 on-ag
  chunk 283/390 (283 done): 154,294 obs, 8,627 on-ag
  chunk 284/390 (284 done): 27 obs, 0 on-ag
  chunk 285/390 (285 done): 0 obs, 0 on-ag
  chunk 286/390 (286 done): 0 obs, 0 on-ag
  chunk 287/390 (287 done): 588,232 obs, 22,490 on-ag
  chunk 288/390 (288 done): 565,643 obs, 70,045 on-ag
  chunk 289/390 (289 done): 247,116 obs, 32,965 on-ag
  chunk 290/390 (290 done): 143,538 obs, 102 on-ag
  chunk 291/390 (291 done): 645,895 obs, 54,490 on-ag
  chunk 292/390 (292 done): 645,596 obs, 46,075 on-ag
  chunk 293/390 (293 done): 420,473 obs, 61,000 on-ag
  chunk 294/390 (294 done): 488,347 obs, 44,298 on-ag
  chunk 295/390 (295 done): 657,677 obs, 53,455 on-ag
  chunk 296/390 (296 done): 39,848 obs, 748 on-ag
  chunk 297/390 (297 done): 0 obs, 0 on-ag
  chunk 298/390 (298 done): 0 obs, 0 on-ag
  chunk 299/390 (299 done): 0 obs, 0 on-ag
  chunk 300/390 (300 done): 0 obs, 0 on-ag
  chunk 301/390 (301 done): 1 obs, 0 on-ag
  chunk 302/390 (302 done): 541 obs, 0 on-ag
  chunk 303/390 (303 done): 3,077 obs, 0 on-ag
  chunk 304/390 (304 done): 147,940 obs, 426 on-ag
  chunk 305/390 (305 done): 518,783 obs, 41,774 on-ag
  chunk 306/390 (306 done): 677,359 obs, 69,434 on-ag
  chunk 307/390 (307 done): 1,750,837 obs, 205,725 on-ag
  chunk 308/390 (308 done): 445,263 obs, 61,120 on-ag
  chunk 309/390 (309 done): 630,124 obs, 79,381 on-ag
  chunk 310/390 (310 done): 0 obs, 0 on-ag
  chunk 311/390 (311 done): 0 obs, 0 on-ag
  chunk 312/390 (312 done): 0 obs, 0 on-ag
  chunk 313/390 (313 done): 0 obs, 0 on-ag
  chunk 314/390 (314 done): 0 obs, 0 on-ag
  chunk 315/390 (315 done): 0 obs, 0 on-ag
  chunk 316/390 (316 done): 195 obs, 0 on-ag
  chunk 317/390 (317 done): 1,299 obs, 0 on-ag
  chunk 318/390 (318 done): 325,118 obs, 8,823 on-ag
  chunk 319/390 (319 done): 949,535 obs, 50,582 on-ag
  chunk 320/390 (320 done): 3,545,829 obs, 420,349 on-ag
  chunk 321/390 (321 done): 1,223,545 obs, 181,839 on-ag
  chunk 322/390 (322 done): 603,956 obs, 104,293 on-ag
  chunk 323/390 (323 done): 23,979 obs, 1,551 on-ag
  chunk 324/390 (324 done): 0 obs, 0 on-ag
  chunk 325/390 (325 done): 0 obs, 0 on-ag
  chunk 326/390 (326 done): 0 obs, 0 on-ag
  chunk 327/390 (327 done): 0 obs, 0 on-ag
  chunk 328/390 (328 done): 0 obs, 0 on-ag
  chunk 329/390 (329 done): 4 obs, 0 on-ag
  chunk 330/390 (330 done): 120 obs, 0 on-ag
  chunk 331/390 (331 done): 811 obs, 0 on-ag
  chunk 332/390 (332 done): 8,424 obs, 0 on-ag
  chunk 333/390 (333 done): 1,602,632 obs, 100,112 on-ag
  chunk 334/390 (334 done): 3,323,139 obs, 182,950 on-ag
  chunk 335/390 (335 done): 811,830 obs, 94,603 on-ag
  chunk 336/390 (336 done): 174,897 obs, 18,170 on-ag
  chunk 337/390 (337 done): 0 obs, 0 on-ag
  chunk 338/390 (338 done): 0 obs, 0 on-ag
  chunk 339/390 (339 done): 0 obs, 0 on-ag
  chunk 340/390 (340 done): 0 obs, 0 on-ag
  chunk 341/390 (341 done): 0 obs, 0 on-ag
  chunk 342/390 (342 done): 0 obs, 0 on-ag
  chunk 343/390 (343 done): 1 obs, 0 on-ag
  chunk 344/390 (344 done): 51 obs, 0 on-ag
  chunk 345/390 (345 done): 19 obs, 0 on-ag
  chunk 346/390 (346 done): 20,817 obs, 0 on-ag
  chunk 347/390 (347 done): 2,314,393 obs, 167,319 on-ag
  chunk 348/390 (348 done): 980,515 obs, 111,156 on-ag
  chunk 349/390 (349 done): 118,436 obs, 12,679 on-ag
  chunk 350/390 (350 done): 0 obs, 0 on-ag
  chunk 351/390 (351 done): 0 obs, 0 on-ag
  chunk 352/390 (352 done): 0 obs, 0 on-ag
  chunk 353/390 (353 done): 0 obs, 0 on-ag
  chunk 354/390 (354 done): 0 obs, 0 on-ag
  chunk 355/390 (355 done): 0 obs, 0 on-ag
  chunk 356/390 (356 done): 0 obs, 0 on-ag
  chunk 357/390 (357 done): 0 obs, 0 on-ag
  chunk 358/390 (358 done): 0 obs, 0 on-ag
  chunk 359/390 (359 done): 4,737 obs, 0 on-ag
  chunk 360/390 (360 done): 852,104 obs, 27,356 on-ag
  chunk 361/390 (361 done): 1,236,351 obs, 45,454 on-ag
  chunk 362/390 (362 done): 135,033 obs, 5,521 on-ag
  chunk 363/390 (363 done): 2,361 obs, 8 on-ag
  chunk 364/390 (364 done): 0 obs, 0 on-ag
  chunk 365/390 (365 done): 0 obs, 0 on-ag
  chunk 366/390 (366 done): 0 obs, 0 on-ag
  chunk 367/390 (367 done): 0 obs, 0 on-ag
  chunk 368/390 (368 done): 0 obs, 0 on-ag
  chunk 369/390 (369 done): 0 obs, 0 on-ag
  chunk 370/390 (370 done): 0 obs, 0 on-ag
  chunk 371/390 (371 done): 1 obs, 0 on-ag
  chunk 372/390 (372 done): 6,912 obs, 0 on-ag
  chunk 373/390 (373 done): 9,561 obs, 0 on-ag
  chunk 374/390 (374 done): 202,266 obs, 1,951 on-ag
  chunk 375/390 (375 done): 166,930 obs, 10,088 on-ag
  chunk 376/390 (376 done): 7,910 obs, 666 on-ag
  chunk 377/390 (377 done): 0 obs, 0 on-ag
  chunk 378/390 (378 done): 0 obs, 0 on-ag
  chunk 379/390 (379 done): 0 obs, 0 on-ag
  chunk 380/390 (380 done): 0 obs, 0 on-ag
  chunk 381/390 (381 done): 0 obs, 0 on-ag
  chunk 382/390 (382 done): 0 obs, 0 on-ag
  chunk 383/390 (383 done): 0 obs, 0 on-ag
  chunk 384/390 (384 done): 0 obs, 0 on-ag
  chunk 385/390 (385 done): 1,906 obs, 0 on-ag
  chunk 386/390 (386 done): 2,680 obs, 0 on-ag
  chunk 387/390 (387 done): 0 obs, 0 on-ag
  chunk 388/390 (388 done): 15,032 obs, 4,600 on-ag
  chunk 389/390 (389 done): 0 obs, 0 on-ag
  chunk 390/390 (390 done): 0 obs, 0 on-ag

================================================================
  CONUS 2019  (point ~30 m (v1-style))
  total observations         : 86,533,214
  % observations on farmland : 8.08%
  % of CONUS that is farmland: 23.94%
  OBSERVATIONAL DISPARITY    : 2.96   (>1 => farmland under-observed)
================================================================
  saved -> <project>/replication/outputs/pointmethod_2019_z12_RESULT.csv
