YEAR 2023 | zoom 12 (~19 m cells) | BINARY point classification (matches v1 30 m)
Earth Engine: computing CONUS farmland share ...
  farmland 1,922,941 km^2 of 8,080,060 km^2 land  => 23.80% of CONUS
GBIF x NLCD overlay: 390 chunks @ zoom 12  (resumable in <project>/replication/_pointmethod_ckpt)
  chunk 1/390 (1 done): 0 obs, 0 on-ag
  chunk 2/390 (2 done): 0 obs, 0 on-ag
  chunk 3/390 (3 done): 0 obs, 0 on-ag
  chunk 4/390 (4 done): 27 obs, 0 on-ag
  chunk 5/390 (5 done): 29 obs, 0 on-ag
  chunk 6/390 (6 done): 2 obs, 0 on-ag
  chunk 7/390 (7 done): 267,371 obs, 6 on-ag
  chunk 8/390 (8 done): 338,022 obs, 10,502 on-ag
  chunk 9/390 (9 done): 465,824 obs, 28,532 on-ag
  chunk 10/390 (10 done): 670,765 obs, 108,936 on-ag
  chunk 11/390 (11 done): 1,184,405 obs, 149,022 on-ag
  chunk 12/390 (12 done): 550,788 obs, 44,552 on-ag
  chunk 13/390 (13 done): 78,196 obs, 14,838 on-ag
  chunk 14/390 (14 done): 0 obs, 0 on-ag
  chunk 15/390 (15 done): 0 obs, 0 on-ag
  chunk 16/390 (16 done): 0 obs, 0 on-ag
  chunk 17/390 (17 done): 54 obs, 0 on-ag
  chunk 18/390 (18 done): 2,911 obs, 0 on-ag
  chunk 19/390 (19 done): 989,924 obs, 608 on-ag
  chunk 20/390 (20 done): 7,000,616 obs, 248,456 on-ag
  chunk 21/390 (21 done): 1,351,969 obs, 174,657 on-ag
  chunk 22/390 (22 done): 460,693 obs, 35,196 on-ag
  chunk 23/390 (23 done): 407,747 obs, 23,216 on-ag
  chunk 24/390 (24 done): 1,496,861 obs, 189,668 on-ag
  chunk 25/390 (25 done): 2,516,416 obs, 121,164 on-ag
  chunk 26/390 (26 done): 294,627 obs, 30,201 on-ag
  chunk 27/390 (27 done): 0 obs, 0 on-ag
  chunk 28/390 (28 done): 0 obs, 0 on-ag
  chunk 29/390 (29 done): 0 obs, 0 on-ag
  chunk 30/390 (30 done): 792 obs, 0 on-ag
  chunk 31/390 (31 done): 2,792,528 obs, 18,962 on-ag
  chunk 32/390 (32 done): 921,665 obs, 22,928 on-ag
  chunk 33/390 (33 done): 487,981 obs, 20,180 on-ag
  chunk 34/390 (34 done): 508,385 obs, 13,625 on-ag
  chunk 35/390 (35 done): 38,659 obs, 2,459 on-ag
  chunk 36/390 (36 done): 116,877 obs, 9,804 on-ag
  chunk 37/390 (37 done): 203,477 obs, 17,977 on-ag
  chunk 38/390 (38 done): 334,698 obs, 16,977 on-ag
  chunk 39/390 (39 done): 51,860 obs, 1,021 on-ag
  chunk 40/390 (40 done): 0 obs, 0 on-ag
  chunk 41/390 (41 done): 0 obs, 0 on-ag
  chunk 42/390 (42 done): 0 obs, 0 on-ag
  chunk 43/390 (43 done): 16,072 obs, 17 on-ag
  chunk 44/390 (44 done): 5,018,093 obs, 33,792 on-ag
  chunk 45/390 (45 done): 309,583 obs, 15,181 on-ag
  chunk 46/390 (46 done): 186,120 obs, 10,770 on-ag
  chunk 47/390 (47 done): 23,598 obs, 1,200 on-ag
  chunk 48/390 (48 done): 15,790 obs, 1,868 on-ag
  chunk 49/390 (49 done): 146,845 obs, 1,889 on-ag
  chunk 50/390 (50 done): 326,525 obs, 33,604 on-ag
  chunk 51/390 (51 done): 227,789 obs, 7,925 on-ag
  chunk 52/390 (52 done): 23,093 obs, 241 on-ag
  chunk 53/390 (53 done): 0 obs, 0 on-ag
  chunk 54/390 (54 done): 0 obs, 0 on-ag
  chunk 55/390 (55 done): 0 obs, 0 on-ag
  chunk 56/390 (56 done): 914 obs, 10 on-ag
  chunk 57/390 (57 done): 1,268,074 obs, 47,332 on-ag
  chunk 58/390 (58 done): 366,509 obs, 960 on-ag
  chunk 59/390 (59 done): 21,865 obs, 177 on-ag
  chunk 60/390 (60 done): 6,859 obs, 89 on-ag
  chunk 61/390 (61 done): 24,787 obs, 123 on-ag
  chunk 62/390 (62 done): 449,503 obs, 31,114 on-ag
  chunk 63/390 (63 done): 78,271 obs, 1,773 on-ag
  chunk 64/390 (64 done): 109,953 obs, 3,437 on-ag
  chunk 65/390 (65 done): 24,166 obs, 954 on-ag
  chunk 66/390 (66 done): 0 obs, 0 on-ag
  chunk 67/390 (67 done): 0 obs, 0 on-ag
  chunk 68/390 (68 done): 0 obs, 0 on-ag
  chunk 69/390 (69 done): 6,663 obs, 611 on-ag
  chunk 70/390 (70 done): 126,093 obs, 12,434 on-ag
  chunk 71/390 (71 done): 179,355 obs, 29 on-ag
  chunk 72/390 (72 done): 146,109 obs, 917 on-ag
  chunk 73/390 (73 done): 22,503 obs, 440 on-ag
  chunk 74/390 (74 done): 53,931 obs, 3,542 on-ag
  chunk 75/390 (75 done): 87,481 obs, 8,975 on-ag
  chunk 76/390 (76 done): 69,160 obs, 4,381 on-ag
  chunk 77/390 (77 done): 294,824 obs, 29,488 on-ag
  chunk 78/390 (78 done): 40,841 obs, 1 on-ag
  chunk 79/390 (79 done): 0 obs, 0 on-ag
  chunk 80/390 (80 done): 0 obs, 0 on-ag
  chunk 81/390 (81 done): 0 obs, 0 on-ag
  chunk 82/390 (82 done): 1,052,288 obs, 19,181 on-ag
  chunk 83/390 (83 done): 1,152,490 obs, 68,822 on-ag
  chunk 84/390 (84 done): 407,495 obs, 3,788 on-ag
  chunk 85/390 (85 done): 94,241 obs, 2,178 on-ag
  chunk 86/390 (86 done): 211,895 obs, 21,200 on-ag
  chunk 87/390 (87 done): 657,546 obs, 21,088 on-ag
  chunk 88/390 (88 done): 150,823 obs, 7,644 on-ag
  chunk 89/390 (89 done): 243,011 obs, 7,692 on-ag
  chunk 90/390 (90 done): 132,366 obs, 1,845 on-ag
  chunk 91/390 (91 done): 2,980 obs, 78 on-ag
  chunk 92/390 (92 done): 0 obs, 0 on-ag
  chunk 93/390 (93 done): 0 obs, 0 on-ag
  chunk 94/390 (94 done): 0 obs, 0 on-ag
  chunk 95/390 (95 done): 2,434,868 obs, 1,396 on-ag
  chunk 96/390 (96 done): 187,880 obs, 3,391 on-ag
  chunk 97/390 (97 done): 21,805 obs, 651 on-ag
  chunk 98/390 (98 done): 32,659 obs, 2,471 on-ag
  chunk 99/390 (99 done): 69,519 obs, 8,069 on-ag
  chunk 100/390 (100 done): 38,705 obs, 1,002 on-ag
  chunk 101/390 (101 done): 135,841 obs, 543 on-ag
  chunk 102/390 (102 done): 124,375 obs, 4,355 on-ag
  chunk 103/390 (103 done): 31,100 obs, 583 on-ag
  chunk 104/390 (104 done): 4,550 obs, 116 on-ag
  chunk 105/390 (105 done): 0 obs, 0 on-ag
  chunk 106/390 (106 done): 0 obs, 0 on-ag
  chunk 107/390 (0 done): 0 obs, 0 on-ag
  chunk 108/390 (0 done): 65,407 obs, 163 on-ag
  chunk 109/390 (0 done): 167,519 obs, 2,621 on-ag
  chunk 110/390 (0 done): 27,724 obs, 102 on-ag
  chunk 111/390 (0 done): 261,813 obs, 12,300 on-ag
  chunk 112/390 (0 done): 247,617 obs, 11,341 on-ag
  chunk 113/390 (0 done): 29,768 obs, 2,859 on-ag
  chunk 114/390 (0 done): 48,588 obs, 1,163 on-ag
  chunk 115/390 (0 done): 62,201 obs, 5,535 on-ag
  chunk 116/390 (0 done): 39,943 obs, 263 on-ag
  chunk 117/390 (0 done): 4,090 obs, 80 on-ag
  chunk 118/390 (0 done): 0 obs, 0 on-ag
  chunk 119/390 (0 done): 0 obs, 0 on-ag
  chunk 120/390 (0 done): 0 obs, 0 on-ag
  chunk 121/390 (0 done): 164,686 obs, 12,913 on-ag
  chunk 122/390 (0 done): 198,762 obs, 3,474 on-ag
  chunk 123/390 (0 done): 831,046 obs, 102,901 on-ag
  chunk 124/390 (0 done): 165,987 obs, 4,746 on-ag
  chunk 125/390 (0 done): 1,741,789 obs, 11,598 on-ag
  chunk 126/390 (0 done): 400,170 obs, 6,079 on-ag
  chunk 127/390 (0 done): 29,622 obs, 238 on-ag
  chunk 128/390 (0 done): 17,308 obs, 1,354 on-ag
  chunk 129/390 (0 done): 12,115 obs, 114 on-ag
  chunk 130/390 (0 done): 3,061 obs, 100 on-ag
  chunk 131/390 (0 done): 0 obs, 0 on-ag
  chunk 132/390 (0 done): 0 obs, 0 on-ag
  chunk 133/390 (0 done): 166,524 obs, 2 on-ag
  chunk 134/390 (0 done): 159,253 obs, 11,108 on-ag
  chunk 135/390 (0 done): 64,374 obs, 430 on-ag
  chunk 136/390 (0 done): 28,510 obs, 177 on-ag
  chunk 137/390 (0 done): 199,753 obs, 257 on-ag
  chunk 138/390 (0 done): 1,042,286 obs, 6,014 on-ag
  chunk 139/390 (0 done): 231,510 obs, 2,838 on-ag
  chunk 140/390 (0 done): 86,712 obs, 36 on-ag
  chunk 141/390 (0 done): 32,861 obs, 146 on-ag
  chunk 142/390 (0 done): 58,953 obs, 489 on-ag
  chunk 143/390 (0 done): 13,080 obs, 130 on-ag
  chunk 144/390 (0 done): 0 obs, 0 on-ag
  chunk 145/390 (0 done): 0 obs, 0 on-ag
  chunk 146/390 (0 done): 44,890 obs, 0 on-ag
  chunk 147/390 (0 done): 48,155 obs, 568 on-ag
  chunk 148/390 (0 done): 114,362 obs, 3,972 on-ag
  chunk 149/390 (0 done): 62,084 obs, 1,283 on-ag
  chunk 150/390 (0 done): 109,715 obs, 7,636 on-ag
  chunk 151/390 (0 done): 43,033 obs, 2,676 on-ag
  chunk 152/390 (0 done): 49,234 obs, 887 on-ag
  chunk 153/390 (0 done): 23,055 obs, 81 on-ag
  chunk 154/390 (0 done): 5,221 obs, 49 on-ag
  chunk 155/390 (0 done): 51,101 obs, 798 on-ag
  chunk 156/390 (0 done): 14,860 obs, 3,216 on-ag
  chunk 157/390 (0 done): 78,569 obs, 21 on-ag
  chunk 158/390 (0 done): 221,024 obs, 572 on-ag
  chunk 159/390 (0 done): 250,846 obs, 1,873 on-ag
  chunk 160/390 (0 done): 143,145 obs, 653 on-ag
  chunk 161/390 (0 done): 67,796 obs, 2,008 on-ag
  chunk 162/390 (0 done): 26,484 obs, 564 on-ag
  chunk 163/390 (0 done): 50,778 obs, 1,604 on-ag
  chunk 164/390 (0 done): 54,266 obs, 803 on-ag
  chunk 165/390 (0 done): 58,822 obs, 2,822 on-ag
  chunk 166/390 (0 done): 51,013 obs, 277 on-ag
  chunk 167/390 (0 done): 20,219 obs, 478 on-ag
  chunk 168/390 (0 done): 90,002 obs, 2,802 on-ag
  chunk 169/390 (0 done): 5,622 obs, 414 on-ag
  chunk 170/390 (0 done): 1,259,985 obs, 82,390 on-ag
  chunk 171/390 (0 done): 868,584 obs, 79,999 on-ag
  chunk 172/390 (0 done): 1,489,286 obs, 60,419 on-ag
  chunk 173/390 (0 done): 616,065 obs, 8,927 on-ag
  chunk 174/390 (0 done): 555,062 obs, 4,083 on-ag
  chunk 175/390 (0 done): 309,056 obs, 3,330 on-ag
  chunk 176/390 (0 done): 233,593 obs, 5,830 on-ag
  chunk 177/390 (0 done): 85,162 obs, 2,054 on-ag
  chunk 178/390 (0 done): 94,303 obs, 3,814 on-ag
  chunk 179/390 (0 done): 53,028 obs, 7,135 on-ag
  chunk 180/390 (0 done): 41,328 obs, 5,432 on-ag
  chunk 181/390 (0 done): 104,989 obs, 11,558 on-ag
  chunk 182/390 (0 done): 3,096 obs, 988 on-ag
  chunk 183/390 (0 done): 26 obs, 0 on-ag
  chunk 184/390 (0 done): 120,564 obs, 2,940 on-ag
  chunk 185/390 (0 done): 1,476,419 obs, 142,316 on-ag
  chunk 186/390 (0 done): 345,900 obs, 67,166 on-ag
  chunk 187/390 (0 done): 629,291 obs, 26,876 on-ag
  chunk 188/390 (0 done): 168,547 obs, 17,838 on-ag
  chunk 189/390 (0 done): 93,180 obs, 11,921 on-ag
  chunk 190/390 (0 done): 407,045 obs, 54,327 on-ag
  chunk 191/390 (0 done): 403,415 obs, 24,586 on-ag
  chunk 192/390 (0 done): 144,393 obs, 23,271 on-ag
  chunk 193/390 (0 done): 124,112 obs, 15,833 on-ag
  chunk 194/390 (0 done): 181,669 obs, 27,064 on-ag
  chunk 195/390 (0 done): 10,400 obs, 819 on-ag
  chunk 196/390 (0 done): 33 obs, 0 on-ag
  chunk 197/390 (0 done): 1,042 obs, 0 on-ag
  chunk 198/390 (0 done): 1,022,486 obs, 48,690 on-ag
  chunk 199/390 (0 done): 200,105 obs, 33,598 on-ag
  chunk 200/390 (0 done): 136,567 obs, 7,990 on-ag
  chunk 201/390 (0 done): 312,341 obs, 45,853 on-ag
  chunk 202/390 (0 done): 267,046 obs, 53,140 on-ag
  chunk 203/390 (0 done): 491,882 obs, 78,257 on-ag
  chunk 204/390 (0 done): 273,775 obs, 40,569 on-ag
  chunk 205/390 (0 done): 158,405 obs, 27,348 on-ag
  chunk 206/390 (0 done): 1,427,003 obs, 117,382 on-ag
  chunk 207/390 (0 done): 104,421 obs, 2,404 on-ag
  chunk 208/390 (0 done): 5,833 obs, 45 on-ag
  chunk 209/390 (0 done): 23 obs, 0 on-ag
  chunk 210/390 (0 done): 388 obs, 0 on-ag
  chunk 211/390 (0 done): 322,818 obs, 27,050 on-ag
  chunk 212/390 (0 done): 144,923 obs, 25,491 on-ag
  chunk 213/390 (0 done): 118,241 obs, 12,934 on-ag
  chunk 214/390 (0 done): 330,325 obs, 60,457 on-ag
  chunk 215/390 (0 done): 144,594 obs, 36,724 on-ag
  chunk 216/390 (0 done): 282,199 obs, 40,171 on-ag
  chunk 217/390 (0 done): 267,504 obs, 36,168 on-ag
  chunk 218/390 (0 done): 360,798 obs, 63,455 on-ag
  chunk 219/390 (0 done): 705,731 obs, 92,431 on-ag
  chunk 220/390 (0 done): 399,865 obs, 5,221 on-ag
  chunk 221/390 (0 done): 1,044 obs, 0 on-ag
  chunk 222/390 (0 done): 25 obs, 0 on-ag
  chunk 223/390 (0 done): 206 obs, 0 on-ag
  chunk 224/390 (0 done): 554,313 obs, 6,121 on-ag
  chunk 225/390 (0 done): 162,245 obs, 13,451 on-ag
  chunk 226/390 (0 done): 90,085 obs, 17,173 on-ag
  chunk 227/390 (0 done): 333,070 obs, 79,536 on-ag
  chunk 228/390 (0 done): 411,978 obs, 61,793 on-ag
  chunk 229/390 (0 done): 916,324 obs, 68,419 on-ag
  chunk 230/390 (0 done): 563,552 obs, 97,839 on-ag
  chunk 231/390 (0 done): 1,228,118 obs, 219,561 on-ag
  chunk 232/390 (0 done): 333,466 obs, 32,106 on-ag
  chunk 233/390 (0 done): 121,319 obs, 3,496 on-ag
  chunk 234/390 (0 done): 0 obs, 0 on-ag
  chunk 235/390 (0 done): 9 obs, 0 on-ag
  chunk 236/390 (0 done): 347 obs, 0 on-ag
  chunk 237/390 (0 done): 458,556 obs, 4,662 on-ag
  chunk 238/390 (0 done): 202,919 obs, 8,311 on-ag
  chunk 239/390 (0 done): 183,260 obs, 25,004 on-ag
  chunk 240/390 (0 done): 361,887 obs, 85,361 on-ag
  chunk 241/390 (0 done): 442,109 obs, 48,872 on-ag
  chunk 242/390 (0 done): 540,773 obs, 76,137 on-ag
  chunk 243/390 (0 done): 2,984,776 obs, 198,080 on-ag
  chunk 244/390 (0 done): 1,480,992 obs, 130,894 on-ag
  chunk 245/390 (0 done): 415,460 obs, 17,901 on-ag
  chunk 246/390 (0 done): 103,373 obs, 197 on-ag
  chunk 247/390 (0 done): 0 obs, 0 on-ag
  chunk 248/390 (0 done): 42 obs, 0 on-ag
  chunk 249/390 (0 done): 53 obs, 0 on-ag
  chunk 250/390 (0 done): 147,001 obs, 639 on-ag
  chunk 251/390 (0 done): 212,802 obs, 23,996 on-ag
  chunk 252/390 (0 done): 380,602 obs, 45,186 on-ag
  chunk 253/390 (0 done): 999,973 obs, 124,882 on-ag
  chunk 254/390 (0 done): 475,920 obs, 123,218 on-ag
  chunk 255/390 (0 done): 1,008,252 obs, 98,939 on-ag
  chunk 256/390 (0 done): 952,622 obs, 103,963 on-ag
  chunk 257/390 (0 done): 832,650 obs, 52,149 on-ag
  chunk 258/390 (0 done): 349,322 obs, 16,698 on-ag
  chunk 259/390 (0 done): 25,547 obs, 1 on-ag
  chunk 260/390 (0 done): 0 obs, 0 on-ag
  chunk 261/390 (0 done): 276 obs, 0 on-ag
  chunk 262/390 (0 done): 656 obs, 0 on-ag
  chunk 263/390 (0 done): 495,311 obs, 26,952 on-ag
  chunk 264/390 (0 done): 375,015 obs, 76,434 on-ag
  chunk 265/390 (0 done): 1,443,871 obs, 120,659 on-ag
  chunk 266/390 (0 done): 948,873 obs, 169,651 on-ag
  chunk 267/390 (0 done): 341,471 obs, 81,024 on-ag
  chunk 268/390 (0 done): 1,480,958 obs, 260,077 on-ag
  chunk 269/390 (0 done): 2,544,253 obs, 255,030 on-ag
  chunk 270/390 (0 done): 1,076,257 obs, 67,703 on-ag
  chunk 271/390 (0 done): 255,772 obs, 13,350 on-ag
  chunk 272/390 (0 done): 43,053 obs, 0 on-ag
  chunk 273/390 (0 done): 0 obs, 0 on-ag
  chunk 274/390 (0 done): 543,596 obs, 4,531 on-ag
  chunk 275/390 (0 done): 2,536,555 obs, 79,267 on-ag
  chunk 276/390 (0 done): 2,308,430 obs, 222,282 on-ag
  chunk 277/390 (0 done): 559,884 obs, 11,881 on-ag
  chunk 278/390 (0 done): 401,629 obs, 19,566 on-ag
  chunk 279/390 (0 done): 1,328,125 obs, 153,270 on-ag
  chunk 280/390 (0 done): 287,272 obs, 20,772 on-ag
  chunk 281/390 (0 done): 893,344 obs, 100,719 on-ag
  chunk 282/390 (0 done): 1,940,730 obs, 165,513 on-ag
  chunk 283/390 (0 done): 230,490 obs, 14,778 on-ag
  chunk 284/390 (0 done): 4 obs, 0 on-ag
  chunk 285/390 (0 done): 0 obs, 0 on-ag
  chunk 286/390 (0 done): 0 obs, 0 on-ag
  chunk 287/390 (0 done): 935,568 obs, 33,744 on-ag
  chunk 288/390 (0 done): 905,869 obs, 61,651 on-ag
  chunk 289/390 (0 done): 311,107 obs, 62,684 on-ag
  chunk 290/390 (0 done): 315,899 obs, 208 on-ag
  chunk 291/390 (0 done): 859,533 obs, 45,123 on-ag
  chunk 292/390 (0 done): 1,481,067 obs, 114,557 on-ag
  chunk 293/390 (0 done): 775,460 obs, 104,348 on-ag
  chunk 294/390 (0 done): 885,060 obs, 74,022 on-ag
  chunk 295/390 (0 done): 1,096,355 obs, 119,435 on-ag
  chunk 296/390 (0 done): 81,414 obs, 1,316 on-ag
  chunk 297/390 (0 done): 0 obs, 0 on-ag
  chunk 298/390 (0 done): 0 obs, 0 on-ag
  chunk 299/390 (0 done): 0 obs, 0 on-ag
  chunk 300/390 (0 done): 0 obs, 0 on-ag
  chunk 301/390 (0 done): 1 obs, 0 on-ag
  chunk 302/390 (0 done): 16 obs, 0 on-ag
  chunk 303/390 (0 done): 91 obs, 0 on-ag
  chunk 304/390 (0 done): 309,542 obs, 2,222 on-ag
  chunk 305/390 (0 done): 1,187,105 obs, 101,550 on-ag
  chunk 306/390 (0 done): 1,076,444 obs, 132,154 on-ag
  chunk 307/390 (0 done): 3,415,311 obs, 379,843 on-ag
  chunk 308/390 (0 done): 809,652 obs, 112,508 on-ag
  chunk 309/390 (0 done): 1,118,708 obs, 147,929 on-ag
  chunk 310/390 (0 done): 0 obs, 0 on-ag
  chunk 311/390 (0 done): 0 obs, 0 on-ag
  chunk 312/390 (0 done): 0 obs, 0 on-ag
  chunk 313/390 (0 done): 0 obs, 0 on-ag
  chunk 314/390 (0 done): 0 obs, 0 on-ag
  chunk 315/390 (0 done): 0 obs, 0 on-ag
  chunk 316/390 (0 done): 2 obs, 0 on-ag
  chunk 317/390 (0 done): 119 obs, 0 on-ag
  chunk 318/390 (0 done): 619,208 obs, 13,320 on-ag
  chunk 319/390 (0 done): 1,592,361 obs, 70,708 on-ag
  chunk 320/390 (0 done): 6,282,198 obs, 592,486 on-ag
  chunk 321/390 (0 done): 1,887,260 obs, 262,665 on-ag
  chunk 322/390 (0 done): 942,412 obs, 150,725 on-ag
  chunk 323/390 (0 done): 36,957 obs, 2,334 on-ag
  chunk 324/390 (0 done): 0 obs, 0 on-ag
  chunk 325/390 (0 done): 0 obs, 0 on-ag
  chunk 326/390 (0 done): 0 obs, 0 on-ag
  chunk 327/390 (0 done): 0 obs, 0 on-ag
  chunk 328/390 (0 done): 0 obs, 0 on-ag
  chunk 329/390 (0 done): 7 obs, 0 on-ag
  chunk 330/390 (0 done): 2 obs, 0 on-ag
  chunk 331/390 (0 done): 1,451 obs, 0 on-ag
  chunk 332/390 (0 done): 15,539 obs, 0 on-ag
  chunk 333/390 (0 done): 2,508,444 obs, 128,154 on-ag
  chunk 334/390 (0 done): 5,553,882 obs, 255,220 on-ag
  chunk 335/390 (0 done): 1,294,588 obs, 168,324 on-ag
  chunk 336/390 (0 done): 238,680 obs, 23,752 on-ag
  chunk 337/390 (0 done): 0 obs, 0 on-ag
  chunk 338/390 (0 done): 0 obs, 0 on-ag
  chunk 339/390 (0 done): 0 obs, 0 on-ag
  chunk 340/390 (0 done): 0 obs, 0 on-ag
  chunk 341/390 (0 done): 0 obs, 0 on-ag
  chunk 342/390 (0 done): 0 obs, 0 on-ag
  chunk 343/390 (0 done): 22 obs, 0 on-ag
  chunk 344/390 (0 done): 30 obs, 0 on-ag
  chunk 345/390 (0 done): 125 obs, 0 on-ag
  chunk 346/390 (0 done): 7,146 obs, 0 on-ag
  chunk 347/390 (0 done): 4,375,729 obs, 315,767 on-ag
  chunk 348/390 (0 done): 1,733,831 obs, 170,773 on-ag
  chunk 349/390 (0 done): 159,886 obs, 15,276 on-ag
  chunk 350/390 (0 done): 0 obs, 0 on-ag
  chunk 351/390 (0 done): 0 obs, 0 on-ag
  chunk 352/390 (0 done): 0 obs, 0 on-ag
  chunk 353/390 (0 done): 0 obs, 0 on-ag
  chunk 354/390 (0 done): 0 obs, 0 on-ag
  chunk 355/390 (0 done): 0 obs, 0 on-ag
  chunk 356/390 (0 done): 0 obs, 0 on-ag
  chunk 357/390 (0 done): 0 obs, 0 on-ag
  chunk 358/390 (0 done): 27 obs, 0 on-ag
  chunk 359/390 (0 done): 3,023 obs, 0 on-ag
  chunk 360/390 (0 done): 1,375,993 obs, 34,310 on-ag
  chunk 361/390 (0 done): 2,171,905 obs, 96,391 on-ag
  chunk 362/390 (0 done): 134,207 obs, 8,949 on-ag
  chunk 363/390 (0 done): 1,981 obs, 0 on-ag
  chunk 364/390 (0 done): 0 obs, 0 on-ag
  chunk 365/390 (0 done): 0 obs, 0 on-ag
  chunk 366/390 (0 done): 0 obs, 0 on-ag
  chunk 367/390 (0 done): 0 obs, 0 on-ag
  chunk 368/390 (0 done): 0 obs, 0 on-ag
  chunk 369/390 (0 done): 0 obs, 0 on-ag
  chunk 370/390 (0 done): 0 obs, 0 on-ag
  chunk 371/390 (0 done): 0 obs, 0 on-ag
  chunk 372/390 (0 done): 244 obs, 0 on-ag
  chunk 373/390 (0 done): 610 obs, 0 on-ag
  chunk 374/390 (0 done): 339,526 obs, 6,540 on-ag
  chunk 375/390 (0 done): 233,785 obs, 18,821 on-ag
  chunk 376/390 (0 done): 27,979 obs, 4,148 on-ag
  chunk 377/390 (0 done): 0 obs, 0 on-ag
  chunk 378/390 (0 done): 0 obs, 0 on-ag
  chunk 379/390 (0 done): 0 obs, 0 on-ag
  chunk 380/390 (0 done): 0 obs, 0 on-ag
  chunk 381/390 (0 done): 0 obs, 0 on-ag
  chunk 382/390 (0 done): 0 obs, 0 on-ag
  chunk 383/390 (0 done): 0 obs, 0 on-ag
  chunk 384/390 (0 done): 0 obs, 0 on-ag
  chunk 385/390 (0 done): 2 obs, 0 on-ag
  chunk 386/390 (0 done): 8 obs, 0 on-ag
  chunk 387/390 (0 done): 0 obs, 0 on-ag
  chunk 388/390 (0 done): 19,745 obs, 5,121 on-ag
  chunk 389/390 (0 done): 0 obs, 0 on-ag
  chunk 390/390 (0 done): 0 obs, 0 on-ag
Traceback (most recent call last):
  File "<project>/replication/reproduce_disparity_pointmethod.py", line 198, in <module>
  File "<project>/replication/reproduce_disparity_pointmethod.py", line 184, in main
  File "<site-packages>/pandas/core/reshape/concat.py", line 382, in concat
    op = _Concatenator(
  File "<site-packages>/pandas/core/reshape/concat.py", line 445, in __init__
    objs, keys = self._clean_keys_and_objs(objs, keys)
  File "<site-packages>/pandas/core/reshape/concat.py", line 507, in _clean_keys_and_objs
    raise ValueError("No objects to concatenate")
ValueError: No objects to concatenate
