YEAR 2018 | zoom 12 (~19 m cells) | BINARY point classification (matches v1 30 m)
Earth Engine: computing CONUS farmland share ...
  farmland 1,936,895 km^2 of 8,080,060 km^2 land  => 23.97% of CONUS
GBIF x NLCD overlay: 390 chunks @ zoom 12  (resumable in ~/.csotf_pointmethod_ckpt)
  chunk 1/390 (1 done): 0 obs, 0 on-ag
  chunk 2/390 (2 done): 0 obs, 0 on-ag
  chunk 3/390 (3 done): 0 obs, 0 on-ag
  chunk 4/390 (4 done): 65 obs, 0 on-ag
  chunk 5/390 (5 done): 116 obs, 0 on-ag
  chunk 6/390 (6 done): 269 obs, 0 on-ag
  chunk 7/390 (7 done): 171,437 obs, 115 on-ag
  chunk 8/390 (8 done): 170,128 obs, 3,883 on-ag
  chunk 9/390 (9 done): 298,881 obs, 18,607 on-ag
  chunk 10/390 (10 done): 469,170 obs, 85,042 on-ag
  chunk 11/390 (11 done): 707,971 obs, 98,075 on-ag
  chunk 12/390 (12 done): 306,053 obs, 24,002 on-ag
  chunk 13/390 (13 done): 37,015 obs, 3,537 on-ag
  chunk 14/390 (14 done): 0 obs, 0 on-ag
  chunk 15/390 (15 done): 0 obs, 0 on-ag
  chunk 16/390 (16 done): 0 obs, 0 on-ag
  chunk 17/390 (17 done): 192 obs, 0 on-ag
  chunk 18/390 (18 done): 2,050 obs, 0 on-ag
  chunk 19/390 (19 done): 198,667 obs, 455 on-ag
  chunk 20/390 (20 done): 3,197,801 obs, 181,493 on-ag
  chunk 21/390 (21 done): 794,267 obs, 175,030 on-ag
  chunk 22/390 (22 done): 220,473 obs, 22,371 on-ag
  chunk 23/390 (23 done): 232,031 obs, 8,248 on-ag
  chunk 24/390 (24 done): 772,877 obs, 110,493 on-ag
  chunk 25/390 (25 done): 1,365,683 obs, 105,956 on-ag
  chunk 26/390 (26 done): 170,321 obs, 17,064 on-ag
  chunk 27/390 (27 done): 0 obs, 0 on-ag
  chunk 28/390 (28 done): 0 obs, 0 on-ag
  chunk 29/390 (29 done): 0 obs, 0 on-ag
  chunk 30/390 (30 done): 1,066 obs, 0 on-ag
  chunk 31/390 (31 done): 396,190 obs, 5,689 on-ag
  chunk 32/390 (32 done): 404,146 obs, 17,551 on-ag
  chunk 33/390 (33 done): 335,399 obs, 12,581 on-ag
  chunk 34/390 (34 done): 263,269 obs, 5,810 on-ag
  chunk 35/390 (35 done): 29,108 obs, 1,067 on-ag
  chunk 36/390 (36 done): 79,534 obs, 2,885 on-ag
  chunk 37/390 (37 done): 106,897 obs, 13,652 on-ag
  chunk 38/390 (38 done): 224,288 obs, 13,873 on-ag
  chunk 39/390 (39 done): 19,256 obs, 178 on-ag
  chunk 40/390 (40 done): 0 obs, 0 on-ag
  chunk 41/390 (41 done): 0 obs, 0 on-ag
  chunk 42/390 (42 done): 0 obs, 0 on-ag
  chunk 43/390 (43 done): 5,315 obs, 18 on-ag
  chunk 44/390 (44 done): 2,248,358 obs, 10,572 on-ag
  chunk 45/390 (45 done): 234,664 obs, 10,834 on-ag
  chunk 46/390 (46 done): 102,993 obs, 6,959 on-ag
  chunk 47/390 (47 done): 13,545 obs, 372 on-ag
  chunk 48/390 (48 done): 9,761 obs, 2,135 on-ag
  chunk 49/390 (49 done): 80,075 obs, 1,526 on-ag
  chunk 50/390 (50 done): 168,011 obs, 17,648 on-ag
  chunk 51/390 (51 done): 135,117 obs, 12,943 on-ag
  chunk 52/390 (52 done): 14,058 obs, 840 on-ag
  chunk 53/390 (53 done): 0 obs, 0 on-ag
  chunk 54/390 (54 done): 0 obs, 0 on-ag
  chunk 55/390 (55 done): 0 obs, 0 on-ag
  chunk 56/390 (56 done): 103 obs, 0 on-ag
  chunk 57/390 (57 done): 532,064 obs, 26,173 on-ag
  chunk 58/390 (58 done): 163,024 obs, 611 on-ag
  chunk 59/390 (59 done): 12,960 obs, 82 on-ag
  chunk 60/390 (60 done): 6,830 obs, 38 on-ag
  chunk 61/390 (61 done): 13,919 obs, 85 on-ag
  chunk 62/390 (62 done): 205,132 obs, 12,701 on-ag
  chunk 63/390 (63 done): 46,795 obs, 1,031 on-ag
  chunk 64/390 (64 done): 74,472 obs, 6,632 on-ag
  chunk 65/390 (65 done): 12,898 obs, 494 on-ag
  chunk 66/390 (66 done): 0 obs, 0 on-ag
  chunk 67/390 (67 done): 0 obs, 0 on-ag
  chunk 68/390 (68 done): 0 obs, 0 on-ag
  chunk 69/390 (69 done): 3,490 obs, 195 on-ag
  chunk 70/390 (70 done): 83,756 obs, 5,555 on-ag
  chunk 71/390 (71 done): 110,751 obs, 189 on-ag
  chunk 72/390 (72 done): 86,162 obs, 1,814 on-ag
  chunk 73/390 (73 done): 12,122 obs, 310 on-ag
  chunk 74/390 (74 done): 40,330 obs, 3,002 on-ag
  chunk 75/390 (75 done): 60,953 obs, 6,701 on-ag
  chunk 76/390 (76 done): 35,832 obs, 1,887 on-ag
  chunk 77/390 (77 done): 192,693 obs, 14,015 on-ag
  chunk 78/390 (78 done): 28,509 obs, 59 on-ag
  chunk 79/390 (79 done): 0 obs, 0 on-ag
  chunk 80/390 (80 done): 0 obs, 0 on-ag
  chunk 81/390 (81 done): 0 obs, 0 on-ag
  chunk 82/390 (82 done): 503,209 obs, 6,529 on-ag
  chunk 83/390 (83 done): 585,133 obs, 80,823 on-ag
  chunk 84/390 (84 done): 294,132 obs, 6,139 on-ag
  chunk 85/390 (85 done): 50,836 obs, 1,474 on-ag
  chunk 86/390 (86 done): 110,571 obs, 14,390 on-ag
  chunk 87/390 (87 done): 400,344 obs, 20,420 on-ag
  chunk 88/390 (88 done): 66,047 obs, 3,840 on-ag
  chunk 89/390 (89 done): 152,741 obs, 5,110 on-ag
  chunk 90/390 (90 done): 78,627 obs, 1,491 on-ag
  chunk 91/390 (91 done): 10,857 obs, 1,045 on-ag
  chunk 92/390 (92 done): 0 obs, 0 on-ag
  chunk 93/390 (93 done): 0 obs, 0 on-ag
  chunk 94/390 (94 done): 0 obs, 0 on-ag
  chunk 95/390 (95 done): 1,173,751 obs, 1,170 on-ag
  chunk 96/390 (96 done): 94,117 obs, 727 on-ag
  chunk 97/390 (97 done): 19,939 obs, 143 on-ag
  chunk 98/390 (98 done): 17,811 obs, 2,702 on-ag
  chunk 99/390 (99 done): 45,449 obs, 7,648 on-ag
  chunk 100/390 (100 done): 19,451 obs, 319 on-ag
  chunk 101/390 (101 done): 52,101 obs, 467 on-ag
  chunk 102/390 (102 done): 68,083 obs, 2,587 on-ag
  chunk 103/390 (103 done): 9,163 obs, 318 on-ag
  chunk 104/390 (104 done): 2,088 obs, 154 on-ag
  chunk 105/390 (105 done): 0 obs, 0 on-ag
  chunk 106/390 (106 done): 0 obs, 0 on-ag
  chunk 107/390 (107 done): 0 obs, 0 on-ag
  chunk 108/390 (108 done): 36,062 obs, 123 on-ag
  chunk 109/390 (109 done): 65,213 obs, 397 on-ag
  chunk 110/390 (110 done): 11,771 obs, 444 on-ag
  chunk 111/390 (111 done): 129,146 obs, 8,964 on-ag
  chunk 112/390 (112 done): 126,173 obs, 11,314 on-ag
  chunk 113/390 (113 done): 17,895 obs, 3,245 on-ag
  chunk 114/390 (114 done): 43,459 obs, 1,109 on-ag
  chunk 115/390 (115 done): 53,656 obs, 3,997 on-ag
  chunk 116/390 (116 done): 23,609 obs, 196 on-ag
  chunk 117/390 (117 done): 2,887 obs, 9 on-ag
  chunk 118/390 (118 done): 0 obs, 0 on-ag
  chunk 119/390 (119 done): 0 obs, 0 on-ag
  chunk 120/390 (120 done): 0 obs, 0 on-ag
  chunk 121/390 (121 done): 84,664 obs, 3,580 on-ag
  chunk 122/390 (122 done): 114,881 obs, 1,563 on-ag
  chunk 123/390 (123 done): 436,391 obs, 71,858 on-ag
  chunk 124/390 (124 done): 91,446 obs, 2,127 on-ag
  chunk 125/390 (125 done): 937,501 obs, 3,844 on-ag
  chunk 126/390 (126 done): 229,331 obs, 1,603 on-ag
  chunk 127/390 (127 done): 28,153 obs, 203 on-ag
  chunk 128/390 (128 done): 13,081 obs, 1,704 on-ag
  chunk 129/390 (129 done): 7,586 obs, 55 on-ag
  chunk 130/390 (130 done): 1,224 obs, 31 on-ag
  chunk 131/390 (131 done): 0 obs, 0 on-ag
  chunk 132/390 (132 done): 0 obs, 0 on-ag
  chunk 133/390 (133 done): 81,254 obs, 11 on-ag
  chunk 134/390 (134 done): 94,459 obs, 8,804 on-ag
  chunk 135/390 (135 done): 39,750 obs, 750 on-ag
  chunk 136/390 (136 done): 15,207 obs, 120 on-ag
  chunk 137/390 (137 done): 138,388 obs, 349 on-ag
  chunk 138/390 (138 done): 617,308 obs, 9,075 on-ag
  chunk 139/390 (139 done): 155,103 obs, 4,822 on-ag
  chunk 140/390 (140 done): 41,476 obs, 152 on-ag
  chunk 141/390 (141 done): 14,343 obs, 73 on-ag
  chunk 142/390 (142 done): 31,492 obs, 703 on-ag
  chunk 143/390 (143 done): 12,195 obs, 101 on-ag
  chunk 144/390 (144 done): 0 obs, 0 on-ag
  chunk 145/390 (145 done): 0 obs, 0 on-ag
  chunk 146/390 (146 done): 31,565 obs, 1 on-ag
  chunk 147/390 (147 done): 55,034 obs, 164 on-ag
  chunk 148/390 (148 done): 56,691 obs, 6,550 on-ag
  chunk 149/390 (149 done): 27,947 obs, 572 on-ag
  chunk 150/390 (150 done): 89,932 obs, 7,844 on-ag
  chunk 151/390 (151 done): 41,826 obs, 1,772 on-ag
  chunk 152/390 (152 done): 37,400 obs, 1,124 on-ag
  chunk 153/390 (153 done): 16,864 obs, 219 on-ag
  chunk 154/390 (154 done): 4,683 obs, 148 on-ag
  chunk 155/390 (155 done): 40,738 obs, 776 on-ag
  chunk 156/390 (156 done): 14,467 obs, 1,561 on-ag
  chunk 157/390 (157 done): 4,431 obs, 1 on-ag
  chunk 158/390 (158 done): 96,593 obs, 667 on-ag
  chunk 159/390 (159 done): 154,292 obs, 571 on-ag
  chunk 160/390 (160 done): 68,268 obs, 273 on-ag
  chunk 161/390 (161 done): 25,937 obs, 1,147 on-ag
  chunk 162/390 (162 done): 19,038 obs, 416 on-ag
  chunk 163/390 (163 done): 42,991 obs, 1,301 on-ag
  chunk 164/390 (164 done): 25,809 obs, 1,976 on-ag
  chunk 165/390 (165 done): 26,851 obs, 309 on-ag
  chunk 166/390 (166 done): 28,392 obs, 182 on-ag
  chunk 167/390 (167 done): 12,033 obs, 493 on-ag
  chunk 168/390 (168 done): 68,633 obs, 2,269 on-ag
  chunk 169/390 (169 done): 10,509 obs, 494 on-ag
  chunk 170/390 (170 done): 860,710 obs, 61,464 on-ag
  chunk 171/390 (171 done): 365,240 obs, 29,958 on-ag
  chunk 172/390 (172 done): 860,157 obs, 58,372 on-ag
  chunk 173/390 (173 done): 317,811 obs, 4,262 on-ag
  chunk 174/390 (174 done): 291,321 obs, 5,366 on-ag
  chunk 175/390 (175 done): 190,571 obs, 5,678 on-ag
  chunk 176/390 (176 done): 162,792 obs, 3,191 on-ag
  chunk 177/390 (177 done): 48,505 obs, 1,338 on-ag
  chunk 178/390 (178 done): 45,690 obs, 2,678 on-ag
  chunk 179/390 (179 done): 39,221 obs, 5,393 on-ag
  chunk 180/390 (180 done): 28,155 obs, 4,036 on-ag
  chunk 181/390 (181 done): 60,362 obs, 5,438 on-ag
  chunk 182/390 (182 done): 837 obs, 201 on-ag
  chunk 183/390 (183 done): 1,051 obs, 0 on-ag
  chunk 184/390 (184 done): 81,448 obs, 1,024 on-ag
  chunk 185/390 (185 done): 702,695 obs, 53,634 on-ag
  chunk 186/390 (186 done): 129,096 obs, 19,747 on-ag
  chunk 187/390 (187 done): 330,741 obs, 15,544 on-ag
  chunk 188/390 (188 done): 64,065 obs, 6,428 on-ag
  chunk 189/390 (189 done): 59,843 obs, 10,596 on-ag
  chunk 190/390 (190 done): 290,097 obs, 57,550 on-ag
  chunk 191/390 (191 done): 514,974 obs, 13,354 on-ag
  chunk 192/390 (192 done): 82,303 obs, 16,851 on-ag
  chunk 193/390 (193 done): 96,981 obs, 21,211 on-ag
  chunk 194/390 (194 done): 96,675 obs, 27,533 on-ag
  chunk 195/390 (195 done): 11,016 obs, 696 on-ag
  chunk 196/390 (196 done): 27 obs, 0 on-ag
  chunk 197/390 (197 done): 7,998 obs, 0 on-ag
  chunk 198/390 (198 done): 636,227 obs, 48,771 on-ag
  chunk 199/390 (199 done): 111,023 obs, 12,566 on-ag
  chunk 200/390 (200 done): 84,228 obs, 8,003 on-ag
  chunk 201/390 (201 done): 128,819 obs, 20,773 on-ag
  chunk 202/390 (202 done): 152,092 obs, 29,367 on-ag
  chunk 203/390 (203 done): 307,906 obs, 48,709 on-ag
  chunk 204/390 (204 done): 149,433 obs, 26,249 on-ag
  chunk 205/390 (205 done): 108,002 obs, 22,287 on-ag
  chunk 206/390 (206 done): 593,585 obs, 64,905 on-ag
  chunk 207/390 (207 done): 48,416 obs, 1,615 on-ag
  chunk 208/390 (208 done): 3,580 obs, 32 on-ag
  chunk 209/390 (209 done): 100 obs, 0 on-ag
  chunk 210/390 (210 done): 5,203 obs, 0 on-ag
  chunk 211/390 (211 done): 148,157 obs, 16,076 on-ag
  chunk 212/390 (212 done): 82,983 obs, 8,795 on-ag
  chunk 213/390 (213 done): 58,657 obs, 8,521 on-ag
  chunk 214/390 (214 done): 144,987 obs, 21,759 on-ag
  chunk 215/390 (215 done): 58,498 obs, 10,319 on-ag
  chunk 216/390 (216 done): 203,704 obs, 28,682 on-ag
  chunk 217/390 (217 done): 141,777 obs, 19,366 on-ag
  chunk 218/390 (218 done): 182,702 obs, 25,594 on-ag
  chunk 219/390 (219 done): 366,439 obs, 43,123 on-ag
  chunk 220/390 (220 done): 186,517 obs, 4,273 on-ag
  chunk 221/390 (221 done): 339 obs, 0 on-ag
  chunk 222/390 (222 done): 22 obs, 0 on-ag
  chunk 223/390 (223 done): 700 obs, 0 on-ag
  chunk 224/390 (224 done): 301,937 obs, 3,441 on-ag
  chunk 225/390 (225 done): 103,506 obs, 13,260 on-ag
  chunk 226/390 (226 done): 53,173 obs, 8,115 on-ag
  chunk 227/390 (227 done): 182,083 obs, 47,978 on-ag
  chunk 228/390 (228 done): 255,082 obs, 44,355 on-ag
  chunk 229/390 (229 done): 444,117 obs, 48,508 on-ag
  chunk 230/390 (230 done): 258,339 obs, 44,413 on-ag
  chunk 231/390 (231 done): 582,183 obs, 107,542 on-ag
  chunk 232/390 (232 done): 191,322 obs, 16,202 on-ag
  chunk 233/390 (233 done): 53,059 obs, 712 on-ag
  chunk 234/390 (234 done): 0 obs, 0 on-ag
  chunk 235/390 (235 done): 14 obs, 0 on-ag
  chunk 236/390 (236 done): 397 obs, 0 on-ag
  chunk 237/390 (237 done): 266,568 obs, 1,533 on-ag
  chunk 238/390 (238 done): 141,730 obs, 7,496 on-ag
  chunk 239/390 (239 done): 141,968 obs, 20,276 on-ag
  chunk 240/390 (240 done): 201,325 obs, 60,424 on-ag
  chunk 241/390 (241 done): 246,663 obs, 38,982 on-ag
  chunk 242/390 (242 done): 265,495 obs, 42,380 on-ag
  chunk 243/390 (243 done): 1,455,998 obs, 115,813 on-ag
  chunk 244/390 (244 done): 708,228 obs, 75,065 on-ag
  chunk 245/390 (245 done): 225,633 obs, 11,660 on-ag
  chunk 246/390 (246 done): 75,960 obs, 225 on-ag
  chunk 247/390 (247 done): 0 obs, 0 on-ag
  chunk 248/390 (248 done): 12 obs, 0 on-ag
  chunk 249/390 (249 done): 248 obs, 0 on-ag
  chunk 250/390 (250 done): 60,431 obs, 1,267 on-ag
  chunk 251/390 (251 done): 104,153 obs, 14,128 on-ag
  chunk 252/390 (252 done): 170,820 obs, 25,454 on-ag
  chunk 253/390 (253 done): 423,616 obs, 74,184 on-ag
  chunk 254/390 (254 done): 229,371 obs, 35,444 on-ag
  chunk 255/390 (255 done): 508,012 obs, 57,796 on-ag
  chunk 256/390 (256 done): 658,953 obs, 76,045 on-ag
  chunk 257/390 (257 done): 419,126 obs, 35,095 on-ag
  chunk 258/390 (258 done): 193,786 obs, 8,897 on-ag
  chunk 259/390 (259 done): 13,127 obs, 0 on-ag
  chunk 260/390 (260 done): 0 obs, 0 on-ag
  chunk 261/390 (261 done): 2,415 obs, 0 on-ag
  chunk 262/390 (262 done): 805 obs, 0 on-ag
  chunk 263/390 (263 done): 214,484 obs, 12,718 on-ag
  chunk 264/390 (264 done): 200,761 obs, 27,631 on-ag
  chunk 265/390 (265 done): 900,713 obs, 73,167 on-ag
  chunk 266/390 (266 done): 496,947 obs, 161,704 on-ag
  chunk 267/390 (267 done): 151,391 obs, 37,125 on-ag
  chunk 268/390 (268 done): 670,567 obs, 132,204 on-ag
  chunk 269/390 (269 done): 1,371,071 obs, 107,633 on-ag
  chunk 270/390 (270 done): 631,101 obs, 42,770 on-ag
  chunk 271/390 (271 done): 155,316 obs, 8,520 on-ag
  chunk 272/390 (272 done): 32,999 obs, 0 on-ag
  chunk 273/390 (273 done): 0 obs, 0 on-ag
  chunk 274/390 (274 done): 432,281 obs, 2,314 on-ag
  chunk 275/390 (275 done): 1,418,844 obs, 51,638 on-ag
  chunk 276/390 (276 done): 1,024,505 obs, 93,069 on-ag
  chunk 277/390 (277 done): 317,182 obs, 6,634 on-ag
  chunk 278/390 (278 done): 193,094 obs, 7,680 on-ag
  chunk 279/390 (279 done): 603,580 obs, 64,941 on-ag
  chunk 280/390 (280 done): 139,614 obs, 9,742 on-ag
  chunk 281/390 (281 done): 467,822 obs, 51,678 on-ag
  chunk 282/390 (282 done): 992,527 obs, 83,775 on-ag
  chunk 283/390 (283 done): 128,463 obs, 12,178 on-ag
  chunk 284/390 (284 done): 0 obs, 0 on-ag
  chunk 285/390 (285 done): 0 obs, 0 on-ag
  chunk 286/390 (286 done): 0 obs, 0 on-ag
  chunk 287/390 (287 done): 569,090 obs, 18,514 on-ag
  chunk 288/390 (288 done): 520,392 obs, 58,258 on-ag
  chunk 289/390 (289 done): 215,973 obs, 30,358 on-ag
  chunk 290/390 (290 done): 96,643 obs, 119 on-ag
  chunk 291/390 (291 done): 563,671 obs, 48,883 on-ag
  chunk 292/390 (292 done): 544,126 obs, 42,300 on-ag
  chunk 293/390 (293 done): 361,596 obs, 57,920 on-ag
  chunk 294/390 (294 done): 399,815 obs, 34,649 on-ag
  chunk 295/390 (295 done): 523,341 obs, 55,031 on-ag
  chunk 296/390 (296 done): 36,776 obs, 659 on-ag
  chunk 297/390 (297 done): 0 obs, 0 on-ag
  chunk 298/390 (298 done): 0 obs, 0 on-ag
  chunk 299/390 (299 done): 0 obs, 0 on-ag
  chunk 300/390 (300 done): 0 obs, 0 on-ag
  chunk 301/390 (301 done): 0 obs, 0 on-ag
  chunk 302/390 (302 done): 1 obs, 0 on-ag
  chunk 303/390 (303 done): 1,362 obs, 0 on-ag
  chunk 304/390 (304 done): 174,136 obs, 798 on-ag
  chunk 305/390 (305 done): 379,237 obs, 32,862 on-ag
  chunk 306/390 (306 done): 590,504 obs, 60,815 on-ag
  chunk 307/390 (307 done): 1,554,657 obs, 185,136 on-ag
  chunk 308/390 (308 done): 411,257 obs, 67,766 on-ag
  chunk 309/390 (309 done): 592,860 obs, 88,432 on-ag
  chunk 310/390 (310 done): 0 obs, 0 on-ag
  chunk 311/390 (311 done): 0 obs, 0 on-ag
  chunk 312/390 (312 done): 0 obs, 0 on-ag
  chunk 313/390 (313 done): 0 obs, 0 on-ag
  chunk 314/390 (314 done): 0 obs, 0 on-ag
  chunk 315/390 (315 done): 0 obs, 0 on-ag
  chunk 316/390 (316 done): 321 obs, 0 on-ag
  chunk 317/390 (317 done): 4,833 obs, 0 on-ag
  chunk 318/390 (318 done): 411,434 obs, 8,007 on-ag
  chunk 319/390 (319 done): 910,989 obs, 45,226 on-ag
  chunk 320/390 (320 done): 3,290,250 obs, 397,001 on-ag
  chunk 321/390 (321 done): 1,102,921 obs, 155,581 on-ag
  chunk 322/390 (322 done): 557,666 obs, 93,039 on-ag
  chunk 323/390 (323 done): 17,242 obs, 1,231 on-ag
  chunk 324/390 (324 done): 0 obs, 0 on-ag
  chunk 325/390 (325 done): 0 obs, 0 on-ag
  chunk 326/390 (326 done): 0 obs, 0 on-ag
  chunk 327/390 (327 done): 0 obs, 0 on-ag
  chunk 328/390 (328 done): 0 obs, 0 on-ag
  chunk 329/390 (329 done): 2 obs, 0 on-ag
  chunk 330/390 (330 done): 4 obs, 0 on-ag
  chunk 331/390 (331 done): 3,335 obs, 0 on-ag
  chunk 332/390 (332 done): 7,429 obs, 0 on-ag
  chunk 333/390 (333 done): 1,346,577 obs, 77,027 on-ag
  chunk 334/390 (334 done): 2,916,521 obs, 157,830 on-ag
  chunk 335/390 (335 done): 669,241 obs, 70,759 on-ag
  chunk 336/390 (336 done): 132,517 obs, 14,412 on-ag
  chunk 337/390 (337 done): 0 obs, 0 on-ag
  chunk 338/390 (338 done): 0 obs, 0 on-ag
  chunk 339/390 (339 done): 0 obs, 0 on-ag
  chunk 340/390 (340 done): 0 obs, 0 on-ag
  chunk 341/390 (341 done): 0 obs, 0 on-ag
  chunk 342/390 (342 done): 0 obs, 0 on-ag
  chunk 343/390 (343 done): 2 obs, 0 on-ag
  chunk 344/390 (344 done): 2 obs, 0 on-ag
  chunk 345/390 (345 done): 39 obs, 0 on-ag
  chunk 346/390 (346 done): 41,346 obs, 0 on-ag
  chunk 347/390 (347 done): 2,063,245 obs, 146,348 on-ag
  chunk 348/390 (348 done): 900,012 obs, 85,649 on-ag
  chunk 349/390 (349 done): 99,029 obs, 10,761 on-ag
  chunk 350/390 (350 done): 0 obs, 0 on-ag
  chunk 351/390 (351 done): 0 obs, 0 on-ag
  chunk 352/390 (352 done): 0 obs, 0 on-ag
  chunk 353/390 (353 done): 0 obs, 0 on-ag
  chunk 354/390 (354 done): 0 obs, 0 on-ag
  chunk 355/390 (355 done): 0 obs, 0 on-ag
  chunk 356/390 (356 done): 0 obs, 0 on-ag
  chunk 357/390 (357 done): 0 obs, 0 on-ag
  chunk 358/390 (358 done): 0 obs, 0 on-ag
  chunk 359/390 (359 done): 1,458 obs, 0 on-ag
  chunk 360/390 (360 done): 772,856 obs, 20,777 on-ag
  chunk 361/390 (361 done): 1,175,940 obs, 46,159 on-ag
  chunk 362/390 (362 done): 131,195 obs, 7,171 on-ag
  chunk 363/390 (363 done): 869 obs, 11 on-ag
  chunk 364/390 (364 done): 0 obs, 0 on-ag
  chunk 365/390 (365 done): 0 obs, 0 on-ag
  chunk 366/390 (366 done): 0 obs, 0 on-ag
  chunk 367/390 (367 done): 0 obs, 0 on-ag
  chunk 368/390 (368 done): 0 obs, 0 on-ag
  chunk 369/390 (369 done): 0 obs, 0 on-ag
  chunk 370/390 (370 done): 0 obs, 0 on-ag
  chunk 371/390 (371 done): 0 obs, 0 on-ag
  chunk 372/390 (372 done): 1,629 obs, 0 on-ag
  chunk 373/390 (373 done): 7,744 obs, 0 on-ag
  chunk 374/390 (374 done): 198,985 obs, 2,446 on-ag
  chunk 375/390 (375 done): 156,736 obs, 8,762 on-ag
  chunk 376/390 (376 done): 12,185 obs, 671 on-ag
  chunk 377/390 (377 done): 0 obs, 0 on-ag
  chunk 378/390 (378 done): 0 obs, 0 on-ag
  chunk 379/390 (379 done): 0 obs, 0 on-ag
  chunk 380/390 (380 done): 0 obs, 0 on-ag
  chunk 381/390 (381 done): 0 obs, 0 on-ag
  chunk 382/390 (382 done): 0 obs, 0 on-ag
  chunk 383/390 (383 done): 0 obs, 0 on-ag
  chunk 384/390 (384 done): 0 obs, 0 on-ag
  chunk 385/390 (385 done): 0 obs, 0 on-ag
  chunk 386/390 (386 done): 160 obs, 0 on-ag
  chunk 387/390 (387 done): 0 obs, 0 on-ag
  chunk 388/390 (388 done): 12,905 obs, 4,255 on-ag
  chunk 389/390 (389 done): 0 obs, 0 on-ag
  chunk 390/390 (390 done): 0 obs, 0 on-ag

================================================================
  CONUS 2018  (point ~30 m (v1-style))
  total observations         : 77,770,241
  % observations on farmland : 8.31%
  % of CONUS that is farmland: 23.97%
  OBSERVATIONAL DISPARITY    : 2.88   (>1 => farmland under-observed)
================================================================
  saved -> <project>/replication/outputs/pointmethod_2018_z12_RESULT.csv
